06-21 17:37:56.675 I/SystemUi--NavBar( 5948): SideGestureDetector-->isInvalidEvent:false ,isMisTouchInvalidEvent = false  ,disableCui:false  ,ev:MotionEvent { action=ACTION_UP, actionButton=0, id[0]=0, x[0]=516.875, y[0]=2867.5625, toolType[0]=TOOL_TYPE_FINGER, buttonState=0, classification=NONE, metaState=0, flags=0x0, edgeFlags=0x0, pointerCount=1, historySize=0, eventTime=1471712566, downTime=1471712335, deviceId=5, source=0x1002, displayId=0, eventId=1003963787 }
06-21 17:37:56.680 I/SystemUi--QuickSettings( 5948): ShadeInteractorImpl-->isExpandToQsEnabled isShadeEnabled=true isDozing=false disableFlags=DisableFlagsModel(disable1=9568256, disable2=0, animate=true) isDeviceProvisioned=true isSimpleUserSwitcher=false isQuickSettingsEnabled=true isUserSetup=true isOplusQsEnabled=false
06-21 17:37:56.680 I/SystemUi--QuickSettings( 5948): OplusSeparateQSPluginImpl-->shouldHideStatusBar isFullyCollapsed true
06-21 17:37:56.680 I/SystemUi--Statusbar( 5948): CollapsedSbFragment-->New visibilities calculated internally. StatusBarVisibilityModel(showClock: false showNotificationIcons:false showPrimaryOngoingActivityChip:false showSecondaryOngoingActivityChip:false showSystemInfo:false ) 
06-21 17:37:56.680 I/SystemUi--Statusbar( 5948): CollapsedStatusBarFragmentExImpl-->animate: true, unlockAnimationRunning: false, fadingAway: false, keyguard: false
06-21 17:37:56.680 I/SystemUi--Statusbar( 5948): CollapsedStatusBarFragmentExImpl-->StatusBarVisibilityModelEx: StatusBarVisibilityModelEx(showClock: false showPromptView:false showPrimaryOngoingActivityChip:false showSecondaryOngoingActivityChip:false showNotificationContainer:false showOpName:false showSeedlingContainer:false ), animate: true
06-21 17:37:56.681 I/SystemUi--QuickSettings( 5948): OplusSeparateQSPluginImpl-->shouldHideStatusBar isFullyCollapsed true
06-21 17:37:56.681 I/SystemUi--Statusbar( 5948): CollapsedStatusBarFragmentExImpl-->showClockChanged: true lastModifiedVisibility.showClock: false previousModelEx.showClock: true statusBarFragment?.clockHiddenMode(): 8 clockView?.visibility: 0
06-21 17:37:56.681 I/SystemUi--QuickSettings( 5948): OplusSeparateQSPluginImpl-->shouldHideStatusBar isFullyCollapsed true
06-21 17:37:56.856 I/SystemUi--Statusbar( 5948): CollapsedStatusBarFragmentExImpl-->animateHiddenState onAnimationEnd v:com.oplus.systemui.statusbar.widget.EndSideContentLayout{9b8da54 V.E...... ........ 0,0-575,121 #7f0a0d63 app:id/status_bar_end_side_content alpha=0.0 viewInfo = }  v alpha:0.0 v render alpha:0.0 animateAlpha=0.0
06-21 17:37:56.856 I/SystemUi--Statusbar( 5948): CollapsedStatusBarFragmentExImpl-->animateHiddenState onAnimationEnd v:com.android.systemui.statusbar.AlphaOptimizedFrameLayout{d362cd9 V.E...... ........ 0,0-384,121 #7f0a091a app:id/notification_icon_area alpha=0.0 viewInfo = }  v alpha:0.0 v render alpha:0.0 animateAlpha=0.0
06-21 17:37:56.856 I/SystemUi--Statusbar( 5948): CollapsedStatusBarFragmentExImpl-->animateHiddenState onAnimationEnd v:com.oplus.systemui.statusbar.seeding.CapsulePluginContainer{a91669e V.E...... ........ 0,0-1440,160 #7f0a0c70 app:id/seeding_card_container alpha=0.0 viewInfo = }  v alpha:0.0 v render alpha:0.0 animateAlpha=0.0
06-21 17:37:56.856 I/SystemUi--Statusbar( 5948): CollapsedStatusBarFragmentExImpl-->animateHiddenState onAnimationEnd v:com.oplus.systemui.statusbar.widget.StatClock{1e2364f V.ED..... ........ 0,0-162,121 #7f0a0304 app:id/clock alpha=0.0 viewInfo = }  v alpha:0.0 v render alpha:0.0 animateAlpha=0.0
06-21 17:37:56.989 I/MainLooperBlockDetector( 8233): com.coloros.common.utils.RxSystemKeyEventMonitor$systemKeyEventReceiver$1.onReceive
06-21 17:37:56.989 I/AstScreen.RxSystemKeyEventMonitor( 8233): HomeKey Receiver Reason = recentapps
06-21 17:37:57.178 D/ExtensionManager( 6208): system.localconnection :1:registerCallback tid:25262
06-21 17:37:57.179 D/ExtensionManager( 6208): system.localconnection :1:registerCallback tid:25262
06-21 17:37:57.180 D/ExtensionManager( 6208): system.localconnection :1:registerCallback tid:25262
06-21 17:37:57.180 D/ExtensionManager( 6208): system.localconnection :1:registerCallback tid:25262
06-21 17:37:57.181 D/ExtensionManager( 6208): system.localconnection :1:registerCallback tid:25262
06-21 17:37:57.181 D/ExtensionManager( 6208): system.localconnection :1:registerCallback tid:25262
06-21 17:37:57.182 D/ExtensionManager( 6208): system.localconnection :1:registerCallback tid:25262
06-21 17:37:57.183 D/ExtensionManager( 6208): system.localconnection :1:registerCallback tid:25262
06-21 17:37:57.183 D/ExtensionManager( 6208): system.localconnection :1:registerCallback tid:25262
06-21 17:37:57.184 D/ExtensionManager( 6208): system.localconnection :1:registerCallback tid:25262
06-21 17:37:57.185 D/ExtensionManager( 6208): system.localconnection :1:registerCallback tid:25262
06-21 17:37:57.186 D/ExtensionManager( 6208): system.localconnection :1:registerCallback tid:25262
06-21 17:37:57.187 D/ExtensionManager( 6208): system.localconnection :1:registerCallback tid:25262
06-21 17:37:57.188 D/ExtensionManager( 6208): system.localconnection :1:registerCallback tid:25262
06-21 17:37:57.188 D/ExtensionManager( 6208): system.localconnection :1:registerCallback tid:25262
06-21 17:37:57.189 D/ExtensionManager( 6208): system.localconnection :1:registerCallback tid:25262
06-21 17:37:57.189 D/ExtensionManager( 6208): system.localconnection :1:registerCallback tid:25262
06-21 17:37:57.190 D/ExtensionManager( 6208): system.localconnection :1:registerCallback tid:25262
06-21 17:37:57.228 V/SystemSensorManagerExtImpl( 6208): RegisterListener icm456xx Accelerometer Non-wakeup type:1 delay:200000us by android.view.OrientationEventListener$CompatSensorEventListenerImpl@7eea0ce from com.android.launcher
06-21 17:37:57.234 V/OsAgent ( 6287): broadcastSystemEvent - 7
06-21 17:37:57.234 V/OsAgent ( 6287): broadcastSystemEvent - 7
06-21 17:37:57.250 I/ImeTracker( 4244): system_server:6eafd060: onRequestHide at ORIGIN_SERVER reason IME_REQUESTED_CHANGED_LISTENER fromUser false
06-21 17:37:57.250 I/ImeTracker( 4244): system_server:6eafd060: onCancelled at PHASE_SERVER_SHOULD_HIDE
06-21 17:37:57.276 V/SystemSensorManagerExtImpl( 6208): unRegisterListener by android.view.OrientationEventListener$CompatSensorEventListenerImpl@7eea0ce
06-21 17:37:57.306 V/SystemSensorManagerExtImpl( 6208): RegisterListener icm456xx Accelerometer Non-wakeup type:1 delay:200000us by android.view.OrientationEventListener$CompatSensorEventListenerImpl@7eea0ce from com.android.launcher
06-21 17:37:57.500 I/SystemUi--Notification( 5948): OplusNotificationLogger-->TOAST-->showToast , pkg = com.dlxx.mam.Internal, uid = 10406 , token = android.os.BinderProxy@488f801 , content = no_need_print
06-21 17:37:57.500 D/WindowManager( 5948): Add to mViews: com.oplus.systemui.toast.OplusToastLayout{7dc68e7 I.E...... ......I. 0,0-0,0 alpha=1.0 viewInfo = },pkg= com.android.systemui
06-21 17:37:57.501 D/KEYLOG_PhoneWindowManagerExtImpl( 4244): checkAddPermission: com.oplus.permission.safe.WINDOW OKAY packageName = com.android.systemui
06-21 17:37:57.597 D/AppSenseConfig( 6875): getIgnoreAppList: [com.android.launcher, com.android.contacts, com.oplus.wirelesssettings, com.coloros.alarmclock, com.coloros.calculator, com.coloros.calendar, com.coloros.phonemanager, com.android.settings, com.android.phone, com.oplus.nas, com.oplus.nhs, com.oplus.appdetail, com.android.permissioncontroller, com.oplus.pscanvas, com.oplus.autotest.test.ctp, com.android.systemui, com.android.systemui.overlay.fingerprint.anim.fy, com.android.systemui.overlay.fingerprint.anim.qy, com.android.systemui.overlay.fingerprint.anim.sw, com.android.systemui.overlay.fingerprint.anim.xw, com.android.systemui.overlay.fingerprint.anim.ccyh, com.android.systemui.overlay.fingerprint.anim.halo, com.android.systemui.overlay.fingerprint.anim.jslz, com.android.systemui.overlay.fingerprint.anim.none, com.android.systemui.overlay.fingerprint.anim.xklc]
06-21 17:37:57.597 D/AppSenseConfig( 6875): getIgnoreAppList: [com.android.launcher, com.android.contacts, com.oplus.wirelesssettings, com.coloros.alarmclock, com.coloros.calculator, com.coloros.calendar, com.coloros.phonemanager, com.android.settings, com.android.phone, com.oplus.nas, com.oplus.nhs, com.oplus.appdetail, com.android.permissioncontroller, com.oplus.pscanvas, com.oplus.autotest.test.ctp, com.android.systemui, com.android.systemui.overlay.fingerprint.anim.fy, com.android.systemui.overlay.fingerprint.anim.qy, com.android.systemui.overlay.fingerprint.anim.sw, com.android.systemui.overlay.fingerprint.anim.xw, com.android.systemui.overlay.fingerprint.anim.ccyh, com.android.systemui.overlay.fingerprint.anim.halo, com.android.systemui.overlay.fingerprint.anim.jslz, com.android.systemui.overlay.fingerprint.anim.none, com.android.systemui.overlay.fingerprint.anim.xklc]
06-21 17:37:57.597 D/AppSenseConfig( 6875): getIgnoreAppList: [com.android.launcher, com.android.contacts, com.oplus.wirelesssettings, com.coloros.alarmclock, com.coloros.calculator, com.coloros.calendar, com.coloros.phonemanager, com.android.settings, com.android.phone, com.oplus.nas, com.oplus.nhs, com.oplus.appdetail, com.android.permissioncontroller, com.oplus.pscanvas, com.oplus.autotest.test.ctp, com.android.systemui, com.android.systemui.overlay.fingerprint.anim.fy, com.android.systemui.overlay.fingerprint.anim.qy, com.android.systemui.overlay.fingerprint.anim.sw, com.android.systemui.overlay.fingerprint.anim.xw, com.android.systemui.overlay.fingerprint.anim.ccyh, com.android.systemui.overlay.fingerprint.anim.halo, com.android.systemui.overlay.fingerprint.anim.jslz, com.android.systemui.overlay.fingerprint.anim.none, com.android.systemui.overlay.fingerprint.anim.xklc]
06-21 17:37:57.618 I/SystemUi--Statusbar( 5948): MobileConnectionRepositoryImpl-->subId:2 isSoftSimCard:false slotId:0
06-21 17:37:57.827 I/OplusBaseActivityManagerWrapper( 6208): startActivityFromRecents result: 2 bundle: Bundle[{android.activity.splashScreenStyle=1, android.activity.sourceInfo=android.app.ActivityOptions$SourceInfo@b997346, android:activity.remoteAnimationAdapter=android.view.RemoteAnimationAdapter@f999907, android:activity.remoteTransition=RemoteTransition { remoteTransition = com.android.systemui.shared.system.RemoteAnimationRunnerCompat$1@3707a34, appThread = android.app.ActivityThread$ApplicationThread@9b2f05e, debugName = QuickstepLaunch }, deviceintegration:remotetask.launchOption=-1, android.activity.launchDisplayId=0, start_reason=1, android:activity.animAbortListener=null, android:activity.animType=13, launch_source_type=launcherRecentTask, androidx.activity.extra=Bundle[{launcher_recents_expected_new_task=3962}], zoom_task_id=3962, android:activity.mZoomLaunchFlags=3}]
06-21 17:37:57.833 D/RemoteAnimationRunnerCompat( 6208): , mNeedCanvasExitAnim=false, mMergeSecondTaskAnimation=false, mIsLaunchUnityStart=false, mIsLaunchFromAssistantByDefault=false, mSkipRemoteTransitionfalse, mPromoteTaskWhenKeyguard-1, mIsStartFromKeyguard=false, mMatchRemoteFilter=false flags=0x0, mFlexibleTaskIdList=[], mExpectEndRectState=-1, mFlexibleWindowForRecentTasks=false, mRecentTaskIdList=[], mWCT=null, mIsOpenMergeToInValidPredictive=false, mRootLayerZOrderArray={}}]} obj=com.android.systemui.shared.system.RemoteAnimationRunnerCompat$1@3707a34
06-21 17:37:57.833 D/RemoteAnimRunnerExt( 6208): handleNavBlockableAnimation, reverseToOpenId: -1, multiOpenId: -1, remoteTransitionId: 29822, isPredictBackBlockableAnim: false, finishCallback: com.oplus.systemui.shared.system.RemoteAnimFinishCbCompat@3f4dbcc
06-21 17:37:57.859 D/CommandQueueLogger( 5948): onSystemBarAttributesChanged displayId=0 appearance=8 packageName=com.android.settings
06-21 17:37:57.859 I/SystemUi--NavBar( 5948): NavigationBarGestureExImpl-->oplusAllowSystemGestureIgnoringBarVisibility isOplusFlagAllowBackGestureIgnoreVisibilityState = false isGestureMisTouchPreventionEnable = true
06-21 17:37:57.860 V/OsAgent ( 6287): broadcastSystemEvent - 7
06-21 17:37:57.860 V/OsAgent ( 6287): broadcastSystemEvent - 7
06-21 17:37:57.871 I/system_server( 4244): NativeAlloc concurrent mark compact GC freed 80MB AllocSpace bytes, 214(4992KB) LOS objects, 35% free,174MB(164MB_0B_10MB)/270MB, paused 27.659ms,12.066ms total 625.975ms ConnectivityServiceThread:5671:5184KB_NetworkPolicy:5663:4128KB_NetworkStats:5662:3140KB
06-21 17:37:57.892 W/System  ( 4244): A resource failed to call close. 
06-21 17:37:57.892 W/System  ( 4244): A resource failed to call release. 
06-21 17:37:57.892 W/System  ( 4244): A resource failed to call release. 
06-21 17:37:57.893 W/System  ( 4244): A resource failed to call release. 
06-21 17:37:57.893 W/System  ( 4244): A resource failed to call release. 
06-21 17:37:57.895 W/System  ( 4244): A resource failed to call release. 
06-21 17:37:57.895 W/System  ( 4244): A resource failed to call release. 
06-21 17:37:57.895 W/System  ( 4244): A resource failed to call release. 
06-21 17:37:57.895 W/System  ( 4244): A resource failed to call release. 
06-21 17:37:57.914 I/TileUtils(20514): getCategories -- category.key: com.oplus.settings.category.ia.system_more_service
06-21 17:37:57.914 I/TileUtils(20514): getCategories -- category.key: com.android.settings.category.ia.system
06-21 17:37:57.924 I/SystemUiProxy( 6208): SystemUiProxy#getRecentTasks isInGoRecentsAnim: false
06-21 17:37:57.933 W/ndroid.systemui( 5948): Large reply transaction of 356272 bytes, interface descriptor com.android.wm.shell.recents.IRecentTasks, code 4
06-21 17:37:57.993 I/ImeTracker( 4244): system_server:4d05f203: onRequestHide at ORIGIN_SERVER reason IME_REQUESTED_CHANGED_LISTENER fromUser false
06-21 17:37:57.993 I/ImeTracker( 4244): system_server:4d05f203: onCancelled at PHASE_SERVER_SHOULD_HIDE
06-21 17:37:58.348 V/SystemSensorManagerExtImpl( 6208): unRegisterListener by android.view.OrientationEventListener$CompatSensorEventListenerImpl@7eea0ce
06-21 17:37:58.351 I/SystemUi--QuickSettings( 5948): ShadeInteractorImpl-->isExpandToQsEnabled isShadeEnabled=true isDozing=false disableFlags=DisableFlagsModel(disable1=0, disable2=0, animate=true) isDeviceProvisioned=true isSimpleUserSwitcher=false isQuickSettingsEnabled=true isUserSetup=true isOplusQsEnabled=false
06-21 17:37:58.352 I/SystemUi--QuickSettings( 5948): OplusSeparateQSPluginImpl-->shouldHideStatusBar isFullyCollapsed true
06-21 17:37:58.352 I/SystemUi--Statusbar( 5948): CollapsedSbFragment-->New visibilities calculated internally. StatusBarVisibilityModel(showClock: true showNotificationIcons:true showPrimaryOngoingActivityChip:false showSecondaryOngoingActivityChip:false showSystemInfo:true ) 
06-21 17:37:58.352 I/SystemUi--Statusbar( 5948): CollapsedStatusBarFragmentExImpl-->animate: true, unlockAnimationRunning: false, fadingAway: false, keyguard: false
06-21 17:37:58.352 I/SystemUi--Statusbar( 5948): CollapsedStatusBarFragmentExImpl-->StatusBarVisibilityModelEx: StatusBarVisibilityModelEx(showClock: true showPromptView:false showPrimaryOngoingActivityChip:false showSecondaryOngoingActivityChip:false showNotificationContainer:true showOpName:true showSeedlingContainer:true ), animate: true
06-21 17:37:58.352 I/SystemUi--QuickSettings( 5948): OplusSeparateQSPluginImpl-->shouldHideStatusBar isFullyCollapsed true
06-21 17:37:58.352 I/SystemUi--Statusbar( 5948): CollapsedStatusBarFragmentExImpl-->showClockChanged: true lastModifiedVisibility.showClock: true previousModelEx.showClock: false statusBarFragment?.clockHiddenMode(): 8 clockView?.visibility: 8
06-21 17:37:58.353 D/RemoteAnimationRunnerCompat( 6208): animationFinishedCallback start, transition id: 29822, multiOpenId: -1, isPredictiveBackBlockablAnim: false, mFinishCallback: com.oplus.systemui.shared.system.RemoteAnimFinishCbCompat@3f4dbcc, mMultiRemoteCallback: null
06-21 17:37:58.360 D/ClockTag_ClockWidgetState( 9258): system config, dual clock:1, split screen:0, color:-1/false, screenDisplayModel:0
06-21 17:37:58.361 D/ClockTag_ClockWidgetState( 9258): systemDualClock:1
06-21 17:37:58.362 D/ClockTag_ClockWidgetState( 9258): systemSplitScreenMode:false
06-21 17:37:58.362 D/ClockTag_ClockWidgetState( 9258): systemWallpaperColor:-1/false
06-21 17:37:58.365 W/OplusExSystemServiceHelper(29920): checkOplusExSystemService intent getComponent is null
06-21 17:37:58.366 V/OsAgent ( 6287): broadcastSystemEvent - 7
06-21 17:37:58.366 V/OsAgent ( 6287): broadcastSystemEvent - 7
06-21 17:37:58.366 I/AstScreen.DaemonMemoryManager( 8145): use cache systemMemoryInfo android.app.ActivityManager$MemoryInfo@5a646bf
06-21 17:37:58.366 V/OsAgent ( 6287): broadcastSystemEvent - 7
06-21 17:37:58.366 I/AstScreen.FeatureOption( 8145): isFullSystem = true
06-21 17:37:58.366 V/OsAgent ( 6287): broadcastSystemEvent - 7
06-21 17:37:58.366 V/OsAgent ( 6287): broadcastSystemEvent - 7
06-21 17:37:58.366 V/OsAgent ( 6287): broadcastSystemEvent - 7
06-21 17:37:58.366 V/OsAgent ( 6287): broadcastSystemEvent - 7
06-21 17:37:58.366 V/OsAgent ( 6287): broadcastSystemEvent - 7
06-21 17:37:58.366 V/OsAgent ( 6287): broadcastSystemEvent - 7
06-21 17:37:58.366 V/OsAgent ( 6287): broadcastSystemEvent - 7
06-21 17:37:58.367 D/ClockTag_ClockWidgetState( 9258): systemWallpaperColor:-1/false
06-21 17:37:58.373 D/ClockTag_ClockWidgetState( 9258): systemWallpaperColor:-1/false
06-21 17:37:58.665 D/AppSenseConfig( 6875): getIgnoreAppList: [com.android.launcher, com.android.contacts, com.oplus.wirelesssettings, com.coloros.alarmclock, com.coloros.calculator, com.coloros.calendar, com.coloros.phonemanager, com.android.settings, com.android.phone, com.oplus.nas, com.oplus.nhs, com.oplus.appdetail, com.android.permissioncontroller, com.oplus.pscanvas, com.oplus.autotest.test.ctp, com.android.systemui, com.android.systemui.overlay.fingerprint.anim.fy, com.android.systemui.overlay.fingerprint.anim.qy, com.android.systemui.overlay.fingerprint.anim.sw, com.android.systemui.overlay.fingerprint.anim.xw, com.android.systemui.overlay.fingerprint.anim.ccyh, com.android.systemui.overlay.fingerprint.anim.halo, com.android.systemui.overlay.fingerprint.anim.jslz, com.android.systemui.overlay.fingerprint.anim.none, com.android.systemui.overlay.fingerprint.anim.xklc]
06-21 17:37:58.665 D/AppSenseConfig( 6875): getIgnoreAppList: [com.android.launcher, com.android.contacts, com.oplus.wirelesssettings, com.coloros.alarmclock, com.coloros.calculator, com.coloros.calendar, com.coloros.phonemanager, com.android.settings, com.android.phone, com.oplus.nas, com.oplus.nhs, com.oplus.appdetail, com.android.permissioncontroller, com.oplus.pscanvas, com.oplus.autotest.test.ctp, com.android.systemui, com.android.systemui.overlay.fingerprint.anim.fy, com.android.systemui.overlay.fingerprint.anim.qy, com.android.systemui.overlay.fingerprint.anim.sw, com.android.systemui.overlay.fingerprint.anim.xw, com.android.systemui.overlay.fingerprint.anim.ccyh, com.android.systemui.overlay.fingerprint.anim.halo, com.android.systemui.overlay.fingerprint.anim.jslz, com.android.systemui.overlay.fingerprint.anim.none, com.android.systemui.overlay.fingerprint.anim.xklc]
06-21 17:37:58.665 D/AppSenseConfig( 6875): getIgnoreAppList: [com.android.launcher, com.android.contacts, com.oplus.wirelesssettings, com.coloros.alarmclock, com.coloros.calculator, com.coloros.calendar, com.coloros.phonemanager, com.android.settings, com.android.phone, com.oplus.nas, com.oplus.nhs, com.oplus.appdetail, com.android.permissioncontroller, com.oplus.pscanvas, com.oplus.autotest.test.ctp, com.android.systemui, com.android.systemui.overlay.fingerprint.anim.fy, com.android.systemui.overlay.fingerprint.anim.qy, com.android.systemui.overlay.fingerprint.anim.sw, com.android.systemui.overlay.fingerprint.anim.xw, com.android.systemui.overlay.fingerprint.anim.ccyh, com.android.systemui.overlay.fingerprint.anim.halo, com.android.systemui.overlay.fingerprint.anim.jslz, com.android.systemui.overlay.fingerprint.anim.none, com.android.systemui.overlay.fingerprint.anim.xklc]
06-21 17:37:58.731 I/SystemUi--Statusbar( 5948): CollapsedStatusBarFragmentExImpl-->animateShow onAnimationEnd v:com.oplus.systemui.statusbar.widget.EndSideContentLayout{9b8da54 V.E...... ........ 0,0-575,121 #7f0a0d63 app:id/status_bar_end_side_content alpha=1.0 viewInfo = }  v alpha:1.0  v render alpha:1.0 animateAlpha=1.0
06-21 17:37:58.731 I/SystemUi--Statusbar( 5948): CollapsedStatusBarFragmentExImpl-->animateShow onAnimationEnd v:com.android.systemui.statusbar.AlphaOptimizedFrameLayout{d362cd9 V.E...... ........ 0,0-384,121 #7f0a091a app:id/notification_icon_area alpha=1.0 viewInfo = }  v alpha:1.0  v render alpha:1.0 animateAlpha=1.0
06-21 17:37:58.731 I/SystemUi--Statusbar( 5948): CollapsedStatusBarFragmentExImpl-->animateShow onAnimationEnd v:com.oplus.systemui.statusbar.seeding.CapsulePluginContainer{a91669e V.E...... ........ 0,0-1440,160 #7f0a0c70 app:id/seeding_card_container alpha=1.0 viewInfo = }  v alpha:1.0  v render alpha:1.0 animateAlpha=1.0
06-21 17:37:58.731 I/SystemUi--Statusbar( 5948): CollapsedStatusBarFragmentExImpl-->animateShow onAnimationEnd v:com.oplus.systemui.statusbar.widget.StatClock{1e2364f V.ED..... ........ 0,0-162,121 #7f0a0304 app:id/clock alpha=1.0 viewInfo = }  v alpha:1.0  v render alpha:1.0 animateAlpha=1.0
06-21 17:37:58.762 D/OplusScrollToTopManager(13254): ,unregisterSystemUIBroadcastReceiver 
06-21 17:37:58.762 D/OplusScrollToTopManager(13254): , unregisterSystemUIBroadcastReceiver failed java.lang.IllegalArgumentException: Receiver not registered: android.view.OplusScrollToTopManager$2@aba1afe
06-21 17:37:59.069 D/AppSenseConfig( 6875): getIgnoreAppList: [com.android.launcher, com.android.contacts, com.oplus.wirelesssettings, com.coloros.alarmclock, com.coloros.calculator, com.coloros.calendar, com.coloros.phonemanager, com.android.settings, com.android.phone, com.oplus.nas, com.oplus.nhs, com.oplus.appdetail, com.android.permissioncontroller, com.oplus.pscanvas, com.oplus.autotest.test.ctp, com.android.systemui, com.android.systemui.overlay.fingerprint.anim.fy, com.android.systemui.overlay.fingerprint.anim.qy, com.android.systemui.overlay.fingerprint.anim.sw, com.android.systemui.overlay.fingerprint.anim.xw, com.android.systemui.overlay.fingerprint.anim.ccyh, com.android.systemui.overlay.fingerprint.anim.halo, com.android.systemui.overlay.fingerprint.anim.jslz, com.android.systemui.overlay.fingerprint.anim.none, com.android.systemui.overlay.fingerprint.anim.xklc]
06-21 17:37:59.069 D/AppSenseConfig( 6875): getIgnoreAppList: [com.android.launcher, com.android.contacts, com.oplus.wirelesssettings, com.coloros.alarmclock, com.coloros.calculator, com.coloros.calendar, com.coloros.phonemanager, com.android.settings, com.android.phone, com.oplus.nas, com.oplus.nhs, com.oplus.appdetail, com.android.permissioncontroller, com.oplus.pscanvas, com.oplus.autotest.test.ctp, com.android.systemui, com.android.systemui.overlay.fingerprint.anim.fy, com.android.systemui.overlay.fingerprint.anim.qy, com.android.systemui.overlay.fingerprint.anim.sw, com.android.systemui.overlay.fingerprint.anim.xw, com.android.systemui.overlay.fingerprint.anim.ccyh, com.android.systemui.overlay.fingerprint.anim.halo, com.android.systemui.overlay.fingerprint.anim.jslz, com.android.systemui.overlay.fingerprint.anim.none, com.android.systemui.overlay.fingerprint.anim.xklc]
06-21 17:37:59.069 D/AppSenseConfig( 6875): getIgnoreAppList: [com.android.launcher, com.android.contacts, com.oplus.wirelesssettings, com.coloros.alarmclock, com.coloros.calculator, com.coloros.calendar, com.coloros.phonemanager, com.android.settings, com.android.phone, com.oplus.nas, com.oplus.nhs, com.oplus.appdetail, com.android.permissioncontroller, com.oplus.pscanvas, com.oplus.autotest.test.ctp, com.android.systemui, com.android.systemui.overlay.fingerprint.anim.fy, com.android.systemui.overlay.fingerprint.anim.qy, com.android.systemui.overlay.fingerprint.anim.sw, com.android.systemui.overlay.fingerprint.anim.xw, com.android.systemui.overlay.fingerprint.anim.ccyh, com.android.systemui.overlay.fingerprint.anim.halo, com.android.systemui.overlay.fingerprint.anim.jslz, com.android.systemui.overlay.fingerprint.anim.none, com.android.systemui.overlay.fingerprint.anim.xklc]
06-21 17:37:59.109 D/CommandQueueLogger( 5948): onSystemBarAttributesChanged displayId=0 appearance=8 packageName=com.android.settings
06-21 17:37:59.110 I/SystemUi--NavBar( 5948): NavigationBarGestureExImpl-->oplusAllowSystemGestureIgnoringBarVisibility isOplusFlagAllowBackGestureIgnoreVisibilityState = false isGestureMisTouchPreventionEnable = true
06-21 17:37:59.134 D/CommandQueueLogger( 5948): onSystemBarAttributesChanged displayId=0 appearance=8 packageName=com.android.settings
06-21 17:37:59.353 I/SystemUi--Notification( 5948): OplusLiveAlertNotificationsRepository-->onNotificationChannelModified: android 0 “i学助手”正在其他应用的上层显示内容 3
06-21 17:37:59.359 I/SystemUi--Notification( 5948): OplusLiveAlertNotificationsRepository-->removeLiveAlert: 0|android|0|com.android.server.wm.AlertWindowNotification - com.examhelper.app|1000
06-21 17:37:59.374 I/SystemUi--Notification( 5948): NotificationStackScrollLayoutExtImpl-->bind scrollGridCount 35 o.visibleChildrenCount 34 o.childCount 38 overDistance:0.0
06-21 17:37:59.374 I/SystemUi--Notification( 5948): SeparatePanelAnimation-->updateVisibleChildCount change, currentChildCount: 36 totalCount 35
06-21 17:37:59.472 D/AppSenseConfig( 6875): getIgnoreAppList: [com.android.launcher, com.android.contacts, com.oplus.wirelesssettings, com.coloros.alarmclock, com.coloros.calculator, com.coloros.calendar, com.coloros.phonemanager, com.android.settings, com.android.phone, com.oplus.nas, com.oplus.nhs, com.oplus.appdetail, com.android.permissioncontroller, com.oplus.pscanvas, com.oplus.autotest.test.ctp, com.android.systemui, com.android.systemui.overlay.fingerprint.anim.fy, com.android.systemui.overlay.fingerprint.anim.qy, com.android.systemui.overlay.fingerprint.anim.sw, com.android.systemui.overlay.fingerprint.anim.xw, com.android.systemui.overlay.fingerprint.anim.ccyh, com.android.systemui.overlay.fingerprint.anim.halo, com.android.systemui.overlay.fingerprint.anim.jslz, com.android.systemui.overlay.fingerprint.anim.none, com.android.systemui.overlay.fingerprint.anim.xklc]
06-21 17:37:59.472 D/AppSenseConfig( 6875): getIgnoreAppList: [com.android.launcher, com.android.contacts, com.oplus.wirelesssettings, com.coloros.alarmclock, com.coloros.calculator, com.coloros.calendar, com.coloros.phonemanager, com.android.settings, com.android.phone, com.oplus.nas, com.oplus.nhs, com.oplus.appdetail, com.android.permissioncontroller, com.oplus.pscanvas, com.oplus.autotest.test.ctp, com.android.systemui, com.android.systemui.overlay.fingerprint.anim.fy, com.android.systemui.overlay.fingerprint.anim.qy, com.android.systemui.overlay.fingerprint.anim.sw, com.android.systemui.overlay.fingerprint.anim.xw, com.android.systemui.overlay.fingerprint.anim.ccyh, com.android.systemui.overlay.fingerprint.anim.halo, com.android.systemui.overlay.fingerprint.anim.jslz, com.android.systemui.overlay.fingerprint.anim.none, com.android.systemui.overlay.fingerprint.anim.xklc]
06-21 17:37:59.472 D/AppSenseConfig( 6875): getIgnoreAppList: [com.android.launcher, com.android.contacts, com.oplus.wirelesssettings, com.coloros.alarmclock, com.coloros.calculator, com.coloros.calendar, com.coloros.phonemanager, com.android.settings, com.android.phone, com.oplus.nas, com.oplus.nhs, com.oplus.appdetail, com.android.permissioncontroller, com.oplus.pscanvas, com.oplus.autotest.test.ctp, com.android.systemui, com.android.systemui.overlay.fingerprint.anim.fy, com.android.systemui.overlay.fingerprint.anim.qy, com.android.systemui.overlay.fingerprint.anim.sw, com.android.systemui.overlay.fingerprint.anim.xw, com.android.systemui.overlay.fingerprint.anim.ccyh, com.android.systemui.overlay.fingerprint.anim.halo, com.android.systemui.overlay.fingerprint.anim.jslz, com.android.systemui.overlay.fingerprint.anim.none, com.android.systemui.overlay.fingerprint.anim.xklc]
06-21 17:37:59.472 D/AppSenseConfig( 6875): getIgnoreAppList: [com.android.launcher, com.android.contacts, com.oplus.wirelesssettings, com.coloros.alarmclock, com.coloros.calculator, com.coloros.calendar, com.coloros.phonemanager, com.android.settings, com.android.phone, com.oplus.nas, com.oplus.nhs, com.oplus.appdetail, com.android.permissioncontroller, com.oplus.pscanvas, com.oplus.autotest.test.ctp, com.android.systemui, com.android.systemui.overlay.fingerprint.anim.fy, com.android.systemui.overlay.fingerprint.anim.qy, com.android.systemui.overlay.fingerprint.anim.sw, com.android.systemui.overlay.fingerprint.anim.xw, com.android.systemui.overlay.fingerprint.anim.ccyh, com.android.systemui.overlay.fingerprint.anim.halo, com.android.systemui.overlay.fingerprint.anim.jslz, com.android.systemui.overlay.fingerprint.anim.none, com.android.systemui.overlay.fingerprint.anim.xklc]
06-21 17:37:59.472 D/AppSenseConfig( 6875): getIgnoreAppList: [com.android.launcher, com.android.contacts, com.oplus.wirelesssettings, com.coloros.alarmclock, com.coloros.calculator, com.coloros.calendar, com.coloros.phonemanager, com.android.settings, com.android.phone, com.oplus.nas, com.oplus.nhs, com.oplus.appdetail, com.android.permissioncontroller, com.oplus.pscanvas, com.oplus.autotest.test.ctp, com.android.systemui, com.android.systemui.overlay.fingerprint.anim.fy, com.android.systemui.overlay.fingerprint.anim.qy, com.android.systemui.overlay.fingerprint.anim.sw, com.android.systemui.overlay.fingerprint.anim.xw, com.android.systemui.overlay.fingerprint.anim.ccyh, com.android.systemui.overlay.fingerprint.anim.halo, com.android.systemui.overlay.fingerprint.anim.jslz, com.android.systemui.overlay.fingerprint.anim.none, com.android.systemui.overlay.fingerprint.anim.xklc]
06-21 17:37:59.577 I/SystemUi--Statusbar( 5948): MobileConnectionRepositoryImpl-->subId:1 isSoftSimCard:false slotId:1
06-21 17:37:59.831 I/SystemUi--Notification( 5948): OplusNotificationLogger-->TOAST-->hideToast , pkg = com.dlxx.mam.Internal, uid = no_need_print , token = android.os.BinderProxy@488f801 , content = no_need_print
