06-22 22:35:04.823 D/PowerManagerService( 4244): userActivityNoUpdateLocked: groupId=0, eventTime=1537663435, event=other, flags=0x0, uid=1000
06-22 22:35:04.831 D/PowerManagerService( 4244): userActivityNoUpdateLocked: groupId=0, eventTime=1537663442, event=other, flags=0x0, uid=1000
06-22 22:35:04.838 D/PowerManagerService( 4244): userActivityNoUpdateLocked: groupId=0, eventTime=1537663450, event=other, flags=0x0, uid=1000
06-22 22:35:04.846 I/touch-main( 2602): 0| [report] all touch up, reportMode:0
06-22 22:35:04.846 D/PowerManagerService( 4244): userActivityNoUpdateLocked: groupId=0, eventTime=1537663458, event=other, flags=0x0, uid=1000
06-22 22:35:04.847 W/UserAwareMgr( 4244): event can not be released, id: 1010, count: 164, releasePid: 4244
06-22 22:35:04.847 D/UAH-UahAdaptHelper( 4244): adaptSetNotification identity = OplusUAwareInputHelpersrc = 1000 , type 1 ,p1 = -1 ,p2 = -1 ,p3 = -1 ,p4 =
06-22 22:35:04.847 I/[UAH_CLIENT]( 4244): uahRuleCtl, ruleId:1000, status:1
06-22 22:35:04.847 I/DynamicFramerate [AnimationSpeedAware](14091): onEventHandled: info: InputEventInfo: mX = 0, mY = 0, mAction = 1, mVsyncTime = 1537663460, mIsMoving = false, mUpdated = true
06-22 22:35:04.848 I/[UAH_CLIENT]( 4244): UahRelease, handle:618545
06-22 22:35:04.848 I/[UAH_CLIENT]( 4244): UahEventAcquire, cmdid:6, pkg:none, identity:OplusUAwareInputHelper
06-22 22:35:04.848 D/OplusViewDragTouchViewHelper(14091): dispatchTouchView action = 1
06-22 22:35:04.848 D/ViewRootImplExtImpl(14091): the up motion event handled by client, just return
06-22 22:35:04.849 E/PERFHAL-BOOSTCONFIG( 2537): PERFHAL-BOOSTCONFIG: GetBoostConfig() 1872: Not able to fetch object
06-22 22:35:04.849 I/DynamicFramerate [AnimationSpeedAware](14091): syncInfoTogether: from STATE_SCROLL_ANIMATION to STATE_IDLE
06-22 22:35:04.849 I/DynamicFramerate [DynamicFrameRateManagerImpl](14091): setFrameRateInternalForView: TIMING_DO_FRAME_FINISH FrameRateControlUnit: { mTargetFrameRate = 0, mPreviewFrameRate = 90, mControlInfo = 0, mViewRoot = android.view.ViewRootImpl@8cf7359, mTakeEffectType = 10001, mPreviousControlInfo = 0, mIsActive = false, mIsMoving = false, mEnableEndLowRate = false, mIsInGameAnim = false, mIsWidespreadAnim = false, mIsLauncherAnim = false mUnitFrameRate = 0 } 
06-22 22:35:04.849 W/DynamicFramerate [DynamicFrameRateManagerImpl](14091): FrameRateControlUnit.apply: TIMING_DO_FRAME_FINISH applyAsyncUnsafe after doFrame
06-22 22:35:04.860 D/VRR [RefreshRateDirector]( 2762): requestRefreshRate delete [ version-3-object-animation_370251, 0 ]
06-22 22:35:04.860 D/VRR [RefreshRateDirector]( 2762): updateBestFrameRate [oti-hw, {fps=90, modePtr={id=2, vsyncRate=90.00 Hz, peakRefreshRate=90.00 Hz}}]
06-22 22:35:04.860 D/SurfaceFlinger( 2762): VRR [SurfaceFlinger] setDesiredActiveMode: displayId: 4630947090715748499, renderRate: 90, vsyncRate: 90, event: 0
06-22 22:35:04.860 D/DisplayModeController( 2762): setDesiredMode 4630947090715748499 {mode={fps=90.00 Hz, modePtr={id=2, vsyncRate=90.00 Hz, peakRefreshRate=90.00 Hz}}, emitEvent=false, force=false}
06-22 22:35:04.980 D/ActivityManager( 4244): freezing 2192 com.oplus.onetrace
06-22 22:35:05.000 W/UserAwareMgr( 4244): event can not be released, id: 1010, count: 164, releasePid: 4244
06-22 22:35:05.012 D/osense.compress( 4244): com.tencent.mm do shrink, target ratio = 20, final ratio = 80, cur ratio = 0
06-22 22:35:05.066 I/sensors-hal( 2513): handle_oplus_wise_rgb_event:191, wise_rgb: (r, g, b, c)[331.00, 366.00, 151.00, 310.00],(r2,g2,b2,c2)[[0.00, 0.00, 0.00, 0.00], algo:5.0, flag :0
06-22 22:35:05.159 D/BatteryChargeControl( 2611): bcc get no support from charging protocol
06-22 22:35:05.351 D/CommonApp-1115-10466( 6875): transport layer data is invalid
06-22 22:35:05.351 D/CommonApp-1115-10406( 6875): commonScoreStrategy scenarios low package
06-22 22:35:05.377 I/sensors-hal( 2513): handle_oplus_wise_rgb_event:191, wise_rgb: (r, g, b, c)[325.00, 363.00, 150.00, 305.00],(r2,g2,b2,c2)[[0.00, 0.00, 0.00, 0.00], algo:5.0, flag :0
06-22 22:35:05.434 W/QosScheduler( 4244): executeSceneQosStrategy failed! qos feature no enable
06-22 22:35:05.505 W/UserAwareMgr( 4244): event can not be released, id: 1010, count: 164, releasePid: 4244
06-22 22:35:05.687 I/sensors-hal( 2513): handle_oplus_wise_rgb_event:191, wise_rgb: (r, g, b, c)[330.00, 362.00, 159.00, 309.00],(r2,g2,b2,c2)[[0.00, 0.00, 0.00, 0.00], algo:5.0, flag :0
06-22 22:35:05.696 I/Osense-BaseDecisionMaker( 4244): notifySceneToAthenaPolicy: SCENE_IDLE_RECOVER, bundle: Bundle[{scene=SCENE_IDLE_RECOVER}]
06-22 22:35:05.737 W/UserAwareMgr( 4244): event can not be released, id: 1010, count: 164, releasePid: 4244
06-22 22:35:05.796 I/touch-main( 2602): N| [readTemper] read temperature 35802
06-22 22:35:05.816 I/SDM     ( 2534): ScalarConfig::GetDnscConfigInfo: pcmn_data.phase_init_h: 0, pcmn_data.phase_step_h: 4194304
06-22 22:35:05.835 I/SDM     ( 2534): DemuraTnCaptureIntfImpl::ProcessCapturePanelData: 0x2100000000af:Screen capture status = 0
06-22 22:35:05.911 D/ExamAccessibility(16916): Q19 no option nodes left, falling back to toggle click
06-22 22:35:05.986 D/ActivityManager( 4244): Freezer deadlock watchdog
06-22 22:35:05.998 I/sensors-hal( 2513): handle_oplus_wise_rgb_event:191, wise_rgb: (r, g, b, c)[332.00, 367.00, 154.00, 312.00],(r2,g2,b2,c2)[[0.00, 0.00, 0.00, 0.00], algo:5.0, flag :0
06-22 22:35:06.064 D/PowerManagerService( 4244): userActivityNoUpdateLocked: groupId=0, eventTime=1537664677, event=accessibility, flags=0x0, uid=1000
06-22 22:35:06.064 D/ActivityTaskManager( 4244): NFW_setLastResumedActivityUncheckLocked:false r:ActivityRecord{141264397 u0 com.dlxx.mam.Internal/com.tencent.wework.common.web.JsWebActivity t4282} currentFocus:Window{22c888c u0 com.dlxx.mam.Internal/com.tencent.wework.common.web.JsWebActivity}
06-22 22:35:06.064 D/ExamAccessibility(16916): Q19 toggle fallback: sel=D → 错误 (skip=2)
06-22 22:35:06.159 D/BatteryChargeControl( 2611): bcc get no support from charging protocol
06-22 22:35:06.163 D/sgccSocket(14091): [<#-#>483698660544<#-#>] 2026-06-22 22:35:06 [=sslConnPoolThread=]get condition!,pool size = 5,producer working
06-22 22:35:06.163 D/sgccSocket(14091): [<#-#>486513390784<#-#>] 2026-06-22 22:35:06 ProcessClientRead ret:1816, appfd:894, clientMode:0, http_body_exceed_max:0
06-22 22:35:06.163 I/sgccSocket(14091): [<#-#>486513390784<#-#>] 2026-06-22 22:35:06 Processing server[proxy appfd 894] write: 1826,sslerr: 0
06-22 22:35:06.274 W/UserAwareMgr( 4244): event can not be released, id: 1010, count: 164, releasePid: 4244
06-22 22:35:06.276 D/sgccSocket(14091): [<#-#>486513390784<#-#>] 2026-06-22 22:35:06 Processing server[proxy appfd 894] read: 735,time=0,sslerr:0
06-22 22:35:06.276 D/sgccSocket(14091): [<#-#>486513390784<#-#>] 2026-06-22 22:35:06 ProcessServerPacket recv:725
06-22 22:35:06.277 D/sgccSocket(14091): [<#-#>486513390784<#-#>] 2026-06-22 22:35:06 Processing client write:725, appfd:894
06-22 22:35:06.277 D/sgccSocket(14091): [<#-#>483698660544<#-#>] 2026-06-22 22:35:06 [=sslConnPoolThread=]get condition!,pool size = 5,producer working
06-22 22:35:06.309 I/sensors-hal( 2513): handle_oplus_wise_rgb_event:191, wise_rgb: (r, g, b, c)[324.00, 362.00, 153.00, 309.00],(r2,g2,b2,c2)[[0.00, 0.00, 0.00, 0.00], algo:5.0, flag :0
06-22 22:35:06.309 I/sensors-hal( 2513): handle_oplus_wise_rgb_event:217, high_pwm_light:lux 49.5,cct 3975.9,brl/algo/ir 1348.0/5.0/0.0,pwm/dc 0.0/0.0,rgbc 324.000000/362.000000/153.000000/309.000000,ts 2230465585624294,cnt 36335,flag 0
06-22 22:35:06.309 D/FusionLightNextGen( 4244): process end reported = 1, mode: 0, cnt: 182525, lux 49.8, cct -1.0, r/g/b/c: 324.0/362.0/153.0/309.0, R/G/B: -1.0/-1.0/-1.0, bri 1348.0, match 0.00, ir 0.135595, conf 0.0, ts 2230465585624294
06-22 22:35:06.378 D/CommonApp-1115-10466( 6875): transport layer data is invalid
06-22 22:35:06.379 D/CommonApp-1115-10406( 6875): commonScoreStrategy scenarios low package
06-22 22:35:06.445 D/TimerEvent( 6875): TimerEvent update to true
06-22 22:35:06.471 D/VendorWifiService( 6875): onEvent event:9,action:1
06-22 22:35:06.476 D/ScorerUtils( 4244): isLowTraffic: txTputKBps=2, rxTputKBps=1
06-22 22:35:06.477 D/Smart_Assistant_StateMachine( 4244): has reach switch wifi threshold.
06-22 22:35:06.563 V/Codec2-DumpInput( 2542): [processLoop:L844][c2.qti.hevc.decoder_159]QueueRead[1] empty, waiting buffer.
06-22 22:35:06.620 I/sensors-hal( 2513): handle_oplus_wise_rgb_event:191, wise_rgb: (r, g, b, c)[324.00, 366.00, 148.00, 304.00],(r2,g2,b2,c2)[[0.00, 0.00, 0.00, 0.00], algo:5.0, flag :0
06-22 22:35:06.647 W/OplusMediaMonitor( 3172): [0xb40000750377a000] c2.qti.hevc.decoder [1440*3168] inputFps=0, outputFps=0 renderFps=0, discardFps=0
06-22 22:35:06.653 I/WifiHAL ( 2516): event received NL80211_CMD_VENDOR, vendor_id = 0x1374, subcmd = 0xe2
06-22 22:35:06.653 I/cnss-daemon( 3660): nl80211 response handler invoked
06-22 22:35:06.653 I/cnss-daemon( 3660): nl80211_response_handler: cmd 103, vendorID 4980, subcmd 226  received
06-22 22:35:06.659 W/UserAwareMgr( 4244): event can not be released, id: 1010, count: 164, releasePid: 4244
06-22 22:35:06.848 I/PTC.DISC.BleAdvertiser(29915): timeoutBleAdvertisingTask client=DiscoveryClient(id=accept-senseless, pkg=com.heytap.accessory, pid=29915), taskIsSuspending=false
06-22 22:35:06.849 I/PTC.DISC.BleAdvertiserAdapter(29915): ptcBleStopAdvertising client=DiscoveryClient(id=accept-senseless, pkg=com.heytap.accessory, pid=29915)
06-22 22:35:06.852 I/PTC.DISC.BleAdvertiser(29915): notifyBleAdvStateChanged, state=BLE_ALL_ADV_STOPPED
06-22 22:35:06.852 I/bt_shim_advertiser( 6921): [le_advertising_manager.cc:81] Unregister: in shim layer
06-22 22:35:06.852 I/PTC.CONN.SenselessScheduleImpl(29915): --Senseless Event Changed-- handleStartEvent is BLE_ALL_ADV_STOPPED
06-22 22:35:06.852 D/Bluetooth( 6921): [le_advertising_manager.cc:761] stop_advertising: advertiser_id: 0 is_periodic: false
06-22 22:35:06.853 D/vendor.qti.bluetooth@1.0-ibs_handler( 2501): SerialClockVote: vote for UART CLK ON
06-22 22:35:06.854 D/vendor.qti.bluetooth@1.0-wake_lock( 2501): Acquire wakelock is acquired 
06-22 22:35:06.854 I/vendor.qti.bluetooth@1.0-ibs_handler( 2501): DeviceWakeUp: Writing IBS_WAKE_IND
06-22 22:35:06.855 I/SettingImpl(29915): isSenselessConnectionToggleChecked switchValue: 1, state is true
06-22 22:35:06.856 I/SettingImpl(29915): isSenselessConnectionToggleChecked switchValue: 1, state is true
06-22 22:35:06.856 I/PTC.APPCORE.ResourceObtaining(29915): expGetModelId get modelId
06-22 22:35:06.857 I/vendor.qti.bluetooth@1.0-ibs_handler( 2501): ProcessIbsCmd: Received IBS_WAKE_ACK: 0xFC
06-22 22:35:06.857 I/vendor.qti.bluetooth@1.0-ibs_handler( 2501): ProcessIbsCmd: Signal wack_cond_
06-22 22:35:06.858 D/vendor.qti.bluetooth@1.0-ibs_handler( 2501): DeviceWakeUp: Unblocked from waiting for FC, pthread_cond_timedwait ret = 0
06-22 22:35:06.858 I/Bluetooth( 6921): [le_address_manager.cc:282] unregister_client: Client unregistered
06-22 22:35:06.858 I/SettingImpl(29915): isMarketModeToggleChecked=0
06-22 22:35:06.859 I/PTC.CONN.SenselessNetworkingImpl(29915): acceptSenselessConnection, accept job is active, return
06-22 22:35:06.859 I/vendor.qti.bluetooth@1.0-ibs_handler( 2501): ProcessIbsCmd: Received IBS_WAKE_IND: 0xFD
06-22 22:35:06.859 I/vendor.qti.bluetooth@1.0-ibs_handler( 2501): ProcessIbsCmd: Writing IBS_WAKE_ACK
06-22 22:35:06.859 I/PTC.DISC.DiscCoreImpl(29915): advertise, options=DeviceAdvOptions={plan=Plan(planType=BLE), client=DiscoveryClient(id=accept-senseless, pkg=com.heytap.accessory, pid=29915), timeoutMillis=290000}
06-22 22:35:06.860 I/SettingImpl(29915): domestic quick device toggle value is 1
06-22 22:35:06.860 I/PTC.DISC.BleAdvConfig(29915): toStartAdvertiseConfig In.
06-22 22:35:06.864 W/APM::HwModule( 2751): getDeviceDescriptor: could not find HW module for device  (AUDIO_DEVICE_OUT_WIRED_HEADSET, 00000004) address 
06-22 22:35:06.864 W/APM::HwModule( 2751): getDeviceDescriptor: could not find HW module for device  (AUDIO_DEVICE_OUT_WIRED_HEADPHONE, 00000008) address 
06-22 22:35:06.865 D/AudioManager(29915): isBluetoothScoOn()=false, calling application:com.heytap.accessory
06-22 22:35:06.865 V/AudioManagerExtImpl(29915): isBluetoothA2dpOnCacheAPP result = false, uid = 10095
06-22 22:35:06.866 I/PTC.DISC.BleAdvConfig(29915): toStartAdvertiseConfig timeoutMillis: 290000
06-22 22:35:06.866 I/PTC.DISC.BleAdvertiser(29915): startAdvertise In. request(startAdvertise) traceId=da94c188-3449-40a5-9baa-b5ac9a64d9e3, client=DiscoveryClient(id=accept-senseless, pkg=com.heytap.accessory, pid=29915), details={rdi=**128188, fHide=null}
06-22 22:35:06.868 I/SettingImpl(29915): domestic quick device toggle value is 1
06-22 22:35:06.868 I/PTC.DISC.BleAdvertiser(29915): suspendableStartAdvertise client=DiscoveryClient(id=accept-senseless, pkg=com.heytap.accessory, pid=29915), timeoutMillis=290000, advertiseMode=BALANCED, strategy=Senseless
06-22 22:35:06.868 I/PTC.DISC.BleAdvertiserAdapter(29915): ptcBleStartAdvertising client=DiscoveryClient(id=accept-senseless, pkg=com.heytap.accessory, pid=29915), senseless=true
06-22 22:35:06.868 D/AdvertiseSettings(29915): setTxPowerLevel: 3
06-22 22:35:06.868 I/PTC.DISC.BleAdvertiserAdapter(29915): ManufactureSpecificData=AF302B1488004C264000000000BD778F053810
06-22 22:35:06.868 I/PTC.DISC.BleAdvertiserAdapter(29915): Not IncludeDeviceName ServiceData=C29FC6128188084F50504F2046696E6420583920556CE280A6
06-22 22:35:06.869 D/AdvertiseSettings(29915): setTxPowerLevel: 3
06-22 22:35:06.869 W/BluetoothAdapterExtImpl(29915): uid is 10095
06-22 22:35:06.869 D/BluetoothAdapter(29915): isLeEnabled(): ON
06-22 22:35:06.869 D/BluetoothLeAdvertiser(29915): TxPower == ADVERTISE_TX_POWER_HIGH
06-22 22:35:06.869 D/BluetoothAdapter(29915): isLeEnabled(): ON
06-22 22:35:06.871 I/bt_shim_advertiser( 6921): [le_advertising_manager.cc:162] StartAdvertisingSet: in shim layer
06-22 22:35:06.871 I/bt_shim_advertiser( 6921): [le_advertising_manager.cc:189] StartAdvertisingSet: create advertising set, client_id:255, reg_id:-10066
06-22 22:35:06.871 I/Bluetooth( 6921): [le_advertising_manager.cc:676] create_extended_advertiser_with_id: Scheduling address rotation for advertiser_id=0
06-22 22:35:06.871 I/Bluetooth( 6921): [le_address_manager.cc:587] GetNextPrivateAddressIntervalRange: client=advertising_set_0, nonwake=8m42s, wake=13m45s
06-22 22:35:06.871 I/Bluetooth( 6921): [le_address_manager.cc:267] register_client: Client registered
06-22 22:35:06.875 I/Bluetooth( 6921): [le_advertising_manager.cc:1780] on_set_advertising_set_random_address_complete: update random address for advertising set 0 : xx:xx:xx:xx:dd:b7
06-22 22:35:06.880 I/PTC.DISC.BleAdvertiserAdapter(29915): ptc resume suspendableStartAdvertising client=DiscoveryClient(id=accept-senseless, pkg=com.heytap.accessory, pid=29915)
06-22 22:35:06.880 I/PTC.DISC.BleAdvertiser(29915): startAdvertise Out. response(startAdvertise) traceId=da94c188-3449-40a5-9baa-b5ac9a64d9e3, client=DiscoveryClient(id=accept-senseless, pkg=com.heytap.accessory, pid=29915), result=true, exception=null, details={name=** Ultra 卫星通信版, strategy=Senseless, rdi=**128188}
06-22 22:35:06.880 I/PTC.DISC.AdvertiserContainer(29915): Advertise started, add advertising client=DiscoveryClient(id=accept-senseless, pkg=com.heytap.accessory, pid=29915)
06-22 22:35:06.919 I/vendor.qti.bluetooth@1.0-ibs_handler( 2501): ProcessIbsCmd: Received IBS_SLEEP_IND: 0xFE
06-22 22:35:06.931 I/sensors-hal( 2513): handle_oplus_wise_rgb_event:191, wise_rgb: (r, g, b, c)[326.00, 371.00, 153.00, 306.00],(r2,g2,b2,c2)[[0.00, 0.00, 0.00, 0.00], algo:5.0, flag :0
06-22 22:35:07.007 W/UserAwareMgr( 4244): event can not be released, id: 1010, count: 164, releasePid: 4244
06-22 22:35:07.048 D/VRR [OTI]( 2762): handleIdle from 0 to 1
06-22 22:35:07.048 D/VRR [RefreshRateDirector]( 2762): requestRefreshRateByOti update [ oti-hw, {fps=60, modePtr={id=1, vsyncRate=60.00 Hz, peakRefreshRate=60.00 Hz}} ]
06-22 22:35:07.048 D/VRR [RefreshRateDirector]( 2762): updateBestFrameRate [oti-hw, {fps=60, modePtr={id=1, vsyncRate=60.00 Hz, peakRefreshRate=60.00 Hz}}]
06-22 22:35:07.048 I/OplusHansManager ( 4244): uid=10490, pkg=com.examhelper.app cannot transition from R to M, importance=floatWindow
06-22 22:35:07.048 D/SurfaceFlinger( 2762): VRR [SurfaceFlinger] setDesiredActiveMode: displayId: 4630947090715748499, renderRate: 60, vsyncRate: 60, event: 0
06-22 22:35:07.048 D/DisplayModeController( 2762): setDesiredMode 4630947090715748499 {mode={fps=60.00 Hz, modePtr={id=1, vsyncRate=60.00 Hz, peakRefreshRate=60.00 Hz}}, emitEvent=false, force=false}
06-22 22:35:07.057 I/HWC2    ( 2762): [0] setActiveConfigWithConstraints[1]
06-22 22:35:07.057 I/SDM     ( 2534): SDMDisplayIris::SetActiveConfigToIrisWrapper: SetActiveConfigToIrisWrapper on id_: 0
06-22 22:35:07.057 W/SDM     ( 2534): SDMDisplayIris::SetActiveConfigToIrisWrapper: HWC SetActiveConfig [1], switch to [1440x3168@60]
06-22 22:35:07.057 I/SDM     ( 2534): SDMDisplayIris::SetActiveConfigToIrisWrapper: SetActiveConfigToIrisWrapper on id_: 0
06-22 22:35:07.057 W/SDM     ( 2534): SDMDisplayIris::SetActiveConfigToIrisWrapper: HWC SetActiveConfig [1], switch to [1440x3168@60]
06-22 22:35:07.057 D/oplus-adfr2minfps( 2534): calculateMinfps(0):mADFR2MINFPSEnable = 1 ifChangeVsyncPeriod 3 return mMinfps = 60
06-22 22:35:07.057 D/oplus-adfr2minfps( 2534): updateMinfps(0) = 60
06-22 22:35:07.057 W/SDM     ( 2534): HWDeviceDRM::GetSupportedBitClkRate: Requested rate not supported: 1363200000
06-22 22:35:07.057 I/SDM     ( 2534): HWDeviceDRM::UpdateMixerAttributes: Mixer WxH 1440x3168-1 for Peripheral
06-22 22:35:07.057 I/CwbService( 2534): CwbService::notifyConfigChange: display:0, config:1 size:5, sec.size():0
06-22 22:35:07.057 I/SDM     ( 2534): SDMDisplay::FinalizeDisplayConfig: HWC SetActiveConfig [1], switch to [1440x3168@60]
06-22 22:35:07.057 I/CasManager( 2534): Fps changed from 90 to 60, mDBV:1348
06-22 22:35:07.057 I/CasManager( 2534): Fps changed, not change bin, so trigger gain
06-22 22:35:07.057 I/SDM     ( 2534): CasQcPlugIn::CalDbvHeadRoom: headroom dbv_index:8 (1163, 1.288489) (1872, 1.196446) in_blk:1348 in_hroom:1021 hroom_scale:1.264472 out_hroom:1020 cur_dbv_ref_1024:0.997070 cur_dbv_reduce_value:0.003705
06-22 22:35:07.057 I/SDM     ( 2534): CasQcPlugIn::ProcessPerCompGainDeburnIn: old: 0 0 16 16 16 16 16 16 |  0 0 16 16 16 16 16 16 |  0 0 16 16 16 28 55 101 | 
06-22 22:35:07.057 I/SDM     ( 2534): CasQcPlugIn::ProcessPerCompGainDeburnIn: new: 0 0 29 39 28 22 20 20 |  0 0  9 24 26 24 23 22 |  0 0  9 15 19 34 71 138 | 
06-22 22:35:07.058 I/SDM     ( 2534): HWPeripheralDRM::SetPanelFeature: Set Panel feature property 20
06-22 22:35:07.058 I/SDM     ( 2534): HWPeripheralDRM::SetPanelFeature: Set Panel feature property 7
06-22 22:35:07.058 I/SDM     ( 2534): DisplayBuiltIn::TriggerDemuraOemPlugIn: Trigger demura oem plugin success
06-22 22:35:07.058 D/SDM     ( 2534): DisplayBuiltIn::setAdfr2minfpsQsyncMode: adfr2minfps + qsync minfps change to: 8388796 008000BC
06-22 22:35:07.058 E/SDM     ( 2534): DRMConnector::Perform: Connector 70: Setting Qsync min fps 8388796
06-22 22:35:07.058 I/SDM     ( 2534): DRMPanelFeatureMgr::ApplyDirtyFeature: Commited panel feature [enabled]: 21-276
06-22 22:35:07.058 I/SDM     ( 2534): DRMPanelFeatureMgr::ApplyDirtyFeature: Commited panel feature [enabled]: 8-275
06-22 22:35:07.058 D/SDM     ( 2534): HWDeviceDRM::SetupAtomic: APUIR: m_isswitchfps 2
06-22 22:35:07.068 D/SDM     ( 2534): HWDeviceDRM::SetupAtomic: APUIR: m_isswitchfps 1
06-22 22:35:07.079 I/oplus-adfr2minfps( 2534): needChangeMinfps(0) mParamFromWhich 0 isOpenHistogram(0) Enable 1(debug-0:sensor-0:panelNit-1:gray-1), NeedUpdateMinfps 1(n-0:g-0:s-0:v-1), mPanelNit 94.061325(nitId-0:grayId-0:lastfpsId-2), mPowerMode 2(1 0) mRgbInfo 0(Sum-1.000000:Max-1.000000) fodstatus(0) sensorlux(0) isDark(0)
06-22 22:35:07.079 D/oplus-adfr2minfps( 2534): calculateMinfps(0) mParamFromWhich 0: mMinfps = 1 mPanelNit = 94.061325
06-22 22:35:07.079 D/oplus-adfr2minfps( 2534): updateMinfps(0) = 1
06-22 22:35:07.087 D/SDM     ( 2534): DisplayBuiltIn::setAdfr2minfpsQsyncMode: adfr2minfps + qsync minfps change to: 8388737 00800081
06-22 22:35:07.088 E/SDM     ( 2534): DRMConnector::Perform: Connector 70: Setting Qsync min fps 8388737
06-22 22:35:07.088 D/SDM     ( 2534): HWDeviceDRM::SetupAtomic: APUIR: m_isswitchfps 0
06-22 22:35:07.097 D/skia    ( 2762): findCacheMissInfo vsync 949403367, result 0
06-22 22:35:07.118 D/VRR [OPlusRefreshRateService]( 4244): handleConfigIdChange physicalDisplayId: 4630947090715748499 configId: 1 renderPeriod: 16666667
06-22 22:35:07.118 D/VRR [OPlusGameStatusManager]( 4244): updateGameState mOSyncFeatureSwitch: false mIsGamePolicy: false
06-22 22:35:07.118 D/VRR [OPlusGameStatusManager]( 4244): updateGameAccelerationStatus pkgName: com.dlxx.mam.Internal mOSyncFeatureSwitch: false mIsGamePolicy: false mHeartStop: false mHasFlickerRisk: false mForceAcceleration: false mToastReady: false enable: false
06-22 22:35:07.119 D/VRR [OPlusExternalRefreshRateManager]( 4244): handleOtiHistSwitch false
06-22 22:35:07.119 D/VRR [OPlusSurfaceFlingerController]( 4244):  setOtiHistogramSwitch : false
06-22 22:35:07.119 D/OplusHistogram( 2762): switch config: 0
06-22 22:35:07.128 I/vendor.qti.bluetooth@1.0-ibs_handler( 2501): DeviceSleep: TX Awake, Sending SLEEP_IND
06-22 22:35:07.129 D/vendor.qti.bluetooth@1.0-ibs_handler( 2501): SerialClockVote: vote for UART CLK OFF
06-22 22:35:07.159 D/BatteryChargeControl( 2611): bcc get no support from charging protocol
06-22 22:35:07.279 D/vendor.qti.bluetooth@1.0-wake_lock( 2501): Release wakelock is released 
06-22 22:35:07.306 I/sensors-hal( 2513): handle_oplus_wise_rgb_event:191, wise_rgb: (r, g, b, c)[326.00, 359.00, 156.00, 306.00],(r2,g2,b2,c2)[[0.00, 0.00, 0.00, 0.00], algo:5.0, flag :0
06-22 22:35:07.398 D/CommonApp-1115-10466( 6875): transport layer data is invalid
06-22 22:35:07.398 D/CommonApp-1115-10406( 6875): transport layer data is invalid
06-22 22:35:07.479 I/13300PAS[17001002][00723ff].ResourceTrigger(13300): finishAlign
06-22 22:35:07.480 I/13300PAS[17001002][00723ff].PolicyDispatcher_Travel(13300): dispatchToMultiPolicy: policyResourceArray= {20030=[ResourceTriggerTask{mResourceId=10009}], 20034=[ResourceTriggerTask{mResourceId=10009}]}
06-22 22:35:07.481 I/13300PAS[17001002][00723ff].PolicyDispatcher_Travel(13300): dispatchMultiplePolicy acquire success result = true
06-22 22:35:07.481 I/13300PAS[17001002][00723ff].PolicyManager(13300): handleDispatchRequest  Thread is pool-23-thread-1
06-22 22:35:07.483 I/9146UMS[16057000][c120d46].ResourceTrigger( 9146): finishAlign
06-22 22:35:07.484 I/OplusBinderProxy( 4244): pb 10349->17463 desc:IContentObserver/2
06-22 22:35:07.484 I/9146UMS[16057000][c120d46].PolicyDispatcher_Travel( 9146): dispatchToMultiPolicy: policyResourceArray= {20030=[ResourceTriggerTask{mResourceId=10001}], 20034=[ResourceTriggerTask{mResourceId=10001}]}
06-22 22:35:07.484 I/9146UMS[16057000][c120d46].PolicyDispatcher_Travel( 9146): dispatchMultiplePolicy acquire success result = true
06-22 22:35:07.484 I/9146UMS[16057000][c120d46].PolicyManager( 9146): handleDispatchRequest  Thread is pool-18-thread-1
06-22 22:35:07.484 I/13300PAS[17001002][00723ff].ExpressVersionUtils_Travel(13300): createSceneSupportList uleEngine = 3000018 umsVersion = 3000018   metisSupportNewExpress = true
06-22 22:35:07.485 I/13300PAS[17001002][00723ff].ExpressVersionUtils_Travel(13300): createSceneSupportList uleEngine = 3000018 umsVersion = 3000018   metisSupportNewExpress = true
06-22 22:35:07.485 I/13300PAS[17001002][00723ff].MigrateUmsMonitor_Travel(13300): isMigrateToUms: ums meta-data = true
06-22 22:35:07.485 I/13300PAS[17001002][00723ff].HomeAndCompanyPolicy_Travel(13300): handleTriggerEvent: resourceTriggerTasks = [ResourceTriggerTask{mResourceId=10009}]
06-22 22:35:07.485 I/9146UMS[16057000][c120d46].HomeAndCompanyPolicy_Travel( 9146): handleTriggerEvent: resourceTriggerTasks = [ResourceTriggerTask{mResourceId=10001}]
06-22 22:35:07.485 I/9146UMS[16057000][c120d46].HomeAndCompanyPolicy_Travel( 9146): handleEvent: resource = [10001]
06-22 22:35:07.486 D/LocationManagerExtImpl( 9146): getLastLocation provider: gps, uid: 10140, com.oplus.pantanal.ums
06-22 22:35:07.486 D/LocationManagerExtImpl( 9146): getLastLocation don't containsKey
06-22 22:35:07.486 I/13300PAS[17001002][00723ff].MigrateUmsMonitor_Travel(13300): isMigrateToUms: ums pre-permission(cache) = true
06-22 22:35:07.486 I/13300PAS[17001002][00723ff].MigrateUmsMonitor_Travel(13300): isMigrateToUms: ums meta-data = true
06-22 22:35:07.486 I/13300PAS[17001002][00723ff].MigrateUmsMonitor_Travel(13300): isMigrateToUms: ums pre-permission(cache) = true
06-22 22:35:07.486 I/13300PAS[17001002][00723ff].HomeAndCompanyPolicy_Travel(13300): handleTriggerEvent isMigrateToUms true, return
06-22 22:35:07.486 I/9146UMS[16057000][c120d46].LocationModeHelper( 9146): isLocationServiceEnabled current location mode is 3
06-22 22:35:07.486 I/13300PAS[17001002][00723ff].MigrateUmsMonitor_Travel(13300): isMigrateToUms: ums meta-data = true
06-22 22:35:07.486 I/13300PAS[17001002][00723ff].MigrateUmsMonitor_Travel(13300): isMigrateToUms: ums pre-permission(cache) = true
06-22 22:35:07.486 I/13300PAS[17001002][00723ff].CityPolicy_Travel(13300): isMigrateToUms true, return
06-22 22:35:07.487 D/LocationManagerExtImpl( 9146): saveLastLocation provider: gps don't contains
06-22 22:35:07.487 I/13300PAS[17001002][00723ff].MigrateUmsMonitor_Travel(13300): isMigrateToUms: ums meta-data = true
06-22 22:35:07.487 I/13300PAS[17001002][00723ff].MigrateUmsMonitor_Travel(13300): isMigrateToUms: ums pre-permission(cache) = true
06-22 22:35:07.488 I/9146UMS[16057000][c120d46].HomeAndCompanyPolicy_Travel( 9146): handleLocationResource: network
06-22 22:35:07.489 I/9146UMS[16057000][c120d46].HomeAndCompanyPolicy_Travel( 9146): HomeScene: statusInfo = SceneStatusInfo{mId=3, mSceneId=101, mSceneStatus=2, et='1782084709631', st='1782129753270', mBusinessId='null'}mWifiName = LK*mWifiBssid = null
06-22 22:35:07.489 I/9146UMS[16057000][c120d46].HomeAndCompanyPolicy_Travel( 9146): CompanyScene: statusInfo = SceneStatusInfo{mId=4, mSceneId=102, mSceneStatus=0, et='1782121553767', st='1782087666749', mBusinessId='null'}mWifiName = TT-*mWifiBssid = null
06-22 22:35:07.491 I/9146UMS[16057000][c120d46].HomeAndCompanyPolicy_Travel( 9146): matchLocationSequence: handle home
06-22 22:35:07.492 I/9146UMS[16057000][c120d46].CityPolicy_Travel( 9146): handleCityChangeResource: city equal
06-22 22:35:07.492 E/9146UMS[16057000][c120d46].PolicyManager( 9146): acceptHandleResult, hanleResult is null
06-22 22:35:07.492 I/13300PAS[17001002][00723ff].ExpressLocationUtils_Travel(13300): location listener onChange:**********
06-22 22:35:07.492 I/9146UMS[16057000][c120d46].PolicyManager_Travel( 9146): finish executePolicy, policyId is 20034, resIds is [ResourceTriggerTask{mResourceId=10001}], spendTime = 7
06-22 22:35:07.493 E/13300PAS[17001002][00723ff].PolicyManager(13300): acceptHandleResult, hanleResult is null
06-22 22:35:07.493 E/13300PAS[17001002][00723ff].PolicyManager(13300): acceptHandleResult, hanleResult is null
06-22 22:35:07.493 I/13300PAS[17001002][00723ff].PolicyManager_Travel(13300): finish executePolicy, policyId is 20030, resIds is [ResourceTriggerTask{mResourceId=10009}], spendTime = 9
06-22 22:35:07.493 I/13300PAS[17001002][00723ff].PolicyManager_Travel(13300): finish executePolicy, policyId is 20034, resIds is [ResourceTriggerTask{mResourceId=10009}], spendTime = 8
06-22 22:35:07.493 I/13300PAS[17001002][00723ff].PolicyDispatcher(13300): onDispatchResult  Thread is pool-23-thread-1
06-22 22:35:07.493 I/13300PAS[17001002][00723ff].PolicyDispatcher(13300): requestDispatchScene  results size is 0,Thread is pool-23-thread-1
06-22 22:35:07.494 I/13300PAS[17001002][00723ff].PolicyDispatcher_Travel(13300): onDispatchResult
06-22 22:35:07.494 I/13300PAS[17001002][00723ff].ExpressLocationUtils_Travel(13300): allStationPos size = 0
06-22 22:35:07.494 I/13300PAS[17001002][00723ff].ExpressLocationUtils_Travel(13300): location listener onChange:**********
06-22 22:35:07.494 I/13300PAS[17001002][00723ff].PolicyDispatcher_Travel(13300): dispatchToMultiPolicy: spendTime = 14
06-22 22:35:07.494 I/13300PAS[17001002][00723ff].UserProfileDao(13300): WeakReference have info
06-22 22:35:07.494 I/13300PAS[17001002][00723ff].UserProfileDao(13300): WeakReference have info
06-22 22:35:07.494 I/13300PAS[17001002][00723ff].ExpressLocationUtils_Travel(13300): get home location pos = 29.571988,106.204283
06-22 22:35:07.494 I/13300PAS[17001002][00723ff].ExpressLocationUtils_Travel(13300): allStationPos size = 0
06-22 22:35:07.494 I/13300PAS[17001002][00723ff].UserProfileDao(13300): WeakReference have info
06-22 22:35:07.494 I/13300PAS[17001002][00723ff].UserProfileDao(13300): WeakReference have info
06-22 22:35:07.494 I/13300PAS[17001002][00723ff].ExpressLocationUtils_Travel(13300): get home location pos = 29.571988,106.204283
06-22 22:35:07.496 I/9146UMS[16057000][c120d46].HomeAndCompanyPolicy_Travel( 9146): getDistanceFactor: sDistanceFactor = 300
06-22 22:35:07.496 I/9146UMS[16057000][c120d46].HomeAndCompanyPolicy_Travel( 9146): getDistanceFactor: new factor = 300
06-22 22:35:07.496 I/9146UMS[16057000][c120d46].HomeAndCompanyPolicy_Travel( 9146): init: home factor = 300
06-22 22:35:07.496 I/9146UMS[16057000][c120d46].HomeAndCompanyPolicy_Travel( 9146): init: isActiveLocationTask = false, taskSceneId = 0
06-22 22:35:07.496 I/13300PAS[17001002][00723ff].ExpressLocationUtils_Travel(13300): getDistanceFromTarget target = 29.571988,106.204283 distanceFromTarget = 22.303119370351048
06-22 22:35:07.496 I/13300PAS[17001002][00723ff].ExpressLocationUtils_Travel(13300): getDistanceFromTarget target = 29.571988,106.204283 distanceFromTarget = 22.303119370351048
06-22 22:35:07.496 I/13300PAS[17001002][00723ff].ExpressLocationUtils_Travel(13300):  hasLeftTargetPos: false hasTriggeredAction: true enterTagetPos: true getHasLeftTargetPos: false
06-22 22:35:07.496 I/13300PAS[17001002][00723ff].ExpressLocationUtils_Travel(13300):  hasLeftTargetPos: false hasTriggeredAction: true enterTagetPos: true getHasLeftTargetPos: false
06-22 22:35:07.496 I/13300PAS[17001002][00723ff].ExpressLocationUtils_Travel(13300): checkCurrentLocation twoPointDistance = 638.2364753729167
06-22 22:35:07.496 I/13300PAS[17001002][00723ff].ExpressLocationUtils_Travel(13300): checkCurrentLocation twoPointDistance = 638.2364753729167
06-22 22:35:07.497 I/9146UMS[16057000][c120d46].HomeAndCompanyPolicy_Travel( 9146): getNextSceneStatus: locationSequence = 000
06-22 22:35:07.497 I/9146UMS[16057000][c120d46].HomeAndCompanyPolicy_Travel( 9146): getNextSceneStatus: is enter sequence.
06-22 22:35:07.497 I/9146UMS[16057000][c120d46].HomeAndCompanyPolicy_Travel( 9146): shouldRetryMatchWifi: last fail status = -1
06-22 22:35:07.497 I/9146UMS[16057000][c120d46].HomeAndCompanyPolicy_Travel( 9146): matchLocationSequence: currentStatus = 2, home_location selection = 1
06-22 22:35:07.497 I/9146UMS[16057000][c120d46].HomeAndCompanyPolicy_Travel( 9146): matchLocationSequence: handle company
06-22 22:35:07.497 I/9146UMS[16057000][c120d46].HomeAndCompanyPolicy_Travel( 9146): getDistanceFactor: sDistanceFactor = 500
06-22 22:35:07.497 I/9146UMS[16057000][c120d46].HomeAndCompanyPolicy_Travel( 9146): getDistanceFactor: new factor = 500
06-22 22:35:07.497 I/9146UMS[16057000][c120d46].HomeAndCompanyPolicy_Travel( 9146): init: company factor = 500
06-22 22:35:07.497 I/9146UMS[16057000][c120d46].HomeAndCompanyPolicy_Travel( 9146): init: isActiveLocationTask = false, taskSceneId = 0
06-22 22:35:07.498 I/9146UMS[16057000][c120d46].HomeAndCompanyPolicy_Travel( 9146): getNextSceneStatus: locationSequence = 222
06-22 22:35:07.498 I/9146UMS[16057000][c120d46].HomeAndCompanyPolicy_Travel( 9146): getNextSceneStatus: is exit sequence.
06-22 22:35:07.498 I/9146UMS[16057000][c120d46].HomeAndCompanyPolicy_Travel( 9146): shouldRetryMatchWifi: last fail status = -1
06-22 22:35:07.498 I/9146UMS[16057000][c120d46].HomeAndCompanyPolicy_Travel( 9146): matchLocationSequence: currentStatus = 0, company_location selection = 0
06-22 22:35:07.498 I/9146UMS[16057000][c120d46].HomeAndCompanyPolicy_Travel( 9146): handleLocationResource: is not match location scene.
06-22 22:35:07.499 D/EventBus( 9146): No subscribers registered for event class com.oplus.advice.framework.datacollect.database.bean.UserProfileInfo
06-22 22:35:07.499 D/EventBus( 9146): No subscribers registered for event class org.greenrobot.eventbus.NoSubscriberEvent
06-22 22:35:07.499 I/9146UMS[16057000][c120d46].PolicyManager( 9146): acceptHandleResult, hanleResult is PolicyHandleResult{mPolicyId=20030, mIsNeedDispatch=false}
06-22 22:35:07.499 I/9146UMS[16057000][c120d46].PolicyManager_Travel( 9146): finish executePolicy, policyId is 20030, resIds is [ResourceTriggerTask{mResourceId=10001}], spendTime = 14
06-22 22:35:07.499 I/9146UMS[16057000][c120d46].PolicyDispatcher( 9146): onDispatchResult  Thread is pool-18-thread-1
06-22 22:35:07.499 I/9146UMS[16057000][c120d46].PolicyDispatcher( 9146): requestDispatchScene  results size is 1,Thread is pool-18-thread-1
06-22 22:35:07.499 W/9146UMS[16057000][c120d46].SceneDispatcher( 9146): createSceneByPolicyId, result is null or need not dispatch, result:PolicyHandleResult{mPolicyId=20030, mIsNeedDispatch=false}
06-22 22:35:07.499 I/9146UMS[16057000][c120d46].PolicyDispatcher_Travel( 9146): onDispatchResult
06-22 22:35:07.499 I/9146UMS[16057000][c120d46].PolicyDispatcher_Travel( 9146): dispatchToMultiPolicy: spendTime = 15
06-22 22:35:07.555 I/sensors-hal( 2513): handle_oplus_wise_rgb_event:191, wise_rgb: (r, g, b, c)[330.00, 362.00, 150.00, 307.00],(r2,g2,b2,c2)[[0.00, 0.00, 0.00, 0.00], algo:5.0, flag :0
06-22 22:35:07.582 D/RadioProxyJ[0]( 6875): [355042553]> getAllCellularCellInfo
06-22 22:35:07.583 D/subsys_daemon( 3999): Sending async request to service 1, msgId=1, dataLen=0
06-22 22:35:07.583 D/subsys_daemon( 3999): IPC TX: 00000000: 42 53 00 01 01 00 04 00 00 00 00 00 00 00 00 00  | Total: 16 bytes
06-22 22:35:07.583 D/QmiVsClient( 3999): sendIpcRequest - enter
06-22 22:35:07.584 D/UsageStatsService( 4244): User[0] type=0 b=1782138782727 e=1782138907583 cb=1782102908280 ce=1782138897476 disk=0 all=20
06-22 22:35:07.585 D/subsys_daemon( 3999): IPC RX: 00000000: 42 53 01 01 01 00 08 3c 00 00 00 00 36 01 00 00 0a 4a 08 b5 91 ee a4 f8 ff ff ff ff 01 10 14 18 cc 03 28 e4 80 98 01 30 81 e0 d6 de 33 38 c2 07 40 29 48 9e e9 1e 50 64 5a 1d 08 ae f9 ff ff ff  | Total: 326 bytes (showing first 64)
06-22 22:35:07.585 D/IpcServiceManager( 3999): receive rsp msg 1 of service 1 from channel 0
06-22 22:35:07.585 D/IpcNasProxy( 3999): handleMessage msg is 4002
06-22 22:35:07.585 D/RadioProxy( 3999): getAllCellInfo : response cb for instance 0
06-22 22:35:07.585 D/SubsysRadioResponse( 6875): getAllCellularCellInfoResponse
06-22 22:35:07.585 D/SubsysRadioResponse( 6875): responseAllCellularCellInfo len:5
06-22 22:35:07.585 D/RadioProxyJ[0]( 6875): [355042553]< getAllCellularCellInfoResponse ******
06-22 22:35:07.585 D/NetworkService[0]( 6875): getAllCellularCellInfo resp success
06-22 22:35:07.648 D/ExamAccessibility(16916): Q20 no option nodes left, falling back to toggle click
06-22 22:35:07.804 I/sensors-hal( 2513): handle_oplus_wise_rgb_event:191, wise_rgb: (r, g, b, c)[326.00, 361.00, 154.00, 306.00],(r2,g2,b2,c2)[[0.00, 0.00, 0.00, 0.00], algo:5.0, flag :0
06-22 22:35:07.804 D/FusionLightNextGen( 4244): process end reported = 1, mode: 0, cnt: 182530, lux 49.8, cct -1.0, r/g/b/c: 326.0/361.0/154.0/306.0, R/G/B: -1.0/-1.0/-1.0, bri 1348.0, match 0.00, ir 0.124257, conf 0.0, ts 2230467080062211
06-22 22:35:07.852 I/SystemUi--Statusbar( 5948): OplusNetworkSpeedControllExImpl-->updateNetworkSpeed: isConnected:true,isSwitchOn:true,isSuspend:false,isPause:false
06-22 22:35:07.853 D/PowerManagerService( 4244): userActivityNoUpdateLocked: groupId=0, eventTime=1537666467, event=accessibility, flags=0x0, uid=1000
06-22 22:35:07.853 I/SystemUi--Statusbar( 5948): OplusNetworkSpeedControllExImpl-->getTotalByte: totalRxBytes:92872165517,totalTxBytes:17545786627,loopbackTxBytes:2158946819,loopbackRxBytes:2159079142 ,totalBytes:106099926183
06-22 22:35:07.854 D/ActivityTaskManager( 4244): NFW_setLastResumedActivityUncheckLocked:false r:ActivityRecord{141264397 u0 com.dlxx.mam.Internal/com.tencent.wework.common.web.JsWebActivity t4282} currentFocus:Window{22c888c u0 com.dlxx.mam.Internal/com.tencent.wework.common.web.JsWebActivity}
06-22 22:35:07.855 D/ExamAccessibility(16916): Q20 toggle fallback: sel=B → 错误 (skip=3)
06-22 22:35:07.883 D/skia    ( 2762): findCacheMissInfo vsync 949403375, result 0
06-22 22:35:07.883 D/skia    ( 2762): findCacheMissInfo vsync 949403383, result 0
06-22 22:35:08.011 D/sgccSocket(14091): [<#-#>486513390784<#-#>] 2026-06-22 22:35:08 ProcessClientRead ret:1816, appfd:894, clientMode:0, http_body_exceed_max:0
06-22 22:35:08.011 D/sgccSocket(14091): [<#-#>483698660544<#-#>] 2026-06-22 22:35:08 [=sslConnPoolThread=]get condition!,pool size = 5,producer working
06-22 22:35:08.011 I/sgccSocket(14091): [<#-#>483698660544<#-#>] 2026-06-22 22:35:08 ssl conn pool send heatbeat
06-22 22:35:08.011 I/sgccSocket(14091): [<#-#>486513390784<#-#>] 2026-06-22 22:35:08 Processing server[proxy appfd 894] write: 1826,sslerr: 0
06-22 22:35:08.012 I/sgccSocket(14091): [<#-#>483698660544<#-#>] 2026-06-22 22:35:08 [sendHeartbeat]: 6,sslerr:0
06-22 22:35:08.012 I/sgccSocket(14091): [<#-#>483698660544<#-#>] 2026-06-22 22:35:08 ssl conn pool send heatbeat
06-22 22:35:08.012 I/sgccSocket(14091): [<#-#>483698660544<#-#>] 2026-06-22 22:35:08 [sendHeartbeat]: 6,sslerr:0
06-22 22:35:08.012 I/sgccSocket(14091): [<#-#>483698660544<#-#>] 2026-06-22 22:35:08 ssl conn pool send heatbeat
06-22 22:35:08.012 I/sgccSocket(14091): [<#-#>483698660544<#-#>] 2026-06-22 22:35:08 [sendHeartbeat]: 6,sslerr:0
06-22 22:35:08.012 I/sgccSocket(14091): [<#-#>483698660544<#-#>] 2026-06-22 22:35:08 ssl conn pool send heatbeat
06-22 22:35:08.012 I/sgccSocket(14091): [<#-#>483698660544<#-#>] 2026-06-22 22:35:08 [sendHeartbeat]: 6,sslerr:0
06-22 22:35:08.053 I/sensors-hal( 2513): handle_oplus_wise_rgb_event:191, wise_rgb: (r, g, b, c)[334.00, 352.00, 153.00, 309.00],(r2,g2,b2,c2)[[0.00, 0.00, 0.00, 0.00], algo:5.0, flag :0
06-22 22:35:08.115 D/sgccSocket(14091): [<#-#>483698660544<#-#>] 2026-06-22 22:35:08 [=sslConnPoolThread=]get condition!,pool size = 5,producer working
06-22 22:35:08.116 D/sgccSocket(14091): [<#-#>486513390784<#-#>] 2026-06-22 22:35:08 Processing server[proxy appfd 894] read: 735,time=0,sslerr:0
06-22 22:35:08.116 D/sgccSocket(14091): [<#-#>483698660544<#-#>] 2026-06-22 22:35:08 [trySslRead]: 6,time=1,sslerr:0
06-22 22:35:08.116 D/sgccSocket(14091): [<#-#>486513390784<#-#>] 2026-06-22 22:35:08 ProcessServerPacket recv:725
06-22 22:35:08.116 D/sgccSocket(14091): [<#-#>483698660544<#-#>] 2026-06-22 22:35:08 [trySslRead]: 6,time=0,sslerr:0
06-22 22:35:08.116 D/sgccSocket(14091): [<#-#>483698660544<#-#>] 2026-06-22 22:35:08 [trySslRead]: 6,time=0,sslerr:0
06-22 22:35:08.116 D/sgccSocket(14091): [<#-#>483698660544<#-#>] 2026-06-22 22:35:08 [trySslRead]: 6,time=0,sslerr:0
06-22 22:35:08.116 D/sgccSocket(14091): [<#-#>483698660544<#-#>] 2026-06-22 22:35:08 [=sslConnPoolThread=]get condition!,pool size = 5,producer working
06-22 22:35:08.116 D/sgccSocket(14091): [<#-#>486513390784<#-#>] 2026-06-22 22:35:08 Processing client write:725, appfd:894
06-22 22:35:08.159 D/BatteryChargeControl( 2611): bcc get no support from charging protocol
06-22 22:35:08.302 I/sensors-hal( 2513): handle_oplus_wise_rgb_event:191, wise_rgb: (r, g, b, c)[333.00, 348.00, 152.00, 307.00],(r2,g2,b2,c2)[[0.00, 0.00, 0.00, 0.00], algo:5.0, flag :0
06-22 22:35:08.422 D/CommonApp-1115-10466( 6875): transport layer data is invalid
06-22 22:35:08.422 D/CommonApp-1115-10406( 6875): commonScoreStrategy scenarios 5 mdnsScore=0
06-22 22:35:08.422 D/CommonApp-1115-10406( 6875): notifyScoreChange appScene COMMON score 100
06-22 22:35:08.488 D/LocationManagerExtImpl( 9146): handleMessage: remove location cache
06-22 22:35:08.490 D/VendorWifiService( 6875): onEvent event:9,action:1
06-22 22:35:08.496 D/ScorerUtils( 4244): isLowTraffic: txTputKBps=1, rxTputKBps=0
06-22 22:35:08.496 D/OplusWifiPower_TriggerCenter( 4244): mComponentCallback: wifistat
06-22 22:35:08.539 W/UserAwareMgr( 4244): event can not be released, id: 1010, count: 164, releasePid: 4244
06-22 22:35:08.539 W/UserAwareMgr( 4244): event can not be released, id: 1010, count: 164, releasePid: 4244
06-22 22:35:08.551 I/sensors-hal( 2513): handle_oplus_wise_rgb_event:191, wise_rgb: (r, g, b, c)[341.00, 365.00, 152.00, 323.00],(r2,g2,b2,c2)[[0.00, 0.00, 0.00, 0.00], algo:5.0, flag :0
06-22 22:35:08.624 W/OPLUS_LOG_LOAD( 3881): ==LOGS PROG INFO, prog(com.oplus.camera) ==
06-22 22:35:08.624 I/APS_ALOG( 3881): flushRoutine g_immediateFlush=0 g_pendingCount=0 g_oobCount=0
06-22 22:35:08.801 I/sensors-hal( 2513): handle_oplus_wise_rgb_event:191, wise_rgb: (r, g, b, c)[336.00, 374.00, 154.00, 327.00],(r2,g2,b2,c2)[[0.00, 0.00, 0.00, 0.00], algo:5.0, flag :0
06-22 22:35:08.885 D/osense.compress( 4244): com.coloros.shortcuts do shrink, target ratio = 34, final ratio = 100, cur ratio = 0
06-22 22:35:08.894 I/xx.mam.Internal(14091): HeapTask is not gc_task
06-22 22:35:08.916 D/vendor.oplus.hardware.charger-V11-service( 2611): ret_value:161, read content:,351,346,4388,4388,-1675,89,91,1,9,0,1987,4619,91,1,4510,4400,2000,0,6,-22,6,0,1,0,2,0,0,0,1,7086,100,4229,6073,6884,712,0,0,0,0,0,0,88.21,91,90.79,87.37,88.43,
06-22 22:35:08.916 D/vendor.oplus.hardware.charger-V11-service( 2611): gmtime: 2026-06-22-22-35-08
06-22 22:35:08.917 D/vendor.oplus.hardware.charger-V11-service( 2611): usb_online:1, ac_online:-2147483648, wireless_online:0
06-22 22:35:08.919 W/UserAwareMgr( 4244): event can not be released, id: 1010, count: 164, releasePid: 4244
06-22 22:35:09.049 I/sensors-hal( 2513): handle_oplus_wise_rgb_event:191, wise_rgb: (r, g, b, c)[325.00, 357.00, 149.00, 304.00],(r2,g2,b2,c2)[[0.00, 0.00, 0.00, 0.00], algo:5.0, flag :0
06-22 22:35:09.049 I/sensors-hal( 2513): handle_oplus_wise_rgb_event:217, high_pwm_light:lux 48.8,cct 3880.3,brl/algo/ir 1348.0/5.0/0.0,pwm/dc 0.0/0.0,rgbc 325.000000/357.000000/149.000000/304.000000,ts 2230468325283982,cnt 36345,flag 0
06-22 22:35:09.049 D/FusionLightNextGen( 4244): process end reported = 1, mode: 0, cnt: 182535, lux 49.3, cct -1.0, r/g/b/c: 325.0/357.0/149.0/304.0, R/G/B: -1.0/-1.0/-1.0, bri 1348.0, match 0.00, ir 0.127138, conf 0.0, ts 2230468325283982
06-22 22:35:09.160 D/BatteryChargeControl( 2611): bcc get no support from charging protocol
06-22 22:35:09.299 I/sensors-hal( 2513): handle_oplus_wise_rgb_event:191, wise_rgb: (r, g, b, c)[329.00, 371.00, 153.00, 312.00],(r2,g2,b2,c2)[[0.00, 0.00, 0.00, 0.00], algo:5.0, flag :0
06-22 22:35:09.377 V/AlarmManager( 4244): sending alarm Alarm{4eeeb66 type 3 origWhen 2230439078 whenElapsed 2230439078 android} uid 1000 whenElapsed 2230439078 windowLength 29603 maxWhenElapsed 2230468681 repeatInterval 0 action null component null tag *job.delay* flags 0x0 procName system_server
06-22 22:35:09.378 V/AlarmManager( 4244): sending alarm Alarm{601ff54 type 3 origWhen 2230459918 whenElapsed 2230459918 android} uid 1000 whenElapsed 2230459918 windowLength 225000 maxWhenElapsed 2230684918 repeatInterval 300000 action oplus.intent.action.LINKPOWER_LOOP_ALARM component null flags 0x8 procName system_server
06-22 22:35:09.379 V/AlarmManager( 4244): sending alarm Alarm{96e57f2 type 3 origWhen 2230433611 whenElapsed 2230433611 com.oplus.metis} uid 10120 whenElapsed 2230433611 windowLength 44999 maxWhenElapsed 2230478610 repeatInterval 0 action com.oplus.action.PID_TIMER_CHECK component null flags 0x8 procName com.oplus.metis
06-22 22:35:09.381 V/AlarmManager( 4244): sending alarm Alarm{bc80df9 type 3 origWhen 2230459305 whenElapsed 2230459305 com.oplus.obrain} uid 1000 whenElapsed 2230459305 windowLength 225000 maxWhenElapsed 2230684305 repeatInterval 300000 action MIDAS FIVE MINUTE CLOCK ACTION component null flags 0x8 procName com.oplus.midas
06-22 22:35:09.381 I/LinkPower( 4244): [Main] notifyLoopTick in
06-22 22:35:09.381 I/LinkPower( 4244): [JudgeRule] name:freeze finalCheckAction scene is 1001
06-22 22:35:09.381 I/LinkPower( 4244): [JudgeCommSceneProcess] commInfo mRusTimeInfo is 300 mSceneState is 1 mActiveFlag is 0 runTime is 0
06-22 22:35:09.381 I/LinkPower( 4244): [JudgeRule] name:freeze finalCheckAction TIME_UNSATISFY
06-22 22:35:09.381 E/LinkPower( 4244): [JudgeMonitorProcess] failed to deleteLastRecord, mMonitorRecordAccumulate is empty!
06-22 22:35:09.381 E/LinkPower( 4244): [JudgeMonitorProcess] failed to deleteLastRecord, mMonitorRecordAccumulate is empty!
06-22 22:35:09.381 I/LinkPower( 4244): [JudgeRule] name:freeze finalCheckAction resule ruleState: false commSeceneFlag: 0 monitorFlag: 0
06-22 22:35:09.382 V/AlarmManager( 4244): sending alarm Alarm{ae39b9f type 3 origWhen 2230463566 whenElapsed 2230463566 com.oplus.metis} uid 10120 whenElapsed 2230463566 windowLength 225000 maxWhenElapsed 2230688566 repeatInterval 0 action com.oplus.action.TIMER_ALARM_TASK component null flags 0x8 procName com.oplus.metis
06-22 22:35:09.385 I/midasd  ( 7696): OplusObrainService::notifyEventInt eventId:49 iParam:0
06-22 22:35:09.387 E/midasd  ( 7696): Gpu the power model error, power model freq size 17, opp_logs freq size 18
06-22 22:35:09.387 I/OplusObrain(16944): OplusObrainClientInvoke.nativeGetTelephonyInfo
06-22 22:35:09.389 I/metis_v2_WeatherWakeUp(10195): notifyChange ...
06-22 22:35:09.389 I/OplusObrain(16944): OplusObrainClientInvoke.nativeGetTrafficTypeInfoForNetworkType networkType 0
06-22 22:35:09.390 E/midasd  ( 7696): getTotalFlipsFromSf mCurFrameCount: 27580703
06-22 22:35:09.390 I/midasd  ( 7696): DisplayAgent updateDisplayDevInfo getRenderFps mFps:60 mRenderFps:39 mWidth:1440 mHeight:3168
06-22 22:35:09.390 D/KernelStatsHelper( 4244): getKernelStats start!
06-22 22:35:09.392 D/ActivityManager( 4244): sync unfroze 16267 com.android.mms for 6
06-22 22:35:09.393 D/ActivityManager( 4244): sync unfroze 16697 com.oplus.notificationmanager for 6
06-22 22:35:09.395 E/android.hardware.power.stats-impl.oplus( 2578): HandleFactory::read open charger_input_current_now(/proc/charger/input_current_now) failed! fd: -1 errno: 2
06-22 22:35:09.395 W/android.hardware.power.stats-impl.oplus( 2578): PruneException: Unknown binder exception (2) pruned into EX_TRANSACTION_FAILED
06-22 22:35:09.395 W/midasd  ( 7696): handleFactory read failed.
06-22 22:35:09.396 D/OplusNetlinkSocket( 4244): handleNetlinkRecvKernelMessage:nlmsghdr:StructNlMsgHdr{ nlmsg_len{3004}, nlmsg_type{42()}, nlmsg_flags{0()}, nlmsg_seq{0}, nlmsg_pid{278140519} }
06-22 22:35:09.396 D/KernelStatsHelper( 4244): get magic :[-1, -1, -1, 77, 65, 71, 73, 67]
06-22 22:35:09.396 D/KernelStatsHelper( 4244): magic matched count:1106 data_len:57512
06-22 22:35:09.396 D/OplusNetlinkSocket( 4244): handleNetlinkRecvKernelMessage:nlmsghdr:StructNlMsgHdr{ nlmsg_len{2988}, nlmsg_type{42()}, nlmsg_flags{0()}, nlmsg_seq{0}, nlmsg_pid{278140519} }
06-22 22:35:09.396 D/OplusNetlinkSocket( 4244): handleNetlinkRecvKernelMessage:nlmsghdr:StructNlMsgHdr{ nlmsg_len{2988}, nlmsg_type{42()}, nlmsg_flags{0()}, nlmsg_seq{0}, nlmsg_pid{278140519} }
06-22 22:35:09.396 D/OplusNetlinkSocket( 4244): handleNetlinkRecvKernelMessage:nlmsghdr:StructNlMsgHdr{ nlmsg_len{2988}, nlmsg_type{42()}, nlmsg_flags{0()}, nlmsg_seq{0}, nlmsg_pid{278140519} }
06-22 22:35:09.396 D/OplusNetlinkSocket( 4244): handleNetlinkRecvKernelMessage:nlmsghdr:StructNlMsgHdr{ nlmsg_len{2988}, nlmsg_type{42()}, nlmsg_flags{0()}, nlmsg_seq{0}, nlmsg_pid{278140519} }
06-22 22:35:09.396 D/OplusNetlinkSocket( 4244): handleNetlinkRecvKernelMessage:nlmsghdr:StructNlMsgHdr{ nlmsg_len{2988}, nlmsg_type{42()}, nlmsg_flags{0()}, nlmsg_seq{0}, nlmsg_pid{278140519} }
06-22 22:35:09.396 D/OplusNetlinkSocket( 4244): handleNetlinkRecvKernelMessage:nlmsghdr:StructNlMsgHdr{ nlmsg_len{2988}, nlmsg_type{42()}, nlmsg_flags{0()}, nlmsg_seq{0}, nlmsg_pid{278140519} }
06-22 22:35:09.396 D/OplusNetlinkSocket( 4244): handleNetlinkRecvKernelMessage:nlmsghdr:StructNlMsgHdr{ nlmsg_len{2988}, nlmsg_type{42()}, nlmsg_flags{0()}, nlmsg_seq{0}, nlmsg_pid{278140519} }
06-22 22:35:09.396 D/OplusNetlinkSocket( 4244): handleNetlinkRecvKernelMessage:nlmsghdr:StructNlMsgHdr{ nlmsg_len{2988}, nlmsg_type{42()}, nlmsg_flags{0()}, nlmsg_seq{0}, nlmsg_pid{278140519} }
06-22 22:35:09.396 D/OplusNetlinkSocket( 4244): handleNetlinkRecvKernelMessage:nlmsghdr:StructNlMsgHdr{ nlmsg_len{2988}, nlmsg_type{42()}, nlmsg_flags{0()}, nlmsg_seq{0}, nlmsg_pid{278140519} }
06-22 22:35:09.396 D/OplusNetlinkSocket( 4244): handleNetlinkRecvKernelMessage:nlmsghdr:StructNlMsgHdr{ nlmsg_len{2988}, nlmsg_type{42()}, nlmsg_flags{0()}, nlmsg_seq{0}, nlmsg_pid{278140519} }
06-22 22:35:09.396 D/OplusNetlinkSocket( 4244): handleNetlinkRecvKernelMessage:nlmsghdr:StructNlMsgHdr{ nlmsg_len{2988}, nlmsg_type{42()}, nlmsg_flags{0()}, nlmsg_seq{0}, nlmsg_pid{278140519} }
06-22 22:35:09.396 D/OplusNetlinkSocket( 4244): handleNetlinkRecvKernelMessage:nlmsghdr:StructNlMsgHdr{ nlmsg_len{2988}, nlmsg_type{42()}, nlmsg_flags{0()}, nlmsg_seq{0}, nlmsg_pid{278140519} }
06-22 22:35:09.396 D/OplusNetlinkSocket( 4244): handleNetlinkRecvKernelMessage:nlmsghdr:StructNlMsgHdr{ nlmsg_len{2988}, nlmsg_type{42()}, nlmsg_flags{0()}, nlmsg_seq{0}, nlmsg_pid{278140519} }
06-22 22:35:09.396 D/OplusNetlinkSocket( 4244): handleNetlinkRecvKernelMessage:nlmsghdr:StructNlMsgHdr{ nlmsg_len{2988}, nlmsg_type{42()}, nlmsg_flags{0()}, nlmsg_seq{0}, nlmsg_pid{278140519} }
06-22 22:35:09.396 D/OplusNetlinkSocket( 4244): handleNetlinkRecvKernelMessage:nlmsghdr:StructNlMsgHdr{ nlmsg_len{2988}, nlmsg_type{42()}, nlmsg_flags{0()}, nlmsg_seq{0}, nlmsg_pid{278140519} }
