06-22 22:34:55.923 I/CasManager( 2534): Fps changed from 60 to 90, mDBV:1348
06-22 22:34:55.923 I/CasManager( 2534): Fps changed, not change bin, so trigger gain
06-22 22:34:55.923 I/SDM     ( 2534): SDMDisplay::FinalizeDisplayConfig: HWC SetActiveConfig [2], switch to [1440x3168@90]
06-22 22:34:55.923 I/SDM     ( 2534): CasQcPlugIn::CalDbvHeadRoom: headroom dbv_index:8 (1163, 1.288489) (1872, 1.196446) in_blk:1348 in_hroom:1021 hroom_scale:1.264472 out_hroom:1020 cur_dbv_ref_1024:0.997070 cur_dbv_reduce_value:0.003705
06-22 22:34:55.923 I/SDM     ( 2534): CasQcPlugIn::ProcessPerCompGainDeburnIn: old: 0 0 16 16 16 16 16 16 |  0 0 16 16 16 16 16 16 |  0 0 16 16 16 28 55 101 | 
06-22 22:34:55.923 I/SDM     ( 2534): CasQcPlugIn::ProcessPerCompGainDeburnIn: new: 0 0 29 39 28 22 20 20 |  0 0  9 24 26 24 23 22 |  0 0  9 15 19 34 71 138 | 
06-22 22:34:55.923 I/SDM     ( 2534): HWPeripheralDRM::SetPanelFeature: Set Panel feature property 20
06-22 22:34:55.923 I/SDM     ( 2534): HWPeripheralDRM::SetPanelFeature: Set Panel feature property 7
06-22 22:34:55.923 I/SDM     ( 2534): DisplayBuiltIn::TriggerDemuraOemPlugIn: Trigger demura oem plugin success
06-22 22:34:55.923 D/PowerManagerService( 4244): userActivityNoUpdateLocked: groupId=0, eventTime=1537654535, event=other, flags=0x0, uid=1000
06-22 22:34:55.924 D/SDM     ( 2534): DisplayBuiltIn::setAdfr2minfpsQsyncMode: adfr2minfps + qsync minfps change to: 8388826 008000DA
06-22 22:34:55.925 E/SDM     ( 2534): DRMConnector::Perform: Connector 70: Setting Qsync min fps 8388826
06-22 22:34:55.925 I/SDM     ( 2534): DRMPanelFeatureMgr::ApplyDirtyFeature: Commited panel feature [enabled]: 21-276
06-22 22:34:55.925 I/SDM     ( 2534): DRMPanelFeatureMgr::ApplyDirtyFeature: Commited panel feature [enabled]: 8-275
06-22 22:34:55.925 D/SDM     ( 2534): HWDeviceDRM::SetupAtomic: APUIR: m_isswitchfps 2
06-22 22:34:55.933 D/PowerManagerService( 4244): userActivityNoUpdateLocked: groupId=0, eventTime=1537654544, event=other, flags=0x0, uid=1000
06-22 22:34:55.936 D/SDM     ( 2534): HWDeviceDRM::SetupAtomic: APUIR: m_isswitchfps 1
06-22 22:34:55.936 D/skia    ( 2762): findCacheMissInfo vsync 949396822, result 0
06-22 22:34:55.949 D/PowerManagerService( 4244): userActivityNoUpdateLocked: groupId=0, eventTime=1537654561, event=other, flags=0x0, uid=1000
06-22 22:34:55.955 I/oplus-adfr2minfps( 2534): needChangeMinfps(0) mParamFromWhich 0 isOpenHistogram(0) Enable 1(debug-0:sensor-0:panelNit-1:gray-1), NeedUpdateMinfps 1(n-0:g-0:s-0:v-1), mPanelNit 94.061325(nitId-0:grayId-0:lastfpsId-2), mPowerMode 2(1 0) mRgbInfo 0(Sum-1.000000:Max-1.000000) fodstatus(0) sensorlux(0) isDark(0)
06-22 22:34:55.955 D/oplus-adfr2minfps( 2534): calculateMinfps(0) mParamFromWhich 0: mMinfps = 1 mPanelNit = 94.061325
06-22 22:34:55.955 D/oplus-adfr2minfps( 2534): updateMinfps(0) = 1
06-22 22:34:55.956 D/SDM     ( 2534): DisplayBuiltIn::setAdfr2minfpsQsyncMode: adfr2minfps + qsync minfps change to: 8388737 00800081
06-22 22:34:55.956 E/SDM     ( 2534): DRMConnector::Perform: Connector 70: Setting Qsync min fps 8388737
06-22 22:34:55.956 D/SDM     ( 2534): HWDeviceDRM::SetupAtomic: APUIR: m_isswitchfps 0
06-22 22:34:55.956 D/skia    ( 2762): findCacheMissInfo vsync 949396830, result 0
06-22 22:34:55.957 D/PowerManagerService( 4244): userActivityNoUpdateLocked: groupId=0, eventTime=1537654569, event=other, flags=0x0, uid=1000
06-22 22:34:55.964 D/PowerManagerService( 4244): userActivityNoUpdateLocked: groupId=0, eventTime=1537654577, event=other, flags=0x0, uid=1000
06-22 22:34:55.965 W/QosScheduler( 4244): executeSceneQosStrategy failed! qos feature no enable
06-22 22:34:55.965 E/PERFHAL-BOOSTCONFIG( 2537): PERFHAL-BOOSTCONFIG: GetBoostConfig() 1872: Not able to fetch object
06-22 22:34:55.965 E/PERFHAL-BOOSTCONFIG( 2537): PERFHAL-BOOSTCONFIG: GetBoostConfig() 1872: Not able to fetch object
06-22 22:34:55.972 D/PowerManagerService( 4244): userActivityNoUpdateLocked: groupId=0, eventTime=1537654584, event=other, flags=0x0, uid=1000
06-22 22:34:55.974 I/[UAH_CLIENT]( 4244): UahEventAcquire, cmdid:68, pkg:none, identity:OplusUAwareInputHelper
06-22 22:34:55.980 D/PowerManagerService( 4244): userActivityNoUpdateLocked: groupId=0, eventTime=1537654592, event=other, flags=0x0, uid=1000
06-22 22:34:55.984 I/DynamicFramerate [AnimationSpeedAware](14091): syncInfoTogether: from STATE_IDLE to STATE_SCROLL_ANIMATION
06-22 22:34:55.984 I/DynamicFramerate [DynamicFrameRateManagerImpl](14091): setFrameRateInternalForView: TIMING_DO_FRAME_FINISH FrameRateControlUnit: { mTargetFrameRate = 90, mPreviewFrameRate = 0, mControlInfo = 0, mViewRoot = android.view.ViewRootImpl@8cf7359, mTakeEffectType = 10001, mPreviousControlInfo = 0, mIsActive = true, mIsMoving = true, mEnableEndLowRate = false, mIsInGameAnim = false, mIsWidespreadAnim = false, mIsLauncherAnim = false mUnitFrameRate = 90 } 
06-22 22:34:55.984 W/DynamicFramerate [DynamicFrameRateManagerImpl](14091): FrameRateControlUnit.apply: TIMING_DO_FRAME_FINISH applyAsyncUnsafe after doFrame
06-22 22:34:55.984 D/VRR [RefreshRateDirector]( 2762): requestRefreshRate insert [ version-3-object-animation_370251, 90 ]
06-22 22:34:55.984 D/VRR [RefreshRateDirector]( 2762): updateBestFrameRate [version-3-object-animation_370251, {fps=90, modePtr={id=2, vsyncRate=90.00 Hz, peakRefreshRate=90.00 Hz}}]
06-22 22:34:55.985 D/SurfaceFlinger( 2762): VRR [SurfaceFlinger] setDesiredActiveMode: displayId: 4630947090715748499, renderRate: 90, vsyncRate: 90, event: 0
06-22 22:34:55.985 D/DisplayModeController( 2762): setDesiredMode 4630947090715748499 {mode={fps=90.00 Hz, modePtr={id=2, vsyncRate=90.00 Hz, peakRefreshRate=90.00 Hz}}, emitEvent=false, force=false}
06-22 22:34:55.985 D/VRR [OPlusRefreshRateService]( 4244): handleConfigIdChange physicalDisplayId: 4630947090715748499 configId: 2 renderPeriod: 11111111
06-22 22:34:55.985 D/VRR [OPlusGameStatusManager]( 4244): updateGameState mOSyncFeatureSwitch: false mIsGamePolicy: false
06-22 22:34:55.985 D/VRR [OPlusGameStatusManager]( 4244): updateGameAccelerationStatus pkgName: com.dlxx.mam.Internal mOSyncFeatureSwitch: false mIsGamePolicy: false mHeartStop: false mHasFlickerRisk: false mForceAcceleration: false mToastReady: false enable: false
06-22 22:34:55.985 D/VRR [OPlusExternalRefreshRateManager]( 4244):  Display refreshrate :90 , Switch to OTI-HW 
06-22 22:34:55.985 D/VRR [OPlusExternalRefreshRateManager]( 4244): handleOtiHistSwitch false
06-22 22:34:55.986 D/VRR [OPlusSurfaceFlingerController]( 4244):  setOtiHistogramSwitch : false
06-22 22:34:55.986 D/OplusHistogram( 2762): switch config: 0
06-22 22:34:55.988 D/PowerManagerService( 4244): userActivityNoUpdateLocked: groupId=0, eventTime=1537654600, event=other, flags=0x0, uid=1000
06-22 22:34:55.995 D/PowerManagerService( 4244): userActivityNoUpdateLocked: groupId=0, eventTime=1537654609, event=accessibility, flags=0x0, uid=1000
06-22 22:34:55.996 D/PowerManagerService( 4244): userActivityNoUpdateLocked: groupId=0, eventTime=1537654608, event=other, flags=0x0, uid=1000
06-22 22:34:55.996 D/ActivityTaskManager( 4244): NFW_setLastResumedActivityUncheckLocked:false r:ActivityRecord{141264397 u0 com.dlxx.mam.Internal/com.tencent.wework.common.web.JsWebActivity t4282} currentFocus:Window{22c888c u0 com.dlxx.mam.Internal/com.tencent.wework.common.web.JsWebActivity}
06-22 22:34:56.004 D/PowerManagerService( 4244): userActivityNoUpdateLocked: groupId=0, eventTime=1537654616, event=other, flags=0x0, uid=1000
06-22 22:34:56.004 D/PowerManagerService( 4244): userActivityNoUpdateLocked: groupId=0, eventTime=1537654616, event=touch, flags=0x0, uid=1000
06-22 22:34:56.004 D/PowerManagerService( 4244): userActivityNoUpdateLocked: groupId=0, eventTime=1537654616, event=touch, flags=0x0, uid=1000
06-22 22:34:56.011 D/PowerManagerService( 4244): userActivityNoUpdateLocked: groupId=0, eventTime=1537654624, event=other, flags=0x0, uid=1000
06-22 22:34:56.019 I/touch-main( 2602): 0| [report] all touch up, reportMode:0
06-22 22:34:56.019 D/PowerManagerService( 4244): userActivityNoUpdateLocked: groupId=0, eventTime=1537654631, event=other, flags=0x0, uid=1000
06-22 22:34:56.019 W/UserAwareMgr( 4244): event can not be released, id: 1010, count: 164, releasePid: 4244
06-22 22:34:56.020 D/UAH-UahAdaptHelper( 4244): adaptSetNotification identity = OplusUAwareInputHelpersrc = 1000 , type 1 ,p1 = -1 ,p2 = -1 ,p3 = -1 ,p4 =
06-22 22:34:56.020 I/[UAH_CLIENT]( 4244): uahRuleCtl, ruleId:1000, status:1
06-22 22:34:56.020 I/[UAH_CLIENT]( 4244): UahRelease, handle:618536
06-22 22:34:56.020 I/DynamicFramerate [AnimationSpeedAware](14091): onEventHandled: info: InputEventInfo: mX = 0, mY = 0, mAction = 1, mVsyncTime = 1537654634, mIsMoving = false, mUpdated = true
06-22 22:34:56.020 I/[UAH_CLIENT]( 4244): UahEventAcquire, cmdid:6, pkg:none, identity:OplusUAwareInputHelper
06-22 22:34:56.020 D/OplusViewDragTouchViewHelper(14091): dispatchTouchView action = 1
06-22 22:34:56.020 D/ViewRootImplExtImpl(14091): the up motion event handled by client, just return
06-22 22:34:56.021 E/PERFHAL-BOOSTCONFIG( 2537): PERFHAL-BOOSTCONFIG: GetBoostConfig() 1872: Not able to fetch object
06-22 22:34:56.027 I/DynamicFramerate [AnimationSpeedAware](14091): syncInfoTogether: from STATE_SCROLL_ANIMATION to STATE_IDLE
06-22 22:34:56.027 I/DynamicFramerate [DynamicFrameRateManagerImpl](14091): setFrameRateInternalForView: TIMING_DO_FRAME_FINISH FrameRateControlUnit: { mTargetFrameRate = 0, mPreviewFrameRate = 90, mControlInfo = 0, mViewRoot = android.view.ViewRootImpl@8cf7359, mTakeEffectType = 10001, mPreviousControlInfo = 0, mIsActive = false, mIsMoving = false, mEnableEndLowRate = false, mIsInGameAnim = false, mIsWidespreadAnim = false, mIsLauncherAnim = false mUnitFrameRate = 0 } 
06-22 22:34:56.027 W/DynamicFramerate [DynamicFrameRateManagerImpl](14091): FrameRateControlUnit.apply: TIMING_DO_FRAME_FINISH applyAsyncUnsafe after doFrame
06-22 22:34:56.028 D/VRR [RefreshRateDirector]( 2762): requestRefreshRate delete [ version-3-object-animation_370251, 0 ]
06-22 22:34:56.029 D/VRR [RefreshRateDirector]( 2762): updateBestFrameRate [oti-hw, {fps=90, modePtr={id=2, vsyncRate=90.00 Hz, peakRefreshRate=90.00 Hz}}]
06-22 22:34:56.029 D/SurfaceFlinger( 2762): VRR [SurfaceFlinger] setDesiredActiveMode: displayId: 4630947090715748499, renderRate: 90, vsyncRate: 90, event: 0
06-22 22:34:56.029 D/DisplayModeController( 2762): setDesiredMode 4630947090715748499 {mode={fps=90.00 Hz, modePtr={id=2, vsyncRate=90.00 Hz, peakRefreshRate=90.00 Hz}}, emitEvent=false, force=false}
06-22 22:34:56.096 D/sgccSocket(14091): [<#-#>483698660544<#-#>] 2026-06-22 22:34:56 [=sslConnPoolThread=]get condition!,pool size = 5,producer working
06-22 22:34:56.096 D/sgccSocket(14091): [<#-#>486513390784<#-#>] 2026-06-22 22:34:56 ProcessClientRead ret:1811, appfd:894, clientMode:0, http_body_exceed_max:0
06-22 22:34:56.097 I/sgccSocket(14091): [<#-#>486513390784<#-#>] 2026-06-22 22:34:56 Processing server[proxy appfd 894] write: 1821,sslerr: 0
06-22 22:34:56.134 D/CommonApp-1115-10466( 6875): transport layer data is invalid
06-22 22:34:56.134 D/CommonApp-1115-10406( 6875): commonScoreStrategy scenarios low package
06-22 22:34:56.149 W/UserAwareMgr( 4244): event can not be released, id: 1010, count: 164, releasePid: 4244
06-22 22:34:56.154 D/BatteryChargeControl( 2611): bcc get no support from charging protocol
06-22 22:34:56.305 D/sgccSocket(14091): [<#-#>483698660544<#-#>] 2026-06-22 22:34:56 [=sslConnPoolThread=]get condition!,pool size = 5,producer working
06-22 22:34:56.305 D/sgccSocket(14091): [<#-#>486513390784<#-#>] 2026-06-22 22:34:56 Processing server[proxy appfd 894] read: 735,time=0,sslerr:0
06-22 22:34:56.305 D/sgccSocket(14091): [<#-#>486513390784<#-#>] 2026-06-22 22:34:56 ProcessServerPacket recv:725
06-22 22:34:56.305 D/sgccSocket(14091): [<#-#>483698660544<#-#>] 2026-06-22 22:34:56 [=sslConnPoolThread=]get condition!,pool size = 5,producer working
06-22 22:34:56.305 D/sgccSocket(14091): [<#-#>486513390784<#-#>] 2026-06-22 22:34:56 Processing client write:725, appfd:894
06-22 22:34:56.312 I/sensors-hal( 2513): handle_oplus_wise_rgb_event:191, wise_rgb: (r, g, b, c)[329.00, 360.00, 154.00, 309.00],(r2,g2,b2,c2)[[0.00, 0.00, 0.00, 0.00], algo:5.0, flag :0
06-22 22:34:56.342 D/sgccSocketX(14091): [<#-#>489897776320<#-#>] 2026-06-22 22:34:56 [=sslConnPoolThread=]get condition!,pool size = 1,producer working
06-22 22:34:56.342 D/sgccSocketX(14091): [<#-#>489897776320<#-#>] 2026-06-22 22:34:56 [trySslRead]: 6,time=0,sslerr:0
06-22 22:34:56.375 W/UserAwareMgr( 4244): event can not be released, id: 1010, count: 164, releasePid: 4244
06-22 22:34:56.383 I/LocationCacheStats( 4244): recordNetworkRequest: screenOn 50, screenOff 15, sleep 0
06-22 22:34:56.385 D/VendorWifiService( 6875): onEvent event:9,action:1
06-22 22:34:56.389 D/LocationManagerService( 4244): network provider added registration from 1000/android[OplusLocationCache]/ED084AE2 -> Request[@+1s0ms BALANCED, WorkSource{1000 android}] permissionLevel: 2 permitted: true
06-22 22:34:56.389 V/LocationManagerService( 4244): network provider package android permitted = true
06-22 22:34:56.390 D/ScorerUtils( 4244): isLowTraffic: txTputKBps=1, rxTputKBps=0
06-22 22:34:56.390 D/OplusWifiPower_TriggerCenter( 4244): mComponentCallback: wifistat
06-22 22:34:56.390 I/OplusLocationStatistics( 4244): startRequesting
06-22 22:34:56.390 I/LocationRequestStatistics( 4244): startRequesting, PackageProviderKey = PackageProviderKey: network: android: OplusLocationCache
06-22 22:34:56.390 V/OplusLocationBlacklistUtil( 4244): block status: android = false
06-22 22:34:56.391 W/LocationFreezeProc( 4244): resume [network]'s Location Request Done from 1000/android[OplusLocationCache]/ED084AE2
06-22 22:34:56.391 E/LocationFreezeProc( 4244): resumeAppDone: identity is null or android!
06-22 22:34:56.391 E/AppOps  ( 4244): attributionTag OplusLocationCache not declared in manifest of android
06-22 22:34:56.392 D/LocationManagerService( 4244): network provider request changed to ProviderRequest[@+1s0ms, WorkSource{1000 android}]
06-22 22:34:56.392 I/OplusLocationStatistics( 4244): recordNlpNavigatingStarted
06-22 22:34:56.392 W/LocationFreezeProc( 4244): ignore LocationRequest 1000/android
06-22 22:34:56.430 D/SubsysEventListenerManager-SubsysTelephonyCallback[0]( 6875): onCellInfoChanged
06-22 22:34:56.431 D/CellChangeEvent( 6875): update event
06-22 22:34:56.431 D/CellMap/CellMonitor( 6875): handleCellChange: [CellInfoNr:{ mRegistered=YES mTimeStamp=2230455732169863ns mCellConnectionStatus=0 CellIdentityNr:{ mPci = 962 mTac = 2490468 mNrArfcn = 504990 mBands = [41] mMcc = 460 mMnc = 00 mNci = 13888761857 mAlphaLong = 中国移动全球通 mAlphaShort = 中国移动全球通 mAdditionalPlmns = {} } CellSignalStrengthNr:{ csiRsrp = 2147483647 csiRsrq = 2147483647 csiCqiTableIndex = 2147483647 csiCqiReport = [] ssRsrp = -85 ssRsrq = -10 ssSinr = 20 level = 2 parametersUseForLevel = 0 timingAdvance = 2147483647 } }]
06-22 22:34:56.431 D/PolicyHandler( 6875): updateEventContext trigger event Event{mEventName=CellChangeEvent,mNickName=cellchange,mEventVal=true,mDefaultVal=false,mId=-1,mDefaultId=-1,mInstanceId=0,mUseNameId=false}
06-22 22:34:56.431 D/CellMap/CellMonitor( 6875): handleAllSubCellChange slotId: 0, cellInfo: [CellInfoNr:{ mRegistered=YES mTimeStamp=2230455732169863ns mCellConnectionStatus=0 CellIdentityNr:{ mPci = 962 mTac = 2490468 mNrArfcn = 504990 mBands = [41] mMcc = 460 mMnc = 00 mNci = 13888761857 mAlphaLong = 中国移动全球通 mAlphaShort = 中国移动全球通 mAdditionalPlmns = {} } CellSignalStrengthNr:{ csiRsrp = 2147483647 csiRsrq = 2147483647 csiCqiTableIndex = 2147483647 csiCqiReport = [] ssRsrp = -85 ssRsrq = -10 ssSinr = 20 level = 2 parametersUseForLevel = 0 timingAdvance = 2147483647 } }]
06-22 22:34:56.431 D/CellMap/CellMonitor( 6875): handleAllSubCellChange slotId: 0, same cell 460_0_2490468_13888761857, skip callback
06-22 22:34:56.432 D/TimerEvent( 6875): TimerEvent reset to false
06-22 22:34:56.432 D/AtomAction( 6875): startAction
06-22 22:34:56.432 E/MetricsAction( 6875): startMetricsCollect no metrics data id 54502
06-22 22:34:56.433 D/AtomMetricsApp( 6875): doAction mPrimaryRuleExpireTime <= 0
06-22 22:34:56.433 I/PCDR-pcdr_lte_nr_pingpong_opt[0]( 6540): handleCellInfoChange compoundIdStr:460_00_2490468_13888761857
06-22 22:34:56.435 D/PolicyHandler( 6875): updateEventContext mEventList Event{mEventName=TimerEvent,mNickName=timer,mEventVal=false,mDefaultVal=false,mId=-1,mDefaultId=-1,mInstanceId=0,mUseNameId=false}
06-22 22:34:56.436 I/metis_v2_MetroAwarenessCollector(10195): onCellInfoChanged: cell size=1
06-22 22:34:56.436 W/Settings( 6453): Setting airplane_mode_on has moved from android.provider.Settings.System to android.provider.Settings.Global, returning read-only value.
06-22 22:34:56.436 I/metis_v2_CellFenceCollect(10195): onCellInfoChanged: cell size=1
06-22 22:34:56.436 I/metis_v2_CellFenceCollect(10195): cellInfoCache:[]
06-22 22:34:56.436 D/HLog-UpMgr(10195): [metis]CheckWhetherUploadBody Mgr:com.oplus.sdp.ge.c@e8c333
06-22 22:34:56.437 D/HLog-MultiConfigManage(10195): [metis]checkAllPushTask
06-22 22:34:56.437 D/HLog-MultiConfigManage(10195): [metis]checkAllPushTask existPushInfo : 
06-22 22:34:56.437 I/metis_v2_CellFenceCollect(10195): result: 20260622
06-22 22:34:56.437 I/ContextAware_DailyStatisticsRecorder(10195): Increase context change count: collect_cell_count, value: 1
06-22 22:34:56.437 I/ContextAware_DailyStatisticsRecorder(10195): Increase context change count: collect_cell_cost_time_ms, value: 1
06-22 22:34:56.439 D/HLog-HLog(10195): [metis]allDog3sFilsSizeValid maxLimitFile : 1761607680
06-22 22:34:56.439 D/HLog-HLog(10195): [metis]allDog3sFilsSizeValid dogsSize : 11768858
06-22 22:34:56.439 D/HLog-HLog_LoganThread(10195): [metis]current sdkcard size : 703159672832 config min size : 52428800
06-22 22:34:56.446 D/SubsysEventListenerManager-SubsysTelephonyCallback[1]( 6875): onCellInfoChanged
06-22 22:34:56.446 I/PCDR-pcdr_lte_nr_pingpong_opt[1]( 6540): handleCellInfoChange compoundIdStr:460_11_9769472_40073028740
06-22 22:34:56.446 D/CellMap/CellMonitor( 6875): handleAllSubCellChange slotId: 1, cellInfo: [CellInfoNr:{ mRegistered=YES mTimeStamp=2230455751093717ns mCellConnectionStatus=0 CellIdentityNr:{ mPci = 501 mTac = 9769472 mNrArfcn = 428910 mBands = [1] mMcc = 460 mMnc = 11 mNci = 40073028740 mAlphaLong = CHN-CT mAlphaShort = CT mAdditionalPlmns = {} } CellSignalStrengthNr:{ csiRsrp = 2147483647 csiRsrq = 2147483647 csiCqiTableIndex = 2147483647 csiCqiReport = [] ssRsrp = -88 ssRsrq = -10 ssSinr = 21 level = 2 parametersUseForLevel = 0 timingAdvance = 2147483647 } }]
06-22 22:34:56.446 D/CellMap/CellMonitor( 6875): handleAllSubCellChange slotId: 1, same cell 460_11_9769472_40073028740, skip callback
06-22 22:34:56.446 W/Settings( 6453): Setting airplane_mode_on has moved from android.provider.Settings.System to android.provider.Settings.Global, returning read-only value.
06-22 22:34:56.485 W/UserAwareMgr( 4244): event can not be released, id: 1010, count: 164, releasePid: 4244
06-22 22:34:56.562 V/Codec2-DumpInput( 2542): [processLoop:L844][c2.qti.hevc.decoder_159]QueueRead[1] empty, waiting buffer.
06-22 22:34:56.587 W/UserAwareMgr( 4244): event can not be released, id: 1010, count: 164, releasePid: 4244
06-22 22:34:56.589 W/ScanManager( 6921): Moving filtered scan client to downgraded scan (scannerId 2)
06-22 22:34:56.593 I/OplusCustomScanStrategy( 6921): msg.what = 6
06-22 22:34:56.623 I/sensors-hal( 2513): handle_oplus_wise_rgb_event:191, wise_rgb: (r, g, b, c)[331.00, 366.00, 151.00, 312.00],(r2,g2,b2,c2)[[0.00, 0.00, 0.00, 0.00], algo:5.0, flag :0
06-22 22:34:56.745 W/UserAwareMgr( 4244): event can not be released, id: 1010, count: 164, releasePid: 4244
06-22 22:34:56.759 W/QosScheduler( 4244): executeSceneQosStrategy failed! qos feature no enable
06-22 22:34:56.782 I/DRS_LOG_ChinaTimeWindowPolicy[226313]( 9923): [MATCH] time=22:34, window=NIGHT_VALLEY, base=5m, scale=0.75, result=3m45s
06-22 22:34:56.782 I/DRS_LOG_UploadJobScheduler[226313]( 9923): PSEUDO triggered, next=3m45s, base=5m, config:5min, policy=ChinaTimeWindow(22:00-24:00 0.75x), scale=0.75x
06-22 22:34:56.784 I/DRS_LOG_UploadPipelineV2[226313]( 9923): triggerPseudo() called, gate=UploadGateFacade{
06-22 22:34:56.784 I/DRS_LOG_UploadPipelineV2[226313]( 9923):   BusinessRuleGate{mode=DRS, isWifi=true, isDomestic=true, inNoBreakWindow=false, salesRestrictionReleased=true, ctaUeAllowed=true}
06-22 22:34:56.784 I/DRS_LOG_UploadPipelineV2[226313]( 9923):   NetworkGate{networkReady=true, isWifi=true}
06-22 22:34:56.784 I/DRS_LOG_UploadPipelineV2[226313]( 9923):   PerformanceGate{level=LOW, levelSkipBattery=LOW, details=Battery=[LOW, charging=true, percent=91, enabled=true], Osense=[LOW, cpu=0(UNKNOWN), load=-1, thermal=0(UNKNOWN), temp=-1]}
06-22 22:34:56.784 I/DRS_LOG_UploadPipelineV2[226313]( 9923):   EnvRecoveryDetector: EnvRecoveryDetector{standalone=false, state=IDLE, snapshot=EnvSnapshot{net=true, normalOk=true, rtOk=true}, lastNormalOk=true, lastRtOk=true}
06-22 22:34:56.784 I/DRS_LOG_UploadPipelineV2[226313]( 9923):   envRecoveryListeners: 1
06-22 22:34:56.784 I/DRS_LOG_UploadPipelineV2[226313]( 9923): }
06-22 22:34:56.784 I/DRS_LOG_GateStateManager[226313]( 9923): resetCompensationBudget[Pseudo]: budget=2
06-22 22:34:56.784 I/DRS_LOG_ChannelTaskRunner[226313]( 9923): Pseudo ENQUEUE SUCCESS, request=ChannelTaskRequest{channelType=Pseudo, triggerReason=PSEUDO_PERIODIC, requestTimeMs=1782138896784, skipGateCheck=false, scheduledRun=false}
06-22 22:34:56.784 I/DRS_LOG_UploadJobScheduler[226313]( 9923): PSEUDO thread scheduled, reason=loop, delay=3m45s
06-22 22:34:56.785 I/DRS_LOG_UploadWakeLock[226325]( 9923): WakeLock acquired, timeout=30000ms
06-22 22:34:56.786 I/DRS_LOG_ChannelTaskRunner[226325]( 9923): Pseudo TASK BEGIN, request=ChannelTaskRequest{channelType=Pseudo, triggerReason=PSEUDO_PERIODIC, requestTimeMs=1782138896784, skipGateCheck=false, scheduledRun=false}, submitMode=NEW_TASK
06-22 22:34:56.786 I/DRS_LOG_ChannelTaskRunner[226325]( 9923): Pseudo executeLoop round=1
06-22 22:34:56.787 I/DRS_LOG_ChannelTaskRunner[226325]( 9923): Pseudo NO MORE BATCHES, task complete
06-22 22:34:56.787 I/DRS_LOG_UploadSchedulingCoordinator[226325]( 9923): Pseudo onTaskFinished: stopReason=TASK_COMPLETED, envFailure=null, successApps=0, appErrors=0, retryBudget=0, scenarioCounts={}, decision=ChannelNextRunDecision{action=NONE, delayMs=0}
06-22 22:34:56.787 I/DRS_LOG_UploadSchedulingCoordinator[226325]( 9923): Pseudo transitionState: retryCount=0, hasSuccess=false
06-22 22:34:56.787 I/DRS_LOG_ChannelTaskRunner[226325]( 9923): Pseudo pending released
06-22 22:34:56.787 I/DRS_LOG_ChannelTaskRunner[226325]( 9923): Pseudo TASK END
06-22 22:34:56.787 I/DRS_LOG_UploadWakeLock[226325]( 9923): WakeLock released
06-22 22:34:56.789 I/PTC.DISC.BleAdvertiser(29915): timeoutBleAdvertisingTask client=DiscoveryClient(id=accept-senseless, pkg=com.heytap.accessory, pid=29915), taskIsSuspending=false
06-22 22:34:56.789 I/PTC.DISC.BleAdvertiserAdapter(29915): ptcBleStopAdvertising client=DiscoveryClient(id=accept-senseless, pkg=com.heytap.accessory, pid=29915)
06-22 22:34:56.796 I/PTC.DISC.BleAdvertiser(29915): notifyBleAdvStateChanged, state=BLE_ALL_ADV_STOPPED
06-22 22:34:56.796 I/PTC.CONN.SenselessScheduleImpl(29915): --Senseless Event Changed-- handleStartEvent is BLE_ALL_ADV_STOPPED
06-22 22:34:56.798 I/bt_shim_advertiser( 6921): [le_advertising_manager.cc:81] Unregister: in shim layer
06-22 22:34:56.799 D/Bluetooth( 6921): [le_advertising_manager.cc:761] stop_advertising: advertiser_id: 0 is_periodic: false
06-22 22:34:56.803 I/SettingImpl(29915): isSenselessConnectionToggleChecked switchValue: 1, state is true
06-22 22:34:56.803 D/vendor.qti.bluetooth@1.0-ibs_handler( 2501): SerialClockVote: vote for UART CLK ON
06-22 22:34:56.804 I/SettingImpl(29915): isSenselessConnectionToggleChecked switchValue: 1, state is true
06-22 22:34:56.804 I/PTC.APPCORE.ResourceObtaining(29915): expGetModelId get modelId
06-22 22:34:56.804 D/vendor.qti.bluetooth@1.0-wake_lock( 2501): Acquire wakelock is acquired 
06-22 22:34:56.804 I/vendor.qti.bluetooth@1.0-ibs_handler( 2501): DeviceWakeUp: Writing IBS_WAKE_IND
06-22 22:34:56.806 I/SettingImpl(29915): isMarketModeToggleChecked=0
06-22 22:34:56.807 I/PTC.CONN.SenselessNetworkingImpl(29915): acceptSenselessConnection, accept job is active, return
06-22 22:34:56.807 I/PTC.DISC.DiscCoreImpl(29915): advertise, options=DeviceAdvOptions={plan=Plan(planType=BLE), client=DiscoveryClient(id=accept-senseless, pkg=com.heytap.accessory, pid=29915), timeoutMillis=10000}
06-22 22:34:56.808 I/vendor.qti.bluetooth@1.0-ibs_handler( 2501): ProcessIbsCmd: Received IBS_WAKE_ACK: 0xFC
06-22 22:34:56.808 I/vendor.qti.bluetooth@1.0-ibs_handler( 2501): ProcessIbsCmd: Signal wack_cond_
06-22 22:34:56.808 D/vendor.qti.bluetooth@1.0-ibs_handler( 2501): DeviceWakeUp: Unblocked from waiting for FC, pthread_cond_timedwait ret = 0
06-22 22:34:56.808 I/Bluetooth( 6921): [le_address_manager.cc:282] unregister_client: Client unregistered
06-22 22:34:56.809 I/SettingImpl(29915): domestic quick device toggle value is 1
06-22 22:34:56.810 I/vendor.qti.bluetooth@1.0-ibs_handler( 2501): ProcessIbsCmd: Received IBS_WAKE_IND: 0xFD
06-22 22:34:56.810 I/vendor.qti.bluetooth@1.0-ibs_handler( 2501): ProcessIbsCmd: Writing IBS_WAKE_ACK
06-22 22:34:56.810 I/PTC.DISC.BleAdvConfig(29915): toStartAdvertiseConfig In.
06-22 22:34:56.824 W/APM::HwModule( 2751): getDeviceDescriptor: could not find HW module for device  (AUDIO_DEVICE_OUT_WIRED_HEADSET, 00000004) address 
06-22 22:34:56.825 W/APM::HwModule( 2751): getDeviceDescriptor: could not find HW module for device  (AUDIO_DEVICE_OUT_WIRED_HEADPHONE, 00000008) address 
06-22 22:34:56.826 D/AudioManager(29915): isBluetoothScoOn()=false, calling application:com.heytap.accessory
06-22 22:34:56.827 V/AudioManagerExtImpl(29915): isBluetoothA2dpOnCacheAPP result = false, uid = 10095
06-22 22:34:56.829 I/PTC.DISC.BleAdvConfig(29915): toStartAdvertiseConfig timeoutMillis: 10000
06-22 22:34:56.829 I/PTC.DISC.BleAdvertiser(29915): startAdvertise In. request(startAdvertise) traceId=ed75b5ea-3bd9-4e90-9ac1-3d5051560048, client=DiscoveryClient(id=accept-senseless, pkg=com.heytap.accessory, pid=29915), details={rdi=**3796B1, fHide=null}
06-22 22:34:56.830 I/SettingImpl(29915): domestic quick device toggle value is 1
06-22 22:34:56.831 I/PTC.DISC.BleAdvertiser(29915): suspendableStartAdvertise client=DiscoveryClient(id=accept-senseless, pkg=com.heytap.accessory, pid=29915), timeoutMillis=10000, advertiseMode=ULTRA_LOW_LATENCY, strategy=Senseless
06-22 22:34:56.831 I/PTC.DISC.BleAdvertiserAdapter(29915): ptcBleStartAdvertising client=DiscoveryClient(id=accept-senseless, pkg=com.heytap.accessory, pid=29915), senseless=true
06-22 22:34:56.831 D/AdvertiseSettings(29915): setTxPowerLevel: 3
06-22 22:34:56.831 D/AdvertiseSettings(29915): setTxPowerLevel: 3
06-22 22:34:56.831 I/PTC.DISC.BleAdvertiserAdapter(29915): ManufactureSpecificData=AF302B1488004C264000000000BD778F053810
06-22 22:34:56.832 I/PTC.DISC.BleAdvertiserAdapter(29915): Not IncludeDeviceName ServiceData=F316A23796B1084F50504F2046696E6420583920556CE280A6
06-22 22:34:56.832 D/AdvertiseSettings(29915): setTxPowerLevel: 3
06-22 22:34:56.832 W/BluetoothAdapterExtImpl(29915): uid is 10095
06-22 22:34:56.832 D/BluetoothAdapter(29915): isLeEnabled(): ON
06-22 22:34:56.832 D/BluetoothLeAdvertiser(29915): TxPower == ADVERTISE_TX_POWER_HIGH
06-22 22:34:56.832 D/BluetoothAdapter(29915): isLeEnabled(): ON
06-22 22:34:56.837 I/bt_shim_advertiser( 6921): [le_advertising_manager.cc:162] StartAdvertisingSet: in shim layer
06-22 22:34:56.839 I/bt_shim_advertiser( 6921): [le_advertising_manager.cc:189] StartAdvertisingSet: create advertising set, client_id:255, reg_id:-10065
06-22 22:34:56.839 I/Bluetooth( 6921): [le_advertising_manager.cc:676] create_extended_advertiser_with_id: Scheduling address rotation for advertiser_id=0
06-22 22:34:56.839 I/Bluetooth( 6921): [le_address_manager.cc:587] GetNextPrivateAddressIntervalRange: client=advertising_set_0, nonwake=8m24s, wake=14m10s
06-22 22:34:56.840 I/Bluetooth( 6921): [le_address_manager.cc:267] register_client: Client registered
06-22 22:34:56.843 I/Bluetooth( 6921): [le_advertising_manager.cc:1780] on_set_advertising_set_random_address_complete: update random address for advertising set 0 : xx:xx:xx:xx:dd:b7
06-22 22:34:56.849 I/PTC.DISC.BleAdvertiserAdapter(29915): ptc resume suspendableStartAdvertising client=DiscoveryClient(id=accept-senseless, pkg=com.heytap.accessory, pid=29915)
06-22 22:34:56.849 I/PTC.DISC.BleAdvertiser(29915): startAdvertise Out. response(startAdvertise) traceId=ed75b5ea-3bd9-4e90-9ac1-3d5051560048, client=DiscoveryClient(id=accept-senseless, pkg=com.heytap.accessory, pid=29915), result=true, exception=null, details={name=** Ultra 卫星通信版, strategy=Senseless, rdi=**3796B1}
06-22 22:34:56.849 I/PTC.DISC.AdvertiserContainer(29915): Advertise started, add advertising client=DiscoveryClient(id=accept-senseless, pkg=com.heytap.accessory, pid=29915)
06-22 22:34:56.887 I/vendor.qti.bluetooth@1.0-ibs_handler( 2501): ProcessIbsCmd: Received IBS_SLEEP_IND: 0xFE
06-22 22:34:56.918 W/UserAwareMgr( 4244): event can not be released, id: 1010, count: 164, releasePid: 4244
06-22 22:34:56.933 I/sensors-hal( 2513): handle_oplus_wise_rgb_event:191, wise_rgb: (r, g, b, c)[350.00, 375.00, 159.00, 329.00],(r2,g2,b2,c2)[[0.00, 0.00, 0.00, 0.00], algo:5.0, flag :0
06-22 22:34:57.020 D/VRR [OTI]( 2762): handleIdle from 0 to 1
06-22 22:34:57.020 D/VRR [RefreshRateDirector]( 2762): requestRefreshRateByOti update [ oti-hw, {fps=60, modePtr={id=1, vsyncRate=60.00 Hz, peakRefreshRate=60.00 Hz}} ]
06-22 22:34:57.020 D/VRR [RefreshRateDirector]( 2762): updateBestFrameRate [oti-hw, {fps=60, modePtr={id=1, vsyncRate=60.00 Hz, peakRefreshRate=60.00 Hz}}]
06-22 22:34:57.020 D/SurfaceFlinger( 2762): VRR [SurfaceFlinger] setDesiredActiveMode: displayId: 4630947090715748499, renderRate: 60, vsyncRate: 60, event: 0
06-22 22:34:57.020 D/DisplayModeController( 2762): setDesiredMode 4630947090715748499 {mode={fps=60.00 Hz, modePtr={id=1, vsyncRate=60.00 Hz, peakRefreshRate=60.00 Hz}}, emitEvent=false, force=false}
06-22 22:34:57.026 I/HWC2    ( 2762): [0] setActiveConfigWithConstraints[1]
06-22 22:34:57.026 I/SDM     ( 2534): SDMDisplayIris::SetActiveConfigToIrisWrapper: SetActiveConfigToIrisWrapper on id_: 0
06-22 22:34:57.026 W/SDM     ( 2534): SDMDisplayIris::SetActiveConfigToIrisWrapper: HWC SetActiveConfig [1], switch to [1440x3168@60]
06-22 22:34:57.027 I/SDM     ( 2534): SDMDisplayIris::SetActiveConfigToIrisWrapper: SetActiveConfigToIrisWrapper on id_: 0
06-22 22:34:57.027 W/SDM     ( 2534): SDMDisplayIris::SetActiveConfigToIrisWrapper: HWC SetActiveConfig [1], switch to [1440x3168@60]
06-22 22:34:57.027 D/oplus-adfr2minfps( 2534): calculateMinfps(0):mADFR2MINFPSEnable = 1 ifChangeVsyncPeriod 3 return mMinfps = 60
06-22 22:34:57.027 D/oplus-adfr2minfps( 2534): updateMinfps(0) = 60
06-22 22:34:57.027 W/SDM     ( 2534): HWDeviceDRM::GetSupportedBitClkRate: Requested rate not supported: 1363200000
06-22 22:34:57.027 I/SDM     ( 2534): HWDeviceDRM::UpdateMixerAttributes: Mixer WxH 1440x3168-1 for Peripheral
06-22 22:34:57.027 I/CwbService( 2534): CwbService::notifyConfigChange: display:0, config:1 size:5, sec.size():0
06-22 22:34:57.027 I/SDM     ( 2534): SDMDisplay::FinalizeDisplayConfig: HWC SetActiveConfig [1], switch to [1440x3168@60]
06-22 22:34:57.027 I/CasManager( 2534): Fps changed from 90 to 60, mDBV:1348
06-22 22:34:57.027 I/CasManager( 2534): Fps changed, not change bin, so trigger gain
06-22 22:34:57.027 I/SDM     ( 2534): CasQcPlugIn::CalDbvHeadRoom: headroom dbv_index:8 (1163, 1.288489) (1872, 1.196446) in_blk:1348 in_hroom:1021 hroom_scale:1.264472 out_hroom:1020 cur_dbv_ref_1024:0.997070 cur_dbv_reduce_value:0.003705
06-22 22:34:57.027 I/SDM     ( 2534): CasQcPlugIn::ProcessPerCompGainDeburnIn: old: 0 0 16 16 16 16 16 16 |  0 0 16 16 16 16 16 16 |  0 0 16 16 16 28 55 101 | 
06-22 22:34:57.027 I/SDM     ( 2534): CasQcPlugIn::ProcessPerCompGainDeburnIn: new: 0 0 29 39 28 22 20 20 |  0 0  9 24 26 24 23 22 |  0 0  9 15 19 34 71 138 | 
06-22 22:34:57.027 I/SDM     ( 2534): HWPeripheralDRM::SetPanelFeature: Set Panel feature property 20
06-22 22:34:57.027 I/SDM     ( 2534): HWPeripheralDRM::SetPanelFeature: Set Panel feature property 7
06-22 22:34:57.027 I/SDM     ( 2534): DisplayBuiltIn::TriggerDemuraOemPlugIn: Trigger demura oem plugin success
06-22 22:34:57.029 D/SDM     ( 2534): DisplayBuiltIn::setAdfr2minfpsQsyncMode: adfr2minfps + qsync minfps change to: 8388796 008000BC
06-22 22:34:57.029 E/SDM     ( 2534): DRMConnector::Perform: Connector 70: Setting Qsync min fps 8388796
06-22 22:34:57.029 I/SDM     ( 2534): DRMPanelFeatureMgr::ApplyDirtyFeature: Commited panel feature [enabled]: 21-276
06-22 22:34:57.029 I/SDM     ( 2534): DRMPanelFeatureMgr::ApplyDirtyFeature: Commited panel feature [enabled]: 8-275
06-22 22:34:57.029 D/SDM     ( 2534): HWDeviceDRM::SetupAtomic: APUIR: m_isswitchfps 2
06-22 22:34:57.037 D/NLP     (10008):  nr.getTac() : 2490468
06-22 22:34:57.037 D/NLP     (10008):  nr.getTac() : 9769472
06-22 22:34:57.037 D/SDM     ( 2534): HWDeviceDRM::SetupAtomic: APUIR: m_isswitchfps 1
06-22 22:34:57.044 D/baidu_location_service(10008): up ssid， enc:0RHDzsOfz52VwIkJhPjF8JxaOeW7WkasF55OSXsFUhJc2kY7aPN9sFgmd_UaDkxj1geA5RFn5KhwwxflHSF_pu5Ucpt6zpIYR1Yn8QALjjXTIQEcyFRwiVvyKued0TPVo5CJgrq_87GnkqGu4LWg_jdF1gPdQCD8MoeRNS5l-9ZPi2BnlT1lLfkCYBRThdX9qUa4IT-G9QYaNWD60j9_cveQTioLwJFy7-wDUdGkSmWm9elh3RgNL0TMf9ZlEYlz8L3QzQJeD10f4Qul2v..|tp=4
06-22 22:34:57.048 I/oplus-adfr2minfps( 2534): needChangeMinfps(0) mParamFromWhich 0 isOpenHistogram(0) Enable 1(debug-0:sensor-0:panelNit-1:gray-1), NeedUpdateMinfps 1(n-0:g-0:s-0:v-1), mPanelNit 94.061325(nitId-0:grayId-0:lastfpsId-2), mPowerMode 2(1 0) mRgbInfo 0(Sum-1.000000:Max-1.000000) fodstatus(0) sensorlux(0) isDark(0)
06-22 22:34:57.048 D/oplus-adfr2minfps( 2534): calculateMinfps(0) mParamFromWhich 0: mMinfps = 1 mPanelNit = 94.061325
06-22 22:34:57.048 D/oplus-adfr2minfps( 2534): updateMinfps(0) = 1
06-22 22:34:57.048 D/SDM     ( 2534): DisplayBuiltIn::setAdfr2minfpsQsyncMode: adfr2minfps + qsync minfps change to: 8388737 00800081
06-22 22:34:57.049 E/SDM     ( 2534): DRMConnector::Perform: Connector 70: Setting Qsync min fps 8388737
06-22 22:34:57.049 D/SDM     ( 2534): HWDeviceDRM::SetupAtomic: APUIR: m_isswitchfps 0
06-22 22:34:57.077 D/skia    ( 2762): findCacheMissInfo vsync 949397604, result 0
06-22 22:34:57.081 W/UserAwareMgr( 4244): event can not be released, id: 1010, count: 164, releasePid: 4244
06-22 22:34:57.084 W/UserAwareMgr( 4244): event can not be released, id: 1010, count: 164, releasePid: 4244
06-22 22:34:57.087 D/VRR [OPlusRefreshRateService]( 4244): handleConfigIdChange physicalDisplayId: 4630947090715748499 configId: 1 renderPeriod: 16666667
06-22 22:34:57.088 D/VRR [OPlusGameStatusManager]( 4244): updateGameState mOSyncFeatureSwitch: false mIsGamePolicy: false
06-22 22:34:57.088 D/VRR [OPlusGameStatusManager]( 4244): updateGameAccelerationStatus pkgName: com.dlxx.mam.Internal mOSyncFeatureSwitch: false mIsGamePolicy: false mHeartStop: false mHasFlickerRisk: false mForceAcceleration: false mToastReady: false enable: false
06-22 22:34:57.088 D/VRR [OPlusExternalRefreshRateManager]( 4244): handleOtiHistSwitch false
06-22 22:34:57.088 D/VRR [OPlusSurfaceFlingerController]( 4244):  setOtiHistogramSwitch : false
06-22 22:34:57.088 D/OplusHistogram( 2762): switch config: 0
06-22 22:34:57.096 I/vendor.qti.bluetooth@1.0-ibs_handler( 2501): DeviceSleep: TX Awake, Sending SLEEP_IND
06-22 22:34:57.096 D/vendor.qti.bluetooth@1.0-ibs_handler( 2501): SerialClockVote: vote for UART CLK OFF
06-22 22:34:57.153 D/skia    ( 2762): findCacheMissInfo vsync 949397612, result 0
06-22 22:34:57.155 D/BatteryChargeControl( 2611): bcc get no support from charging protocol
06-22 22:34:57.159 D/CommonApp-1115-10466( 6875): transport layer data is invalid
06-22 22:34:57.159 D/CommonApp-1115-10406( 6875): commonScoreStrategy scenarios low package
06-22 22:34:57.182 D/skia    ( 2762): findCacheMissInfo vsync 949397656, result 0
06-22 22:34:57.246 D/vendor.qti.bluetooth@1.0-wake_lock( 2501): Release wakelock is released 
06-22 22:34:57.303 I/sensors-hal( 2513): handle_oplus_wise_rgb_event:191, wise_rgb: (r, g, b, c)[332.00, 364.00, 155.00, 310.00],(r2,g2,b2,c2)[[0.00, 0.00, 0.00, 0.00], algo:5.0, flag :0
06-22 22:34:57.303 I/sensors-hal( 2513): handle_oplus_wise_rgb_event:217, high_pwm_light:lux 49.8,cct 3954.0,brl/algo/ir 1348.0/5.0/0.0,pwm/dc 0.0/0.0,rgbc 332.000000/364.000000/155.000000/310.000000,ts 2230456578803617,cnt 36305,flag 0
06-22 22:34:57.303 D/FusionLightNextGen( 4244): process end reported = 1, mode: 0, cnt: 182495, lux 50.1, cct -1.0, r/g/b/c: 332.0/364.0/155.0/310.0, R/G/B: -1.0/-1.0/-1.0, bri 1348.0, match 0.00, ir 0.123944, conf 0.0, ts 2230456578803617
06-22 22:34:57.345 I/baidu_location_service(10008): url connection write output
06-22 22:34:57.345 I/baidu_location_service(10008): url connection flush
06-22 22:34:57.424 I/baidu_location_service(10008): url connection response code:200
06-22 22:34:57.425 D/baidu_location_service(10008): baidu_location_service-encrypt:EZCcechi4aur7UxSFVdCpwx+yrOLg+XitmglD4OloyFKPya6f0VzdMfd8FpuONjc3CpjHeo7BPyyzZ+sPOla7ibLlg6GayNU+OUV1b7xnvZQwr0rK56LFHlMBM9AiEBupPbwePGFZLyH+PfmGfTVfduuVGl9xRuSTGp0CnzGhK7CI47G8nNTeIzKma3tBATNEjVm6RRmdp3JmHoYLSGD1rvHEF9Z0HbYzM7mvKsoB6LJI9mVFbBr2PlBgbreyov7nVBvRqUFIRzn7HpzQXahdgzToR7B4xvaJFwO0ZoFNbKvVGGhAT2Zr5eNjmKiNVoU
06-22 22:34:57.435 D/LocationTransport(10008): get the LocationTransport Instance
06-22 22:34:57.435 D/LocationTransport(10008): get the LocationTransport Instance
06-22 22:34:57.435 I/OplusLocationStatistics( 4244): NLP update locatin successed.
06-22 22:34:57.435 I/OplusLocationStatistics( 4244): setNlpRequestDuration: 1043
06-22 22:34:57.435 I/LocationManagerService( 4244): incoming location [Location[network 29.57****,106.20**** hAcc=27.5 et=+25d19h34m16s740ms alt=0.0 mslAlt=39.505146487412816 vel=0.0 bear=359.0]]
06-22 22:34:57.436 E/AppOps  ( 4244): attributionTag OplusLocationCache not declared in manifest of android
06-22 22:34:57.438 I/LocationRequestStatistics( 4244): deliverLocation, PackageProviderKey = PackageProviderKey: network: android: OplusLocationCache
06-22 22:34:57.438 V/LocationManagerService( 4244): passive provider registration 1000/android[SensorNotificationService]/6625DDAC dropped delivery - too close
06-22 22:34:57.439 E/AppOps  ( 4244): attributionTag OplusLBS not declared in manifest of android
06-22 22:34:57.439 V/LocationManagerService( 4244): passive provider registration 10255/com.coloros.weather.service/AC30808A dropped delivery - too close
06-22 22:34:57.440 I/13300PAS[17001002][00723ff].PhoneStateInfoCollector_Travel(13300): onLocationChanged: 
06-22 22:34:57.441 V/LocationManagerService( 4244): passive provider registration 1000/com.oplus.nas/DE449AB2 dropped delivery - too close
06-22 22:34:57.441 V/LocationManagerService( 4244): passive provider registration 10120/com.oplus.metis/3F5E2F24 dropped delivery - too close
06-22 22:34:57.441 E/AppOps  ( 4244): attributionTag OplusLocationCache not declared in manifest of android
06-22 22:34:57.442 D/SubsysLocationManager( 6875): onLocationChanged(passive)
06-22 22:34:57.443 D/GeoFenceDetectionService-ConcertSyncService( 6875): handleMessage what:2004
06-22 22:34:57.443 D/GeoFenceDetectionService-ConcertSyncService( 6875): onLocationChanged
06-22 22:34:57.444 D/SubsysThreadPool( 6875): execute task
06-22 22:34:57.444 D/GeoFenceDetectionService-ExhibitionSyncService( 6875): handleMessage what:2004
06-22 22:34:57.445 D/GeoFenceDetectionService-ExhibitionSyncService( 6875): onLocationChanged
06-22 22:34:57.445 D/SubsysThreadPool( 6875): execute task
06-22 22:34:57.445 D/GeoFenceDetectionService-AttractionSyncService( 6875): handleMessage what:2004
06-22 22:34:57.445 D/GeoFenceDetectionService-AttractionSyncService( 6875): onLocationChanged
06-22 22:34:57.445 D/SubsysThreadPool( 6875): execute task
06-22 22:34:57.445 D/GeoFenceDetectionService-AirportSyncService( 6875): handleMessage what:2004
06-22 22:34:57.445 D/GeoFenceDetectionService-AirportSyncService( 6875): onLocationChanged
06-22 22:34:57.445 D/SubsysThreadPool( 6875): execute task
06-22 22:34:57.445 D/AtomPassiveLocationInfo( 6875): handleMessage what:1
06-22 22:34:57.445 D/AtomPassiveLocationInfo( 6875): handleMessage what:1
06-22 22:34:57.445 D/ExitGarageFilterEventImpl( 6875): handleMessage what:1
06-22 22:34:57.445 D/ExitGarageFilterEventImpl( 6875): onLocationChanged
06-22 22:34:57.445 D/ExitGarageFilterEventImpl( 6875): handleMessage what:1
06-22 22:34:57.445 D/ExitGarageFilterEventImpl( 6875): onLocationChanged
06-22 22:34:57.445 D/BorderPortEvent( 6875): onLocationChanged location.
06-22 22:34:57.445 D/BorderPortEvent( 6875): checkIsBorderPort cloub policy:false
06-22 22:34:57.445 D/SubsysThreadPool( 6875): execute task
06-22 22:34:57.445 D/AtomPassiveLocationInfo( 6875): handleMessage what:1
06-22 22:34:57.446 D/GpsService( 6875): onLocationChanged
06-22 22:34:57.452 D/OplusLocationAidl(19680): injectLocation: injectLocation()
06-22 22:34:57.452 D/QcomLocationAidlImpl(19680): injectLocation: enter default injectLocation()
06-22 22:34:57.452 D/vendor.oplus.hardware.location_aidl-service(19680): checkAndLoopSuid: location_oplus_injectLocation]: checkAndLoopSuid sOplusLocConn = 0xb40000763b097000, sIsLoopupSuid = 0, sRebindingTimer = 0!
06-22 22:34:57.452 D/vendor.oplus.hardware.location_aidl-service(19680): execute: Task[injectLocation] will be run!
06-22 22:34:57.452 D/vendor.oplus.hardware.location_aidl-service(19680): sendInjectLocationRequest: Send inject location request
06-22 22:34:57.453 I/13300PAS[17001002][00723ff].PhoneStateInfoCollector_Travel(13300): , mock = false, provider = network, time = 2026-06-22 22:34:57
06-22 22:34:57.453 W/LocationFreezeProc( 4244): removeLocationRequest [android.location.LocationManager$LocationListenerTransport@1c16291]
06-22 22:34:57.453 E/AppOps  ( 4244): attributionTag OplusLocationCache not declared in manifest of android
06-22 22:34:57.453 I/OplusLocationStatistics( 4244): stopRequesting
06-22 22:34:57.453 I/LocationRequestStatistics( 4244): stopRequesting, PackageProviderKey = PackageProviderKey: network: android: OplusLocationCache
06-22 22:34:57.453 D/LocationManagerService( 4244): network provider removed registration from 1000/android[OplusLocationCache]/ED084AE2
06-22 22:34:57.453 W/LocationFreezeProc( 4244): remove [network]'s Location Request[android.location.LocationManager$LocationListenerTransport@1c16291] Done from 1000/android[OplusLocationCache]/ED084AE2
06-22 22:34:57.453 D/LocationManagerService( 4244): network provider request changed to ProviderRequest[OFF]
06-22 22:34:57.454 D/vendor.oplus.hardware.location_aidl-service(19680): sendInjectLocationRequest: [sendInjectLocationRequest]: location inject req [295721770, 1062043605, 0.000000, 0]
06-22 22:34:57.454 D/BorderPortEvent( 6875): check cloud border port result false
06-22 22:34:57.455 I/9146UMS[16057000][c120d46].PhoneStateInfoCollector_Travel( 9146): onLocationChanged: 
06-22 22:34:57.455 D/CellMap/GridLocationManager( 6875): handleLocationChange location provider is: network
06-22 22:34:57.456 I/9146UMS[16057000][c120d46].PhoneStateInfoCollector_Travel( 9146): , mock = false, provider = network, time = 2026-06-22 22:34:57
06-22 22:34:57.458 I/OplusLocationStatistics( 4244): recordNlpNavigatingStopped
06-22 22:34:57.458 I/OplusLocationStatistics( 4244): Nlp locaiton has update or Error has recored! Do nothing
06-22 22:34:57.458 I/13300PAS[17001002][00723ff].MigrateUmsMonitor_Travel(13300): isMigrateToUms: ums meta-data = true
06-22 22:34:57.458 I/13300PAS[17001002][00723ff].MigrateUmsMonitor_Travel(13300): isMigrateToUms: ums pre-permission(cache) = true
06-22 22:34:57.458 I/13300PAS[17001002][00723ff].PhoneStateInfoCollector_Travel(13300): setLocationAlarm: isMigrateToUms = true
06-22 22:34:57.458 I/13300PAS[17001002][00723ff].MigrateUmsMonitor_Travel(13300): isMigrateToUms: ums meta-data = true
06-22 22:34:57.458 I/13300PAS[17001002][00723ff].MigrateUmsMonitor_Travel(13300): isMigrateToUms: ums pre-permission(cache) = true
06-22 22:34:57.459 I/9146UMS[16057000][c120d46].ScheduleTaskManager_Travel( 9146): doRemoveAlarmTaskLock: timestamp = ****-06-22 22:**:**
06-22 22:34:57.459 I/GnssAidl( 2505): ===> injectLocation line 241 
06-22 22:34:57.459 D/GeoFenceDetectionService-ConcertSyncService( 6875): handleMessage what:2000
06-22 22:34:57.459 D/GeoFenceDetectionService-ConcertSyncService( 6875): checkInFence ret:false
06-22 22:34:57.459 D/GeoFenceDetectionService-ExhibitionSyncService( 6875): handleMessage what:2000
06-22 22:34:57.459 D/GeoFenceDetectionService-ExhibitionSyncService( 6875): checkInFence ret:false
06-22 22:34:57.460 D/vendor.oplus.hardware.location_aidl-service(19680): waitForAck: location_oplus: Wait request[50] ack for [2] sec, pid = 19680
06-22 22:34:57.462 D/GeoFenceDetectionService-AirportSyncService( 6875): handleMessage what:2000
06-22 22:34:57.462 D/GeoFenceDetectionService-AirportSyncService( 6875): checkInFence ret:false
06-22 22:34:57.462 I/9146UMS[16057000][c120d46].ScheduleTaskManager_Travel( 9146): doAddAlarmTaskLock: timestamp = ****-06-22 22:**:**
06-22 22:34:57.462 D/OplusHansManager ( 4244): 4244/1000 to 20320/10103 | android.location.ILocationListener | 1 reason default_unfreezeForKernel
06-22 22:34:57.463 D/vendor.oplus.hardware.location_aidl-service(19680): respCb: Response callback received: 0 152
06-22 22:34:57.463 I/LocationRequestStatistics( 4244): deliverLocation, PackageProviderKey = PackageProviderKey: network: android: GnssService
06-22 22:34:57.464 I/9146UMS[16057000][c120d46].ScheduleTaskManager_Travel( 9146): addAlarmTask task = ScheduleTask{mTaskId=2, mPolicyId=20000, mTimeStampMillis=****-06-22 22:**:**}, isNeedAlign = true
06-22 22:34:57.464 I/9146UMS[16057000][c120d46].ScheduleTaskManager( 9146): addAlarmTask alarm size=3
06-22 22:34:57.466 I/9146UMS[16057000][c120d46].PhoneStateInfoCollector_Travel( 9146): updateLocationData: 
06-22 22:34:57.466 I/9146UMS[16057000][c120d46].PhoneStateInfoCollector_Travel( 9146): updateLocationData -> updateLocationCache
06-22 22:34:57.466 I/LocSvc_api_v02( 2505): ---> locClientSendReq line 1821 INJECT_POSITION
06-22 22:34:57.467 I/13300PAS[17001002][00723ff].PhoneStateInfoCollector_Travel(13300): updateLocationData: 
06-22 22:34:57.467 I/13300PAS[17001002][00723ff].PhoneStateInfoCollector_Travel(13300): updateLocationData -> updateLocationCache
06-22 22:34:57.468 I/LocSvc_ApiV02( 2505): <--- globalRespCb line 252 INJECT_POSITION
06-22 22:34:57.471 I/13300PAS[17001002][00723ff].MigrateUmsMonitor_Travel(13300): isMigrateToUms: ums meta-data = true
06-22 22:34:57.471 I/13300PAS[17001002][00723ff].MigrateUmsMonitor_Travel(13300): isMigrateToUms: ums pre-permission(cache) = true
06-22 22:34:57.474 I/13300PAS[17001002][00723ff].MigrateUmsMonitor_Travel(13300): isMigrateToUms: ums meta-data = true
06-22 22:34:57.474 I/13300PAS[17001002][00723ff].MigrateUmsMonitor_Travel(13300): isMigrateToUms: ums pre-permission(cache) = true
06-22 22:34:57.474 I/13300PAS[17001002][00723ff].PhoneStateInfoCollector_Travel(13300): updateLocationCache: isMigrateToUms = true
06-22 22:34:57.474 I/13300PAS[17001002][00723ff].BaseResourceCollectManger_Travel(13300): notifyResourceChange:10009
06-22 22:34:57.478 I/13300PAS[17001002][00723ff].ResourceTrigger(13300): resourceOnChange, resourceId is 10009
06-22 22:34:57.478 I/13300PAS[17001002][00723ff].ResourceTrigger(13300): startAlign
06-22 22:34:57.478 I/13300PAS[17001002][00723ff].ScenesProvider_Travel(13300): query: tableName = Settings, callingPackage = com.***.pantanal.ums
06-22 22:34:57.478 D/ActivityAdapter( 6875): uid active, uid=10137
06-22 22:34:57.481 I/13300PAS[17001002][00723ff].ScenesProvider_Travel(13300): query: tableName = Settings, callingPackage = com.***.pantanal.ums
06-22 22:34:57.482 I/9146UMS[16057000][c120d46].PhoneStateInfoCollector_Travel( 9146): reportLocation, earthquake_warning status = 0
06-22 22:34:57.482 I/9146UMS[16057000][c120d46].PhoneStateInfoCollector_Travel( 9146): reportLocation, earthquake_warning is not open, return
06-22 22:34:57.482 I/9146UMS[16057000][c120d46].BaseResourceCollectManger_Travel( 9146): notifyResourceChange:10001
06-22 22:34:57.483 I/9146UMS[16057000][c120d46].ResourceTrigger( 9146): resourceOnChange, resourceId is 10001
06-22 22:34:57.483 I/9146UMS[16057000][c120d46].ResourceTrigger( 9146): startAlign
06-22 22:34:57.498 D/ExamAccessibility(16916): Q14 options=[A.空开, B.列头柜, C.电源, D.直流配线单元]
06-22 22:34:57.498 D/ExamAccessibility(16916): Q14 clicking sel=A node=A.空开
06-22 22:34:57.515 D/GeoFenceDetectionService-AttractionSyncService( 6875): handleMessage what:2000
06-22 22:34:57.515 D/GeoFenceDetectionService-AttractionSyncService( 6875): checkInFence ret:false
06-22 22:34:57.551 I/sensors-hal( 2513): handle_oplus_wise_rgb_event:191, wise_rgb: (r, g, b, c)[328.00, 367.00, 151.00, 309.00],(r2,g2,b2,c2)[[0.00, 0.00, 0.00, 0.00], algo:5.0, flag :0
06-22 22:34:57.567 I/PTC.DISC.BleScanStateMachine(29915): Scan timeout, client=DiscoveryClient(id=Restart, pkg=PantaConnect, pid=-1)
06-22 22:34:57.567 I/PTC.DISC.BleScannerAdapter(29915): ptcBleStopScanning Begin.
06-22 22:34:57.567 D/BluetoothLeScanner(29915): stopScan callback: tf.j0@3f3eb8
06-22 22:34:57.567 D/BluetoothAdapter(29915): isLeEnabled(): ON
06-22 22:34:57.570 I/AppScanStats( 6921): BLE_SCAN_RESULT_RECEIVED[1]reportBleScanResults=0
06-22 22:34:57.570 I/AppScanStats( 6921): BLE_SCAN_STATE_CHANGED[1]reportBleScanStopped=false
06-22 22:34:57.571 I/bt_shim_scanner( 6921): [le_scanning_manager.cc:146] Unregister: in shim layer, scannerId=1
06-22 22:34:57.572 D/BluetoothLeScanner(29915): stopScan callback: tf.j0@aa4c599
06-22 22:34:57.572 D/BluetoothAdapter(29915): isLeEnabled(): ON
