06-22 22:35:00.170 D/FusionLightNextGen( 4244): process end reported = 1, mode: 0, cnt: 182505, lux 49.6, cct -1.0, r/g/b/c: 322.0/364.0/154.0/305.0, R/G/B: -1.0/-1.0/-1.0, bri 1348.0, match 0.00, ir 0.124738, conf 0.0, ts 2230459445731273
06-22 22:35:00.224 W/QosScheduler( 4244): executeSceneQosStrategy failed! qos feature no enable
06-22 22:35:00.231 D/CommonApp-1115-10466( 6875): transport layer data is invalid
06-22 22:35:00.231 D/CommonApp-1115-10406( 6875): commonScoreStrategy scenarios 3 mTLD.uplink_packets + mTLD.downlink_packets > 10 avgRtt31
06-22 22:35:00.231 D/CommonApp-1115-10406( 6875): notifyScoreChange appScene COMMON score 100
06-22 22:35:00.251 W/UserAwareMgr( 4244): event can not be released, id: 1010, count: 164, releasePid: 4244
06-22 22:35:00.258 W/ModemAci( 6591): [AppInfo] failed to update app info due to empty map!
06-22 22:35:00.322 W/UserAwareMgr( 4244): event can not be released, id: 1010, count: 164, releasePid: 4244
06-22 22:35:00.410 D/VendorWifiService( 6875): onEvent event:9,action:1
06-22 22:35:00.412 D/ScorerUtils( 4244): isLowTraffic: txTputKBps=5, rxTputKBps=1
06-22 22:35:00.412 D/OplusWifiPower_TriggerCenter( 4244): mComponentCallback: wifistat
06-22 22:35:00.481 I/sensors-hal( 2513): handle_oplus_wise_rgb_event:191, wise_rgb: (r, g, b, c)[320.00, 354.00, 153.00, 303.00],(r2,g2,b2,c2)[[0.00, 0.00, 0.00, 0.00], algo:5.0, flag :0
06-22 22:35:00.490 W/UserAwareMgr( 4244): event can not be released, id: 1010, count: 164, releasePid: 4244
06-22 22:35:00.545 I/touch-afe ( 2602): 0| [writeLog] afe_dev_parse_data:code=fe, ignore...
06-22 22:35:00.557 I/touch-main( 2602): [touch-prevent][large_area_judged_V2][2835]: large_area_judged_V2: id(0) judge long exit.
06-22 22:35:00.557 I/touch-main( 2602): 0| [report] first touch point id 0 :Down[2376 38882    6    0    1    0    0][reportMode:normalMode]
06-22 22:35:00.557 D/PowerManagerService( 4244): userActivityNoUpdateLocked: groupId=0, eventTime=1537659169, event=other, flags=0x0, uid=1000
06-22 22:35:00.559 I/[UAH_CLIENT]( 4244): UahEventAcquire, cmdid:37, pkg:none, identity:OplusUAwareInputHelper
06-22 22:35:00.559 I/DynamicFramerate [AnimationSpeedAware](14091): onEventHandled: info: InputEventInfo: mX = 0, mY = 0, mAction = 0, mVsyncTime = 1537659173, mIsMoving = true, mUpdated = true
06-22 22:35:00.559 D/GestureLog_OplusMultiPointerDetector( 4244): onTouchEvent------>start, mCurNumPointers=1, mCurrStatus=0 mIsDownIntervalTimeout=true, action=0 downTime=1537659169 deviceId=5
06-22 22:35:00.559 V/AutofillManager(14091): requestHideFillUi(null): anchor = null
06-22 22:35:00.560 D/PowerManagerService( 4244): userActivityNoUpdateLocked: groupId=0, eventTime=1537659169, event=touch, flags=0x0, uid=1000
06-22 22:35:00.560 D/PowerManagerService( 4244): userActivityNoUpdateLocked: groupId=0, eventTime=1537659169, event=touch, flags=0x0, uid=1000
06-22 22:35:00.565 D/PowerManagerService( 4244): userActivityNoUpdateLocked: groupId=0, eventTime=1537659177, event=other, flags=0x0, uid=1000
06-22 22:35:00.572 D/PowerManagerService( 4244): userActivityNoUpdateLocked: groupId=0, eventTime=1537659185, event=other, flags=0x0, uid=1000
06-22 22:35:00.580 D/PowerManagerService( 4244): userActivityNoUpdateLocked: groupId=0, eventTime=1537659193, event=other, flags=0x0, uid=1000
06-22 22:35:00.619 W/UserAwareMgr( 4244): event can not be released, id: 1010, count: 165, releasePid: 4244
06-22 22:35:00.619 D/PowerManagerService( 4244): userActivityNoUpdateLocked: groupId=0, eventTime=1537659232, event=other, flags=0x0, uid=1000
06-22 22:35:00.627 D/PowerManagerService( 4244): userActivityNoUpdateLocked: groupId=0, eventTime=1537659240, event=other, flags=0x0, uid=1000
06-22 22:35:00.635 D/PowerManagerService( 4244): userActivityNoUpdateLocked: groupId=0, eventTime=1537659248, event=other, flags=0x0, uid=1000
06-22 22:35:00.635 I/[UAH_CLIENT]( 4244): UahEventAcquire, cmdid:68, pkg:none, identity:OplusUAwareInputHelper
06-22 22:35:00.635 W/QosScheduler( 4244): executeSceneQosStrategy failed! qos feature no enable
06-22 22:35:00.636 E/PERFHAL-BOOSTCONFIG( 2537): PERFHAL-BOOSTCONFIG: GetBoostConfig() 1872: Not able to fetch object
06-22 22:35:00.636 E/PERFHAL-BOOSTCONFIG( 2537): PERFHAL-BOOSTCONFIG: GetBoostConfig() 1872: Not able to fetch object
06-22 22:35:00.643 D/PowerManagerService( 4244): userActivityNoUpdateLocked: groupId=0, eventTime=1537659255, event=other, flags=0x0, uid=1000
06-22 22:35:00.652 D/PowerManagerService( 4244): userActivityNoUpdateLocked: groupId=0, eventTime=1537659263, event=other, flags=0x0, uid=1000
06-22 22:35:00.653 I/DynamicFramerate [AnimationSpeedAware](14091): syncInfoTogether: from STATE_IDLE to STATE_SCROLL_ANIMATION
06-22 22:35:00.654 I/DynamicFramerate [DynamicFrameRateManagerImpl](14091): setFrameRateInternalForView: TIMING_DO_FRAME_FINISH FrameRateControlUnit: { mTargetFrameRate = 90, mPreviewFrameRate = 0, mControlInfo = 0, mViewRoot = android.view.ViewRootImpl@8cf7359, mTakeEffectType = 10001, mPreviousControlInfo = 0, mIsActive = true, mIsMoving = true, mEnableEndLowRate = false, mIsInGameAnim = false, mIsWidespreadAnim = false, mIsLauncherAnim = false mUnitFrameRate = 90 } 
06-22 22:35:00.654 W/DynamicFramerate [DynamicFrameRateManagerImpl](14091): FrameRateControlUnit.apply: TIMING_DO_FRAME_FINISH applyAsyncUnsafe after doFrame
06-22 22:35:00.659 D/PowerManagerService( 4244): userActivityNoUpdateLocked: groupId=0, eventTime=1537659271, event=other, flags=0x0, uid=1000
06-22 22:35:00.660 D/PowerManagerService( 4244): userActivityNoUpdateLocked: groupId=0, eventTime=1537659271, event=touch, flags=0x0, uid=1000
06-22 22:35:00.660 D/PowerManagerService( 4244): userActivityNoUpdateLocked: groupId=0, eventTime=1537659271, event=touch, flags=0x0, uid=1000
06-22 22:35:00.664 D/VRR [RefreshRateDirector]( 2762): requestRefreshRate insert [ version-3-object-animation_370251, 90 ]
06-22 22:35:00.664 D/VRR [RefreshRateDirector]( 2762): updateBestFrameRate [version-3-object-animation_370251, {fps=90, modePtr={id=2, vsyncRate=90.00 Hz, peakRefreshRate=90.00 Hz}}]
06-22 22:35:00.665 D/SurfaceFlinger( 2762): VRR [SurfaceFlinger] setDesiredActiveMode: displayId: 4630947090715748499, renderRate: 90, vsyncRate: 90, event: 0
06-22 22:35:00.665 D/DisplayModeController( 2762): setDesiredMode 4630947090715748499 {mode={fps=90.00 Hz, modePtr={id=2, vsyncRate=90.00 Hz, peakRefreshRate=90.00 Hz}}, emitEvent=false, force=false}
06-22 22:35:00.667 D/PowerManagerService( 4244): userActivityNoUpdateLocked: groupId=0, eventTime=1537659279, event=other, flags=0x0, uid=1000
06-22 22:35:00.674 D/PowerManagerService( 4244): userActivityNoUpdateLocked: groupId=0, eventTime=1537659287, event=other, flags=0x0, uid=1000
06-22 22:35:00.682 D/PowerManagerService( 4244): userActivityNoUpdateLocked: groupId=0, eventTime=1537659295, event=other, flags=0x0, uid=1000
06-22 22:35:00.690 I/touch-main( 2602): 0| [report] all touch up, reportMode:0
06-22 22:35:00.690 D/PowerManagerService( 4244): userActivityNoUpdateLocked: groupId=0, eventTime=1537659303, event=other, flags=0x0, uid=1000
06-22 22:35:00.691 W/UserAwareMgr( 4244): event can not be released, id: 1010, count: 164, releasePid: 4244
06-22 22:35:00.691 D/UAH-UahAdaptHelper( 4244): adaptSetNotification identity = OplusUAwareInputHelpersrc = 1000 , type 1 ,p1 = -1 ,p2 = -1 ,p3 = -1 ,p4 =
06-22 22:35:00.691 I/[UAH_CLIENT]( 4244): uahRuleCtl, ruleId:1000, status:1
06-22 22:35:00.691 I/DynamicFramerate [AnimationSpeedAware](14091): onEventHandled: info: InputEventInfo: mX = 0, mY = 0, mAction = 1, mVsyncTime = 1537659305, mIsMoving = false, mUpdated = true
06-22 22:35:00.691 I/[UAH_CLIENT]( 4244): UahRelease, handle:618542
06-22 22:35:00.691 I/[UAH_CLIENT]( 4244): UahEventAcquire, cmdid:6, pkg:none, identity:OplusUAwareInputHelper
06-22 22:35:00.692 D/OplusViewDragTouchViewHelper(14091): dispatchTouchView action = 1
06-22 22:35:00.692 D/ViewRootImplExtImpl(14091): the up motion event handled by client, just return
06-22 22:35:00.692 D/ShellSubscriberWorkerThread(16944): the first 8 bytes empty, and RestData length > 8 
06-22 22:35:00.692 E/PERFHAL-BOOSTCONFIG( 2537): PERFHAL-BOOSTCONFIG: GetBoostConfig() 1872: Not able to fetch object
06-22 22:35:00.695 I/DynamicFramerate [AnimationSpeedAware](14091): syncInfoTogether: from STATE_SCROLL_ANIMATION to STATE_IDLE
06-22 22:35:00.695 I/DynamicFramerate [DynamicFrameRateManagerImpl](14091): setFrameRateInternalForView: TIMING_DO_FRAME_FINISH FrameRateControlUnit: { mTargetFrameRate = 0, mPreviewFrameRate = 90, mControlInfo = 0, mViewRoot = android.view.ViewRootImpl@8cf7359, mTakeEffectType = 10001, mPreviousControlInfo = 0, mIsActive = false, mIsMoving = false, mEnableEndLowRate = false, mIsInGameAnim = false, mIsWidespreadAnim = false, mIsLauncherAnim = false mUnitFrameRate = 0 } 
06-22 22:35:00.695 W/DynamicFramerate [DynamicFrameRateManagerImpl](14091): FrameRateControlUnit.apply: TIMING_DO_FRAME_FINISH applyAsyncUnsafe after doFrame
06-22 22:35:00.697 D/VRR [RefreshRateDirector]( 2762): requestRefreshRate delete [ version-3-object-animation_370251, 0 ]
06-22 22:35:00.697 D/VRR [RefreshRateDirector]( 2762): updateBestFrameRate [oti-hw, {fps=90, modePtr={id=2, vsyncRate=90.00 Hz, peakRefreshRate=90.00 Hz}}]
06-22 22:35:00.698 D/SurfaceFlinger( 2762): VRR [SurfaceFlinger] setDesiredActiveMode: displayId: 4630947090715748499, renderRate: 90, vsyncRate: 90, event: 0
06-22 22:35:00.698 D/DisplayModeController( 2762): setDesiredMode 4630947090715748499 {mode={fps=90.00 Hz, modePtr={id=2, vsyncRate=90.00 Hz, peakRefreshRate=90.00 Hz}}, emitEvent=false, force=false}
06-22 22:35:00.712 W/UserAwareMgr( 4244): event can not be released, id: 1010, count: 164, releasePid: 4244
06-22 22:35:00.713 W/UserAwareMgr( 4244): event can not be released, id: 1010, count: 164, releasePid: 4244
06-22 22:35:00.791 I/sensors-hal( 2513): handle_oplus_wise_rgb_event:191, wise_rgb: (r, g, b, c)[338.00, 365.00, 155.00, 319.00],(r2,g2,b2,c2)[[0.00, 0.00, 0.00, 0.00], algo:5.0, flag :0
06-22 22:35:00.796 I/touch-main( 2602): N| [readTemper] read temperature 35758
06-22 22:35:00.812 I/SDM     ( 2534): ScalarConfig::GetDnscConfigInfo: pcmn_data.phase_init_h: 0, pcmn_data.phase_step_h: 4194304
06-22 22:35:00.828 I/SDM     ( 2534): DemuraTnCaptureIntfImpl::ProcessCapturePanelData: 0x2100000000af:Screen capture status = 0
06-22 22:35:00.942 D/ExamAccessibility(16916): Q16 options=[A.检查, B.验证, C.测量, D.记录]
06-22 22:35:00.943 D/ExamAccessibility(16916): Q16 clicking sel=C node=C.测量
06-22 22:35:01.041 W/UserAwareMgr( 4244): event can not be released, id: 1010, count: 164, releasePid: 4244
06-22 22:35:01.043 I/OplusHansManager ( 4244): uid=10490, pkg=com.examhelper.app cannot transition from R to M, importance=floatWindow
06-22 22:35:01.078 D/PowerManagerService( 4244): userActivityNoUpdateLocked: groupId=0, eventTime=1537659691, event=accessibility, flags=0x0, uid=1000
06-22 22:35:01.079 D/ActivityTaskManager( 4244): NFW_setLastResumedActivityUncheckLocked:false r:ActivityRecord{141264397 u0 com.dlxx.mam.Internal/com.tencent.wework.common.web.JsWebActivity t4282} currentFocus:Window{22c888c u0 com.dlxx.mam.Internal/com.tencent.wework.common.web.JsWebActivity}
06-22 22:35:01.102 I/sensors-hal( 2513): handle_oplus_wise_rgb_event:191, wise_rgb: (r, g, b, c)[328.00, 365.00, 153.00, 308.00],(r2,g2,b2,c2)[[0.00, 0.00, 0.00, 0.00], algo:5.0, flag :0
06-22 22:35:01.103 I/sensors-hal( 2513): handle_sns_client_event:296, accel_sample: 0: ts=2230460194609607 ns; value = [-0.050409, 0.563029, 9.783057], status=3
06-22 22:35:01.157 D/BatteryChargeControl( 2611): bcc get no support from charging protocol
06-22 22:35:01.181 D/sgccSocket(14091): [<#-#>486513390784<#-#>] 2026-06-22 22:35:01 ProcessClientRead ret:1811, appfd:894, clientMode:0, http_body_exceed_max:0
06-22 22:35:01.181 D/sgccSocket(14091): [<#-#>483698660544<#-#>] 2026-06-22 22:35:01 [=sslConnPoolThread=]get condition!,pool size = 5,producer working
06-22 22:35:01.181 I/sgccSocket(14091): [<#-#>486513390784<#-#>] 2026-06-22 22:35:01 Processing server[proxy appfd 894] write: 1821,sslerr: 0
06-22 22:35:01.256 D/CommonApp-1115-10466( 6875): transport layer data is invalid
06-22 22:35:01.256 D/CommonApp-1115-10406( 6875): commonScoreStrategy scenarios low package
06-22 22:35:01.263 W/UserAwareMgr( 4244): event can not be released, id: 1010, count: 164, releasePid: 4244
06-22 22:35:01.330 W/QosScheduler( 4244): executeSceneQosStrategy failed! qos feature no enable
06-22 22:35:01.413 I/sensors-hal( 2513): handle_oplus_wise_rgb_event:191, wise_rgb: (r, g, b, c)[335.00, 363.00, 151.00, 315.00],(r2,g2,b2,c2)[[0.00, 0.00, 0.00, 0.00], algo:5.0, flag :0
06-22 22:35:01.434 D/TimerEvent( 6875): TimerEvent update to true
06-22 22:35:01.434 D/PolicyHandler( 6875): updateEventContext trigger event Event{mEventName=TimerEvent,mNickName=timer,mEventVal=true,mDefaultVal=false,mId=-1,mDefaultId=-1,mInstanceId=0,mUseNameId=false}
06-22 22:35:01.434 D/AtomAction( 6875): doAction for 54502 with [2, 3, 21004, 21031, 21033]
06-22 22:35:01.442 D/RadioProxyJ[0]( 6875): [355042552]> getAtomData,atomAppId:54502,subPolicy:0,mask:[2, -1, 3, -1]
06-22 22:35:01.442 D/AtomIndoorOutdoorState( 6875): fetch called. Current status: -1
06-22 22:35:01.442 D/AtomMovementStateInfo( 6875): fetch movement info
06-22 22:35:01.442 D/AtomMovementStateInfo( 6875): movement result: 1_1782138901442
06-22 22:35:01.442 D/AtomPassiveLocationInfo( 6875): fetch location info begin: 21004
06-22 22:35:01.442 D/AtomPassiveLocationInfo( 6875): fetch location info end: 21004
06-22 22:35:01.442 D/AtomAction( 6875): stopAction
06-22 22:35:01.443 E/MetricsAction( 6875): stopMetricsCollect no metrics data id 54502
06-22 22:35:01.443 D/TimerEvent( 6875): TimerEvent reset to false
06-22 22:35:01.445 D/QmiVsClient( 3999): getAtomData - enter
06-22 22:35:01.445 E/QmiVsClient( 3999): sendAsyncRequest QMI_VS_GET_ATOM_DATA_REQ_MSG_V01 ret 0
06-22 22:35:01.446 D/QmiVsClient( 3999): operator() callback - enter
06-22 22:35:01.446 D/VsProxy ( 3999): handleMessage msg is 4001
06-22 22:35:01.446 D/RadioProxy( 3999): getAtomData : response cb for instance 0
06-22 22:35:01.447 D/SubsysRadioResponse( 6875): getAtomDataResponse data:[10, -78, 2, 18, 70, 8, 20, 16, -52, 3, 32, -28, -128, -104, 1, 40, -127, -32, -42, -34, 51, 48, -62, 7, 56, 41, 64, -98, -23, 30, 72, 100, 82, 29, 8, -72, -7, -1, -1, -1, -1, -1, -1, -1, 1, 16, -100, -1, -1, -1, -1, -1, -1, -1, -1, 1, 24, -26, 1, 40, -1, -1, 1, 104, -102, 13, 112, 30, -96, 1, -75, -111, -18, -92, 8, 26, 45, 8, 20, 16, -98, -23, 30, 24, -96, 7, 34, 34, 8, -8, -10, -1, -1, -1, -1, -1, -1, -1, 1, 16, -12, -2, -1, -1, -1, -1, -1, -1, -1, 1, 24, -1, -1, 1, 32, -1, -1, 1, 40, -1, -1, 1, 26, 45, 8, 20, 16, -98, -23, 30, 24, -63, 4, 34, 34, 8, -48, -10, -1, -1, -1, -1, -1, -1, -1, 1, 16, -72, -2, -1, -1, -1, -1, -1, -1, -1, 1, 24, -1, -1, 1, 32, -1, -1, 1, 40, -1, -1, 1, 26, 45, 8, 20, 16, -98, -23, 30, 24, -103, 6, 34, 34, 8, -16, -9, -1, -1, -1, -1, -1, -1, -1, 1, 16, -22, -2, -1, -1, -1, -1, -1, -1, -1, 1, 24, -1, -1, 1, 32, -1, -1, 1, 40, -1, -1, 1, 26, 44, 8, 20, 16, -98, -23, 30, 24, 52, 34, 34, 8, -118, -10, -1, -1, -1, -1, -1, -1, -1, 1, 16, -72, -2, -1, -1, -1, -1, -1, -1, -1, 1, 24, -1, -1, 1, 32, -1, -1, 1, 40, -1, -1, 1, 26, 45, 8, 20, 16, -98, -23, 30, 24, -17, 3, 34, 34, 8, -98, -10, -1, -1, -1, -1, -1, -1, -1, 1, 16, -62, -2, -1, -1, -1, -1, -1, -1, -1, 1, 24, -1, -1, 1, 32, -1, -1, 1, 40, -1, -1, 1]
06-22 22:35:01.448 D/RadioProxyJ[0]( 6875): [355042552]< getAtomDataResponse {10, -78, 2, 18, 70, 8, 20, 16, -52, 3, 32, -28, -128, -104, 1, 40, -127, -32, -42, -34, 51, 48, -62, 7, 56, 41, 64, -98, -23, 30, 72, 100, 82, 29, 8, -72, -7, -1, -1, -1, -1, -1, -1, -1, 1, 16, -100, -1, -1, -1, -1, -1, -1, -1, -1, 1, 24, -26, 1, 40, -1, -1, 1, 104, -102, 13, 112, 30, -96, 1, -75, -111, -18, -92, 8, 26, 45, 8, 20, 16, -98, -23, 30, 24, -96, 7, 34, 34, 8, -8, -10, -1, -1, -1, -1, -1, -1, -1, 1, 16, -12, -2, -1, -1, -1, -1, -1, -1, -1, 1, 24, -1, -1, 1, 32, -1, -1, 1, 40, -1, -1, 1, 26, 45, 8, 20, 16, -98, -23, 30, 24, -63, 4, 34, 34, 8, -48, -10, -1, -1, -1, -1, -1, -1, -1, 1, 16, -72, -2, -1, -1, -1, -1, -1, -1, -1, 1, 24, -1, -1, 1, 32, -1, -1, 1, 40, -1, -1, 1, 26, 45, 8, 20, 16, -98, -23, 30, 24, -103, 6, 34, 34, 8, -16, -9, -1, -1, -1, -1, -1, -1, -1, 1, 16, -22, -2, -1, -1, -1, -1, -1, -1, -1, 1, 24, -1, -1, 1, 32, -1, -1, 1, 40, -1, -1, 1, 26, 44, 8, 20, 16, -98, -23, 30, 24, 52, 34, 34, 8, -118, -10, -1, -1, -1, -1, -1, -1, -1, 1, 16, -72, -2, -1, -1, -1, -1, -1, -1, -1, 1, 24, -1, -1, 1, 32, -1, -1, 1, 40, -1, -1, 1, 26, 45, 8, 20, 16, -98, -23, 30, 24, -17, 3, 34, 34, 8, -98, -10, -1, -1, -1, -1, -1, -1, -1, 1, 16, -62, -2, -1, -1, -1, -1, -1, -1, -1, 1, 24, -1, -1, 1, 32, -1, -1, 1, 40, -1, -1, 1}
06-22 22:35:01.448 D/AtomModemInfo( 6875): fetch  
06-22 22:35:01.448 D/AtomModemInfo( 6875): getAtomData: merge end
06-22 22:35:01.486 W/UserAwareMgr( 4244): event can not be released, id: 1010, count: 164, releasePid: 4244
06-22 22:35:01.529 D/sgccSocket(14091): [<#-#>483698660544<#-#>] 2026-06-22 22:35:01 [=sslConnPoolThread=]get condition!,pool size = 5,producer working
06-22 22:35:01.529 D/sgccSocket(14091): [<#-#>486513390784<#-#>] 2026-06-22 22:35:01 Processing server[proxy appfd 894] read: 735,time=1,sslerr:0
06-22 22:35:01.529 D/sgccSocket(14091): [<#-#>486513390784<#-#>] 2026-06-22 22:35:01 ProcessServerPacket recv:725
06-22 22:35:01.529 D/sgccSocket(14091): [<#-#>483698660544<#-#>] 2026-06-22 22:35:01 [=sslConnPoolThread=]get condition!,pool size = 5,producer working
06-22 22:35:01.529 D/sgccSocket(14091): [<#-#>486513390784<#-#>] 2026-06-22 22:35:01 Processing client write:725, appfd:894
06-22 22:35:01.563 V/Codec2-DumpInput( 2542): [processLoop:L844][c2.qti.hevc.decoder_159]QueueRead[1] empty, waiting buffer.
06-22 22:35:01.597 W/UserAwareMgr( 4244): event can not be released, id: 1010, count: 164, releasePid: 4244
06-22 22:35:01.708 W/UserAwareMgr( 4244): event can not be released, id: 1010, count: 164, releasePid: 4244
06-22 22:35:01.724 I/sensors-hal( 2513): handle_oplus_wise_rgb_event:191, wise_rgb: (r, g, b, c)[332.00, 377.00, 151.00, 313.00],(r2,g2,b2,c2)[[0.00, 0.00, 0.00, 0.00], algo:5.0, flag :0
06-22 22:35:01.725 D/FusionLightNextGen( 4244): process end reported = 1, mode: 0, cnt: 182510, lux 50.5, cct -1.0, r/g/b/c: 332.0/377.0/151.0/313.0, R/G/B: -1.0/-1.0/-1.0, bri 1348.0, match 0.00, ir 0.125360, conf 0.0, ts 2230461000661898
06-22 22:35:01.885 D/osense.compress( 4244): com.coloros.shortcuts do shrink, target ratio = 38, final ratio = 100, cur ratio = 0
06-22 22:35:01.921 W/UserAwareMgr( 4244): event can not be released, id: 1010, count: 164, releasePid: 4244
06-22 22:35:02.035 I/sensors-hal( 2513): handle_oplus_wise_rgb_event:191, wise_rgb: (r, g, b, c)[321.00, 372.00, 150.00, 305.00],(r2,g2,b2,c2)[[0.00, 0.00, 0.00, 0.00], algo:5.0, flag :0
06-22 22:35:02.157 D/BatteryChargeControl( 2611): bcc get no support from charging protocol
06-22 22:35:02.268 W/UserAwareMgr( 4244): event can not be released, id: 1010, count: 164, releasePid: 4244
06-22 22:35:02.279 D/CommonApp-1115-10466( 6875): transport layer data is invalid
06-22 22:35:02.280 D/CommonApp-1115-10406( 6875): commonScoreStrategy scenarios low package
06-22 22:35:02.346 I/sensors-hal( 2513): handle_oplus_wise_rgb_event:191, wise_rgb: (r, g, b, c)[330.00, 378.00, 151.00, 313.00],(r2,g2,b2,c2)[[0.00, 0.00, 0.00, 0.00], algo:5.0, flag :0
06-22 22:35:02.434 D/VendorWifiService( 6875): onEvent event:9,action:1
06-22 22:35:02.439 D/ScorerUtils( 4244): isLowTraffic: txTputKBps=1, rxTputKBps=0
06-22 22:35:02.440 D/Smart_Assistant_StateMachine( 4244): has reach switch wifi threshold.
06-22 22:35:02.492 D/VRR [OTI]( 2762): handleIdle from 0 to 1
06-22 22:35:02.492 D/VRR [RefreshRateDirector]( 2762): requestRefreshRateByOti update [ oti-hw, {fps=60, modePtr={id=1, vsyncRate=60.00 Hz, peakRefreshRate=60.00 Hz}} ]
06-22 22:35:02.492 D/VRR [RefreshRateDirector]( 2762): updateBestFrameRate [oti-hw, {fps=60, modePtr={id=1, vsyncRate=60.00 Hz, peakRefreshRate=60.00 Hz}}]
06-22 22:35:02.493 D/SurfaceFlinger( 2762): VRR [SurfaceFlinger] setDesiredActiveMode: displayId: 4630947090715748499, renderRate: 60, vsyncRate: 60, event: 0
06-22 22:35:02.493 D/DisplayModeController( 2762): setDesiredMode 4630947090715748499 {mode={fps=60.00 Hz, modePtr={id=1, vsyncRate=60.00 Hz, peakRefreshRate=60.00 Hz}}, emitEvent=false, force=false}
06-22 22:35:02.494 I/HWC2    ( 2762): [0] setActiveConfigWithConstraints[1]
06-22 22:35:02.494 I/SDM     ( 2534): SDMDisplayIris::SetActiveConfigToIrisWrapper: SetActiveConfigToIrisWrapper on id_: 0
06-22 22:35:02.494 W/SDM     ( 2534): SDMDisplayIris::SetActiveConfigToIrisWrapper: HWC SetActiveConfig [1], switch to [1440x3168@60]
06-22 22:35:02.495 I/SDM     ( 2534): SDMDisplayIris::SetActiveConfigToIrisWrapper: SetActiveConfigToIrisWrapper on id_: 0
06-22 22:35:02.495 W/SDM     ( 2534): SDMDisplayIris::SetActiveConfigToIrisWrapper: HWC SetActiveConfig [1], switch to [1440x3168@60]
06-22 22:35:02.495 D/oplus-adfr2minfps( 2534): calculateMinfps(0):mADFR2MINFPSEnable = 1 ifChangeVsyncPeriod 3 return mMinfps = 60
06-22 22:35:02.495 D/oplus-adfr2minfps( 2534): updateMinfps(0) = 60
06-22 22:35:02.495 W/SDM     ( 2534): HWDeviceDRM::GetSupportedBitClkRate: Requested rate not supported: 1363200000
06-22 22:35:02.495 I/SDM     ( 2534): HWDeviceDRM::UpdateMixerAttributes: Mixer WxH 1440x3168-1 for Peripheral
06-22 22:35:02.496 I/CwbService( 2534): CwbService::notifyConfigChange: display:0, config:1 size:5, sec.size():0
06-22 22:35:02.496 I/SDM     ( 2534): SDMDisplay::FinalizeDisplayConfig: HWC SetActiveConfig [1], switch to [1440x3168@60]
06-22 22:35:02.496 I/CasManager( 2534): Fps changed from 90 to 60, mDBV:1348
06-22 22:35:02.496 I/CasManager( 2534): Fps changed, not change bin, so trigger gain
06-22 22:35:02.496 I/SDM     ( 2534): CasQcPlugIn::CalDbvHeadRoom: headroom dbv_index:8 (1163, 1.288489) (1872, 1.196446) in_blk:1348 in_hroom:1021 hroom_scale:1.264472 out_hroom:1020 cur_dbv_ref_1024:0.997070 cur_dbv_reduce_value:0.003705
06-22 22:35:02.496 I/SDM     ( 2534): CasQcPlugIn::ProcessPerCompGainDeburnIn: old: 0 0 16 16 16 16 16 16 |  0 0 16 16 16 16 16 16 |  0 0 16 16 16 28 55 101 | 
06-22 22:35:02.496 I/SDM     ( 2534): CasQcPlugIn::ProcessPerCompGainDeburnIn: new: 0 0 29 39 28 22 20 20 |  0 0  9 24 26 24 23 22 |  0 0  9 15 19 34 71 138 | 
06-22 22:35:02.496 I/SDM     ( 2534): HWPeripheralDRM::SetPanelFeature: Set Panel feature property 20
06-22 22:35:02.496 I/SDM     ( 2534): HWPeripheralDRM::SetPanelFeature: Set Panel feature property 7
06-22 22:35:02.496 I/SDM     ( 2534): DisplayBuiltIn::TriggerDemuraOemPlugIn: Trigger demura oem plugin success
06-22 22:35:02.498 D/SDM     ( 2534): DisplayBuiltIn::setAdfr2minfpsQsyncMode: adfr2minfps + qsync minfps change to: 8388796 008000BC
06-22 22:35:02.498 E/SDM     ( 2534): DRMConnector::Perform: Connector 70: Setting Qsync min fps 8388796
06-22 22:35:02.498 I/SDM     ( 2534): DRMPanelFeatureMgr::ApplyDirtyFeature: Commited panel feature [enabled]: 21-276
06-22 22:35:02.498 I/SDM     ( 2534): DRMPanelFeatureMgr::ApplyDirtyFeature: Commited panel feature [enabled]: 8-275
06-22 22:35:02.498 D/SDM     ( 2534): HWDeviceDRM::SetupAtomic: APUIR: m_isswitchfps 2
06-22 22:35:02.506 D/SDM     ( 2534): HWDeviceDRM::SetupAtomic: APUIR: m_isswitchfps 1
06-22 22:35:02.517 I/oplus-adfr2minfps( 2534): needChangeMinfps(0) mParamFromWhich 0 isOpenHistogram(0) Enable 1(debug-0:sensor-0:panelNit-1:gray-1), NeedUpdateMinfps 1(n-0:g-0:s-0:v-1), mPanelNit 94.061325(nitId-0:grayId-0:lastfpsId-2), mPowerMode 2(1 0) mRgbInfo 0(Sum-1.000000:Max-1.000000) fodstatus(0) sensorlux(0) isDark(0)
06-22 22:35:02.517 D/oplus-adfr2minfps( 2534): calculateMinfps(0) mParamFromWhich 0: mMinfps = 1 mPanelNit = 94.061325
06-22 22:35:02.517 D/oplus-adfr2minfps( 2534): updateMinfps(0) = 1
06-22 22:35:02.517 D/SDM     ( 2534): DisplayBuiltIn::setAdfr2minfpsQsyncMode: adfr2minfps + qsync minfps change to: 8388737 00800081
06-22 22:35:02.517 E/SDM     ( 2534): DRMConnector::Perform: Connector 70: Setting Qsync min fps 8388737
06-22 22:35:02.517 D/SDM     ( 2534): HWDeviceDRM::SetupAtomic: APUIR: m_isswitchfps 0
06-22 22:35:02.545 D/skia    ( 2762): findCacheMissInfo vsync 949400862, result 0
06-22 22:35:02.556 D/VRR [OPlusRefreshRateService]( 4244): handleConfigIdChange physicalDisplayId: 4630947090715748499 configId: 1 renderPeriod: 16666667
06-22 22:35:02.556 D/VRR [OPlusGameStatusManager]( 4244): updateGameState mOSyncFeatureSwitch: false mIsGamePolicy: false
06-22 22:35:02.556 D/VRR [OPlusGameStatusManager]( 4244): updateGameAccelerationStatus pkgName: com.dlxx.mam.Internal mOSyncFeatureSwitch: false mIsGamePolicy: false mHeartStop: false mHasFlickerRisk: false mForceAcceleration: false mToastReady: false enable: false
06-22 22:35:02.556 D/VRR [OPlusExternalRefreshRateManager]( 4244): handleOtiHistSwitch false
06-22 22:35:02.556 D/VRR [OPlusSurfaceFlingerController]( 4244):  setOtiHistogramSwitch : false
06-22 22:35:02.556 D/OplusHistogram( 2762): switch config: 0
06-22 22:35:02.573 D/HLog-HLog(10195): [metis]updateMemoryCache existPushInfo : 
06-22 22:35:02.573 D/HLog-UpMgr(10195): [metis]配置是否有变更 : true
06-22 22:35:02.573 D/HLog-HLog(10195): [metis]findCurrentTraceDto existPushInfo : 
06-22 22:35:02.573 D/HLog-UpMgr(10195): [metis]检查配置是否有更新 !
06-22 22:35:02.580 D/ExamAccessibility(16916): Q17 options=[A.直接测量, B.在对端的电力通信设备加衰耗, C.用光功率计测试, D.断开被测纤芯对端的电力通信]
06-22 22:35:02.581 D/ExamAccessibility(16916): Q17 clicking sel=D node=D.断开被测纤芯对端的电力通信设备和仪表
06-22 22:35:02.615 W/Settings( 4244): Setting notification_bubbles has moved from android.provider.Settings.Global to android.provider.Settings.Secure, returning read-only value.
06-22 22:35:02.615 W/Settings( 4244): Setting apply_ramping_ringer has moved from android.provider.Settings.Global to android.provider.Settings.System, returning read-only value.
06-22 22:35:02.616 W/SettingsStatsUtil( 4244): Can not parse value to float: +network
06-22 22:35:02.790 D/PowerManagerService( 4244): userActivityNoUpdateLocked: groupId=0, eventTime=1537661403, event=accessibility, flags=0x0, uid=1000
06-22 22:35:02.791 D/ActivityTaskManager( 4244): NFW_setLastResumedActivityUncheckLocked:false r:ActivityRecord{141264397 u0 com.dlxx.mam.Internal/com.tencent.wework.common.web.JsWebActivity t4282} currentFocus:Window{22c888c u0 com.dlxx.mam.Internal/com.tencent.wework.common.web.JsWebActivity}
06-22 22:35:02.814 I/sensors-hal( 2513): handle_oplus_wise_rgb_event:191, wise_rgb: (r, g, b, c)[332.00, 360.00, 153.00, 312.00],(r2,g2,b2,c2)[[0.00, 0.00, 0.00, 0.00], algo:5.0, flag :0
06-22 22:35:02.937 D/sgccSocket(14091): [<#-#>486513390784<#-#>] 2026-06-22 22:35:02 ProcessClientRead ret:1810, appfd:894, clientMode:0, http_body_exceed_max:0
06-22 22:35:02.937 D/sgccSocket(14091): [<#-#>483698660544<#-#>] 2026-06-22 22:35:02 [=sslConnPoolThread=]get condition!,pool size = 5,producer working
06-22 22:35:02.938 I/sgccSocket(14091): [<#-#>486513390784<#-#>] 2026-06-22 22:35:02 Processing server[proxy appfd 894] write: 1820,sslerr: 0
06-22 22:35:03.030 D/skia    ( 2762): findCacheMissInfo vsync 949400870, result 0
06-22 22:35:03.061 I/sensors-hal( 2513): handle_oplus_wise_rgb_event:191, wise_rgb: (r, g, b, c)[331.00, 357.00, 154.00, 309.00],(r2,g2,b2,c2)[[0.00, 0.00, 0.00, 0.00], algo:5.0, flag :0
06-22 22:35:03.097 W/Choreographer(14091): Frame time is 5.18E-4 ms in the future!  Check that graphics HAL is generating vsync timestamps using the correct timebase.
06-22 22:35:03.113 W/Choreographer(14091): Frame time is 0.19389799 ms in the future!  Check that graphics HAL is generating vsync timestamps using the correct timebase.
06-22 22:35:03.146 W/Choreographer(14091): Frame time is 0.245584 ms in the future!  Check that graphics HAL is generating vsync timestamps using the correct timebase.
06-22 22:35:03.158 D/BatteryChargeControl( 2611): bcc get no support from charging protocol
06-22 22:35:03.163 W/Choreographer(14091): Frame time is 0.059936 ms in the future!  Check that graphics HAL is generating vsync timestamps using the correct timebase.
06-22 22:35:03.180 W/Choreographer(14091): Frame time is 0.00632 ms in the future!  Check that graphics HAL is generating vsync timestamps using the correct timebase.
06-22 22:35:03.197 W/Choreographer(14091): Frame time is 0.071827 ms in the future!  Check that graphics HAL is generating vsync timestamps using the correct timebase.
06-22 22:35:03.214 W/Choreographer(14091): Frame time is 0.062638 ms in the future!  Check that graphics HAL is generating vsync timestamps using the correct timebase.
06-22 22:35:03.236 D/skia    ( 2762): findCacheMissInfo vsync 949401122, result 0
06-22 22:35:03.269 D/sgccSocket(14091): [<#-#>483698660544<#-#>] 2026-06-22 22:35:03 [=sslConnPoolThread=]get condition!,pool size = 5,producer working
06-22 22:35:03.269 D/sgccSocket(14091): [<#-#>486513390784<#-#>] 2026-06-22 22:35:03 Processing server[proxy appfd 894] read: 771,time=1,sslerr:0
06-22 22:35:03.269 D/sgccSocket(14091): [<#-#>486513390784<#-#>] 2026-06-22 22:35:03 ProcessServerPacket recv:761
06-22 22:35:03.269 D/sgccSocket(14091): [<#-#>483698660544<#-#>] 2026-06-22 22:35:03 [=sslConnPoolThread=]get condition!,pool size = 5,producer working
06-22 22:35:03.269 D/sgccSocket(14091): [<#-#>486513390784<#-#>] 2026-06-22 22:35:03 Processing client write:761, appfd:894
06-22 22:35:03.281 W/Choreographer(14091): Frame time is 0.027268 ms in the future!  Check that graphics HAL is generating vsync timestamps using the correct timebase.
06-22 22:35:03.303 D/CommonApp-1115-10466( 6875): transport layer data is invalid
06-22 22:35:03.303 D/CommonApp-1115-10406( 6875): commonScoreStrategy scenarios low package
06-22 22:35:03.310 I/sensors-hal( 2513): handle_oplus_wise_rgb_event:191, wise_rgb: (r, g, b, c)[341.00, 365.00, 151.00, 321.00],(r2,g2,b2,c2)[[0.00, 0.00, 0.00, 0.00], algo:5.0, flag :0
06-22 22:35:03.310 I/sensors-hal( 2513): handle_oplus_wise_rgb_event:217, high_pwm_light:lux 49.9,cct 3734.2,brl/algo/ir 1348.0/5.0/0.0,pwm/dc 0.0/0.0,rgbc 341.000000/365.000000/151.000000/321.000000,ts 2230462586387679,cnt 36325,flag 0
06-22 22:35:03.310 D/FusionLightNextGen( 4244): process end reported = 1, mode: 0, cnt: 182515, lux 50.9, cct -1.0, r/g/b/c: 341.0/365.0/151.0/321.0, R/G/B: -1.0/-1.0/-1.0, bri 1348.0, match 0.00, ir 0.143964, conf 0.0, ts 2230462586387679
06-22 22:35:03.382 D/RsmcEphemerisUpdater( 6453): handleMessage:3
06-22 22:35:03.383 D/RsmcEphemerisUpdater( 6453): checkNextTimeToUpdateNativeEph:-2121000
06-22 22:35:03.383 D/RsmcEphemerisUpdater( 6453): handleMessage:2
06-22 22:35:03.383 D/RsmcEphemerisUpdater( 6453): mCurrentEphFile:brdm20260622195942.json; mEphUpdateTime:1781769582000
06-22 22:35:03.440 W/UserAwareMgr( 4244): event can not be released, id: 1010, count: 164, releasePid: 4244
06-22 22:35:03.559 I/sensors-hal( 2513): handle_oplus_wise_rgb_event:191, wise_rgb: (r, g, b, c)[337.00, 360.00, 158.00, 315.00],(r2,g2,b2,c2)[[0.00, 0.00, 0.00, 0.00], algo:5.0, flag :0
06-22 22:35:03.624 I/APS_ALOG( 3881): flushRoutine g_immediateFlush=0 g_pendingCount=0 g_oobCount=0
06-22 22:35:03.808 I/sensors-hal( 2513): handle_oplus_wise_rgb_event:191, wise_rgb: (r, g, b, c)[332.00, 358.00, 150.00, 310.00],(r2,g2,b2,c2)[[0.00, 0.00, 0.00, 0.00], algo:5.0, flag :0
06-22 22:35:03.849 I/SystemUi--Statusbar( 5948): OplusNetworkSpeedControllExImpl-->updateNetworkSpeed: isConnected:true,isSwitchOn:true,isSuspend:false,isPause:false
06-22 22:35:03.850 W/UserAwareMgr( 4244): event can not be released, id: 1010, count: 164, releasePid: 4244
06-22 22:35:03.851 I/SystemUi--Statusbar( 5948): OplusNetworkSpeedControllExImpl-->getTotalByte: totalRxBytes:92872155942,totalTxBytes:17545774054,loopbackTxBytes:2158940978,loopbackRxBytes:2159073301 ,totalBytes:106099915717
06-22 22:35:03.891 I/xx.mam.Internal(14091): Background concurrent mark compact GC freed 79MB AllocSpace bytes, 932(32MB) LOS objects, 65% free,49MB(40MB_0B_9676KB)/145MB, paused 932us,1.357ms total 154.837ms
06-22 22:35:03.915 D/vendor.oplus.hardware.charger-V11-service( 2611): ret_value:161, read content:,351,345,4387,4387,-1663,89,91,1,9,0,1987,4621,91,1,4510,4400,2000,0,6,-22,6,0,1,0,2,0,0,0,1,7086,100,4227,6071,6884,712,0,0,0,0,0,0,88.19,91,90.77,87.37,88.43,
06-22 22:35:03.915 D/vendor.oplus.hardware.charger-V11-service( 2611): gmtime: 2026-06-22-22-35-03
06-22 22:35:03.916 D/vendor.oplus.hardware.charger-V11-service( 2611): usb_online:1, ac_online:-2147483648, wireless_online:0
06-22 22:35:04.035 W/OPLUS_LOG_LOAD( 4244): ==LOGS PROG INFO, prog(system_server) ==
06-22 22:35:04.035 I/AppWidgetServiceImpl( 4244): scheduleNotifyUpdateAppWidgetLocked, widget is not ready, widget: AppWidgetId{3:Host{HostId{user:0, app:10157, hostId:1024, pkg:com.android.launcher}}:Provider{ProviderId{user:0, app:10107, cmp:ComponentInfo{com.heytap.quicksearchbox/com.heytap.quicksearchbox.ui.appwidgets.DesktopSearchWidgetProvider}}}}widget.provider: Provider{ProviderId{user:0, app:10107, cmp:ComponentInfo{com.heytap.quicksearchbox/com.heytap.quicksearchbox.ui.appwidgets.DesktopSearchWidgetProvider}}}, widget.provider.zombie: false, widget.host.callbacks: null, widget.host.zombie: false
06-22 22:35:04.045 I/OplusHansManager ( 4244): uid=10490, pkg=com.examhelper.app cannot transition from R to M, importance=floatWindow
06-22 22:35:04.057 I/sensors-hal( 2513): handle_oplus_wise_rgb_event:191, wise_rgb: (r, g, b, c)[328.00, 354.00, 155.00, 305.00],(r2,g2,b2,c2)[[0.00, 0.00, 0.00, 0.00], algo:5.0, flag :0
06-22 22:35:04.158 D/BatteryChargeControl( 2611): bcc get no support from charging protocol
06-22 22:35:04.293 D/ExamAccessibility(16916): Q18 options=[A.派人巡视, B.派人看管, C.设置警示灯, D.派人监护]
06-22 22:35:04.294 D/ExamAccessibility(16916): Q18 clicking sel=B node=B.派人看管
06-22 22:35:04.315 I/sensors-hal( 2513): handle_oplus_wise_rgb_event:191, wise_rgb: (r, g, b, c)[332.00, 363.00, 151.00, 309.00],(r2,g2,b2,c2)[[0.00, 0.00, 0.00, 0.00], algo:5.0, flag :0
06-22 22:35:04.327 D/CommonApp-1115-10466( 6875): transport layer data is invalid
06-22 22:35:04.328 D/CommonApp-1115-10406( 6875): commonScoreStrategy scenarios low package
06-22 22:35:04.410 D/PowerManagerService( 4244): userActivityNoUpdateLocked: groupId=0, eventTime=1537663023, event=accessibility, flags=0x0, uid=1000
06-22 22:35:04.410 D/ActivityTaskManager( 4244): NFW_setLastResumedActivityUncheckLocked:false r:ActivityRecord{141264397 u0 com.dlxx.mam.Internal/com.tencent.wework.common.web.JsWebActivity t4282} currentFocus:Window{22c888c u0 com.dlxx.mam.Internal/com.tencent.wework.common.web.JsWebActivity}
06-22 22:35:04.448 D/VendorWifiService( 6875): onEvent event:9,action:1
06-22 22:35:04.452 D/ScorerUtils( 4244): isLowTraffic: txTputKBps=1, rxTputKBps=0
06-22 22:35:04.452 D/OplusWifiPower_TriggerCenter( 4244): mComponentCallback: wifistat
06-22 22:35:04.453 D/Smart_Assistant_StateMachine( 4244): has reach switch wifi threshold.
06-22 22:35:04.506 D/sgccSocket(14091): [<#-#>486513390784<#-#>] 2026-06-22 22:35:04 ProcessClientRead ret:1720, appfd:894, clientMode:0, http_body_exceed_max:0
06-22 22:35:04.506 D/sgccSocket(14091): [<#-#>483698660544<#-#>] 2026-06-22 22:35:04 [=sslConnPoolThread=]get condition!,pool size = 5,producer working
06-22 22:35:04.506 I/sgccSocket(14091): [<#-#>486513390784<#-#>] 2026-06-22 22:35:04 Processing server[proxy appfd 894] write: 1730,sslerr: 0
06-22 22:35:04.506 D/sgccSocket(14091): [<#-#>483698660544<#-#>] 2026-06-22 22:35:04 [=sslConnPoolThread=]get condition!,pool size = 5,producer working
06-22 22:35:04.506 D/sgccSocket(14091): [<#-#>486513390784<#-#>] 2026-06-22 22:35:04 ProcessClientRead ret:91, appfd:894, clientMode:0, http_body_exceed_max:0
06-22 22:35:04.506 I/sgccSocket(14091): [<#-#>486513390784<#-#>] 2026-06-22 22:35:04 Processing server[proxy appfd 894] write: 101,sslerr: 0
06-22 22:35:04.544 D/sgccSocket(14091): [<#-#>486511940800<#-#>] 2026-06-22 22:35:04 [=sslConnPoolThread=]get condition!,pool size = 5,producer working
06-22 22:35:04.545 D/sgccSocket(14091): [<#-#>486511940800<#-#>] 2026-06-22 22:35:04 [trySslRead]: 6,time=0,sslerr:0
06-22 22:35:04.545 D/sgccSocket(14091): [<#-#>486511940800<#-#>] 2026-06-22 22:35:04 [trySslRead]: 6,time=0,sslerr:0
06-22 22:35:04.545 D/sgccSocket(14091): [<#-#>486511940800<#-#>] 2026-06-22 22:35:04 [trySslRead]: 6,time=0,sslerr:0
06-22 22:35:04.545 D/sgccSocket(14091): [<#-#>486511940800<#-#>] 2026-06-22 22:35:04 [trySslRead]: 6,time=0,sslerr:0
06-22 22:35:04.545 D/sgccSocket(14091): [<#-#>486511940800<#-#>] 2026-06-22 22:35:04 [trySslRead]: 6,time=0,sslerr:0
06-22 22:35:04.562 D/sgccSocket(14091): [<#-#>483517207744<#-#>] 2026-06-22 22:35:04 [=sslConnPoolThread=]get condition!,pool size = 5,producer working
06-22 22:35:04.562 D/sgccSocket(14091): [<#-#>483517207744<#-#>] 2026-06-22 22:35:04 [trySslRead]: 6,time=0,sslerr:0
06-22 22:35:04.562 D/sgccSocket(14091): [<#-#>483517207744<#-#>] 2026-06-22 22:35:04 [trySslRead]: 6,time=0,sslerr:0
06-22 22:35:04.562 D/sgccSocket(14091): [<#-#>483517207744<#-#>] 2026-06-22 22:35:04 [trySslRead]: 6,time=0,sslerr:0
06-22 22:35:04.563 D/sgccSocket(14091): [<#-#>483517207744<#-#>] 2026-06-22 22:35:04 [trySslRead]: 6,time=0,sslerr:0
06-22 22:35:04.563 D/sgccSocket(14091): [<#-#>483517207744<#-#>] 2026-06-22 22:35:04 [trySslRead]: 6,time=0,sslerr:0
06-22 22:35:04.564 I/sensors-hal( 2513): handle_oplus_wise_rgb_event:191, wise_rgb: (r, g, b, c)[326.00, 359.00, 163.00, 310.00],(r2,g2,b2,c2)[[0.00, 0.00, 0.00, 0.00], algo:5.0, flag :0
06-22 22:35:04.565 D/FusionLightNextGen( 4244): process end reported = 1, mode: 0, cnt: 182520, lux 49.5, cct -1.0, r/g/b/c: 326.0/359.0/163.0/310.0, R/G/B: -1.0/-1.0/-1.0, bri 1348.0, match 0.00, ir 0.130055, conf 0.0, ts 2230463839939086
06-22 22:35:04.568 D/sgccSocket(14091): [<#-#>483412350144<#-#>] 2026-06-22 22:35:04 [=sslConnPoolThread=]get condition!,pool size = 5,producer working
06-22 22:35:04.568 D/sgccSocket(14091): [<#-#>483412350144<#-#>] 2026-06-22 22:35:04 [trySslRead]: 6,time=1,sslerr:0
06-22 22:35:04.568 D/sgccSocket(14091): [<#-#>483412350144<#-#>] 2026-06-22 22:35:04 [trySslRead]: 6,time=0,sslerr:0
06-22 22:35:04.568 D/sgccSocket(14091): [<#-#>483412350144<#-#>] 2026-06-22 22:35:04 [trySslRead]: 6,time=0,sslerr:0
06-22 22:35:04.568 D/sgccSocket(14091): [<#-#>483412350144<#-#>] 2026-06-22 22:35:04 [trySslRead]: 6,time=0,sslerr:0
06-22 22:35:04.568 D/sgccSocket(14091): [<#-#>483412350144<#-#>] 2026-06-22 22:35:04 [trySslRead]: 6,time=0,sslerr:0
06-22 22:35:04.630 D/sgccSocket(14091): [<#-#>483698660544<#-#>] 2026-06-22 22:35:04 [=sslConnPoolThread=]get condition!,pool size = 5,producer working
06-22 22:35:04.630 D/sgccSocket(14091): [<#-#>486513390784<#-#>] 2026-06-22 22:35:04 Processing server[proxy appfd 894] read: 771,time=0,sslerr:0
06-22 22:35:04.630 D/sgccSocket(14091): [<#-#>486513390784<#-#>] 2026-06-22 22:35:04 ProcessServerPacket recv:761
06-22 22:35:04.630 D/sgccSocket(14091): [<#-#>483698660544<#-#>] 2026-06-22 22:35:04 [=sslConnPoolThread=]get condition!,pool size = 5,producer working
06-22 22:35:04.630 D/sgccSocket(14091): [<#-#>486513390784<#-#>] 2026-06-22 22:35:04 Processing client write:761, appfd:894
06-22 22:35:04.685 I/touch-afe ( 2602): 0| [writeLog] afe_dev_parse_data:code=fe, ignore...
06-22 22:35:04.702 I/touch-main( 2602): 0| [report] first touch point id 0 :Down[2476 41865    4    0    0    0    0][reportMode:normalMode]
06-22 22:35:04.703 D/PowerManagerService( 4244): userActivityNoUpdateLocked: groupId=0, eventTime=1537663315, event=other, flags=0x0, uid=1000
06-22 22:35:04.704 D/VRR [OTI]( 2762): handleIdle from 1 to 0
06-22 22:35:04.704 D/VRR [RefreshRateDirector]( 2762): requestRefreshRateByOti update [ oti-hw, {fps=90, modePtr={id=2, vsyncRate=90.00 Hz, peakRefreshRate=90.00 Hz}} ]
06-22 22:35:04.704 D/VRR [RefreshRateDirector]( 2762): updateBestFrameRate [oti-hw, {fps=90, modePtr={id=2, vsyncRate=90.00 Hz, peakRefreshRate=90.00 Hz}}]
06-22 22:35:04.704 D/SurfaceFlinger( 2762): VRR [SurfaceFlinger] setDesiredActiveMode: displayId: 4630947090715748499, renderRate: 90, vsyncRate: 90, event: 0
06-22 22:35:04.704 D/DisplayModeController( 2762): setDesiredMode 4630947090715748499 {mode={fps=90.00 Hz, modePtr={id=2, vsyncRate=90.00 Hz, peakRefreshRate=90.00 Hz}}, emitEvent=false, force=false}
06-22 22:35:04.704 I/[UAH_CLIENT]( 4244): UahEventAcquire, cmdid:37, pkg:none, identity:OplusUAwareInputHelper
06-22 22:35:04.704 I/DynamicFramerate [AnimationSpeedAware](14091): onEventHandled: info: InputEventInfo: mX = 0, mY = 0, mAction = 0, mVsyncTime = 1537663318, mIsMoving = true, mUpdated = true
06-22 22:35:04.705 D/PowerManagerService( 4244): userActivityNoUpdateLocked: groupId=0, eventTime=1537663315, event=touch, flags=0x0, uid=1000
06-22 22:35:04.705 D/PowerManagerService( 4244): userActivityNoUpdateLocked: groupId=0, eventTime=1537663315, event=touch, flags=0x0, uid=1000
06-22 22:35:04.705 D/GestureLog_OplusMultiPointerDetector( 4244): onTouchEvent------>start, mCurNumPointers=1, mCurrStatus=0 mIsDownIntervalTimeout=true, action=0 downTime=1537663315 deviceId=5
06-22 22:35:04.705 V/AutofillManager(14091): requestHideFillUi(null): anchor = null
06-22 22:35:04.709 I/HWC2    ( 2762): [0] setActiveConfigWithConstraints[2]
06-22 22:35:04.709 I/SDM     ( 2534): SDMDisplayIris::SetActiveConfigToIrisWrapper: SetActiveConfigToIrisWrapper on id_: 0
06-22 22:35:04.709 W/SDM     ( 2534): SDMDisplayIris::SetActiveConfigToIrisWrapper: HWC SetActiveConfig [2], switch to [1440x3168@90]
06-22 22:35:04.711 D/PowerManagerService( 4244): userActivityNoUpdateLocked: groupId=0, eventTime=1537663323, event=other, flags=0x0, uid=1000
06-22 22:35:04.712 I/SDM     ( 2534): SDMDisplayIris::SetActiveConfigToIrisWrapper: SetActiveConfigToIrisWrapper on id_: 0
06-22 22:35:04.712 W/SDM     ( 2534): SDMDisplayIris::SetActiveConfigToIrisWrapper: HWC SetActiveConfig [2], switch to [1440x3168@90]
06-22 22:35:04.712 D/oplus-adfr2minfps( 2534): calculateMinfps(0):mADFR2MINFPSEnable = 1 ifChangeVsyncPeriod 3 return mMinfps = 90
06-22 22:35:04.712 D/oplus-adfr2minfps( 2534): updateMinfps(0) = 90
06-22 22:35:04.712 W/SDM     ( 2534): HWDeviceDRM::GetSupportedBitClkRate: Requested rate not supported: 1363200000
06-22 22:35:04.712 I/SDM     ( 2534): HWDeviceDRM::UpdateMixerAttributes: Mixer WxH 1440x3168-1 for Peripheral
06-22 22:35:04.713 I/CwbService( 2534): CwbService::notifyConfigChange: display:0, config:2 size:5, sec.size():0
06-22 22:35:04.713 I/SDM     ( 2534): SDMDisplay::FinalizeDisplayConfig: HWC SetActiveConfig [2], switch to [1440x3168@90]
06-22 22:35:04.713 I/CasManager( 2534): Fps changed from 60 to 90, mDBV:1348
06-22 22:35:04.713 I/CasManager( 2534): Fps changed, not change bin, so trigger gain
06-22 22:35:04.713 I/SDM     ( 2534): CasQcPlugIn::CalDbvHeadRoom: headroom dbv_index:8 (1163, 1.288489) (1872, 1.196446) in_blk:1348 in_hroom:1021 hroom_scale:1.264472 out_hroom:1020 cur_dbv_ref_1024:0.997070 cur_dbv_reduce_value:0.003705
06-22 22:35:04.713 I/SDM     ( 2534): CasQcPlugIn::ProcessPerCompGainDeburnIn: old: 0 0 16 16 16 16 16 16 |  0 0 16 16 16 16 16 16 |  0 0 16 16 16 28 55 101 | 
06-22 22:35:04.713 I/SDM     ( 2534): CasQcPlugIn::ProcessPerCompGainDeburnIn: new: 0 0 29 39 28 22 20 20 |  0 0  9 24 26 24 23 22 |  0 0  9 15 19 34 71 138 | 
06-22 22:35:04.713 I/SDM     ( 2534): HWPeripheralDRM::SetPanelFeature: Set Panel feature property 20
06-22 22:35:04.713 I/SDM     ( 2534): HWPeripheralDRM::SetPanelFeature: Set Panel feature property 7
06-22 22:35:04.713 I/SDM     ( 2534): DisplayBuiltIn::TriggerDemuraOemPlugIn: Trigger demura oem plugin success
06-22 22:35:04.714 D/SDM     ( 2534): DisplayBuiltIn::setAdfr2minfpsQsyncMode: adfr2minfps + qsync minfps change to: 8388826 008000DA
06-22 22:35:04.715 E/SDM     ( 2534): DRMConnector::Perform: Connector 70: Setting Qsync min fps 8388826
06-22 22:35:04.715 I/SDM     ( 2534): DRMPanelFeatureMgr::ApplyDirtyFeature: Commited panel feature [enabled]: 21-276
06-22 22:35:04.715 I/SDM     ( 2534): DRMPanelFeatureMgr::ApplyDirtyFeature: Commited panel feature [enabled]: 8-275
06-22 22:35:04.715 D/SDM     ( 2534): HWDeviceDRM::SetupAtomic: APUIR: m_isswitchfps 2
06-22 22:35:04.716 D/osense.compress( 4244): com.android.mms do shrink, target ratio = 30, final ratio = 100, cur ratio = 0
06-22 22:35:04.719 D/PowerManagerService( 4244): userActivityNoUpdateLocked: groupId=0, eventTime=1537663331, event=other, flags=0x0, uid=1000
06-22 22:35:04.736 D/PowerManagerService( 4244): userActivityNoUpdateLocked: groupId=0, eventTime=1537663348, event=other, flags=0x0, uid=1000
06-22 22:35:04.743 D/SDM     ( 2534): HWDeviceDRM::SetupAtomic: APUIR: m_isswitchfps 1
06-22 22:35:04.743 D/skia    ( 2762): findCacheMissInfo vsync 949401769, result 0
06-22 22:35:04.744 D/PowerManagerService( 4244): userActivityNoUpdateLocked: groupId=0, eventTime=1537663356, event=other, flags=0x0, uid=1000
06-22 22:35:04.753 I/oplus-adfr2minfps( 2534): needChangeMinfps(0) mParamFromWhich 0 isOpenHistogram(0) Enable 1(debug-0:sensor-0:panelNit-1:gray-1), NeedUpdateMinfps 1(n-0:g-0:s-0:v-1), mPanelNit 94.061325(nitId-0:grayId-0:lastfpsId-2), mPowerMode 2(1 0) mRgbInfo 0(Sum-1.000000:Max-1.000000) fodstatus(0) sensorlux(0) isDark(0)
06-22 22:35:04.753 D/oplus-adfr2minfps( 2534): calculateMinfps(0) mParamFromWhich 0: mMinfps = 1 mPanelNit = 94.061325
06-22 22:35:04.753 D/SDM     ( 2534): HWDeviceDRM::SetupAtomic: APUIR: m_isswitchfps 0
06-22 22:35:04.753 D/oplus-adfr2minfps( 2534): updateMinfps(0) = 1
06-22 22:35:04.760 D/PowerManagerService( 4244): userActivityNoUpdateLocked: groupId=0, eventTime=1537663372, event=other, flags=0x0, uid=1000
06-22 22:35:04.764 D/SDM     ( 2534): DisplayBuiltIn::setAdfr2minfpsQsyncMode: adfr2minfps + qsync minfps change to: 8388737 00800081
06-22 22:35:04.765 E/SDM     ( 2534): DRMConnector::Perform: Connector 70: Setting Qsync min fps 8388737
06-22 22:35:04.767 D/PowerManagerService( 4244): userActivityNoUpdateLocked: groupId=0, eventTime=1537663380, event=other, flags=0x0, uid=1000
06-22 22:35:04.775 D/PowerManagerService( 4244): userActivityNoUpdateLocked: groupId=0, eventTime=1537663387, event=other, flags=0x0, uid=1000
06-22 22:35:04.784 D/PowerManagerService( 4244): userActivityNoUpdateLocked: groupId=0, eventTime=1537663395, event=other, flags=0x0, uid=1000
06-22 22:35:04.784 I/[UAH_CLIENT]( 4244): UahEventAcquire, cmdid:68, pkg:none, identity:OplusUAwareInputHelper
06-22 22:35:04.786 W/QosScheduler( 4244): executeSceneQosStrategy failed! qos feature no enable
06-22 22:35:04.788 E/PERFHAL-BOOSTCONFIG( 2537): PERFHAL-BOOSTCONFIG: GetBoostConfig() 1872: Not able to fetch object
06-22 22:35:04.788 D/VRR [OPlusRefreshRateService]( 4244): handleConfigIdChange physicalDisplayId: 4630947090715748499 configId: 2 renderPeriod: 11111111
06-22 22:35:04.789 E/PERFHAL-BOOSTCONFIG( 2537): PERFHAL-BOOSTCONFIG: GetBoostConfig() 1872: Not able to fetch object
06-22 22:35:04.789 D/VRR [OPlusGameStatusManager]( 4244): updateGameState mOSyncFeatureSwitch: false mIsGamePolicy: false
06-22 22:35:04.789 D/VRR [OPlusGameStatusManager]( 4244): updateGameAccelerationStatus pkgName: com.dlxx.mam.Internal mOSyncFeatureSwitch: false mIsGamePolicy: false mHeartStop: false mHasFlickerRisk: false mForceAcceleration: false mToastReady: false enable: false
06-22 22:35:04.789 D/VRR [OPlusExternalRefreshRateManager]( 4244):  Display refreshrate :90 , Switch to OTI-HW 
06-22 22:35:04.789 D/VRR [OPlusExternalRefreshRateManager]( 4244): handleOtiHistSwitch false
06-22 22:35:04.789 D/VRR [OPlusSurfaceFlingerController]( 4244):  setOtiHistogramSwitch : false
06-22 22:35:04.789 D/OplusHistogram( 2762): switch config: 0
06-22 22:35:04.791 D/PowerManagerService( 4244): userActivityNoUpdateLocked: groupId=0, eventTime=1537663403, event=other, flags=0x0, uid=1000
06-22 22:35:04.794 I/DynamicFramerate [AnimationSpeedAware](14091): syncInfoTogether: from STATE_IDLE to STATE_SCROLL_ANIMATION
06-22 22:35:04.794 I/DynamicFramerate [DynamicFrameRateManagerImpl](14091): setFrameRateInternalForView: TIMING_DO_FRAME_FINISH FrameRateControlUnit: { mTargetFrameRate = 90, mPreviewFrameRate = 0, mControlInfo = 0, mViewRoot = android.view.ViewRootImpl@8cf7359, mTakeEffectType = 10001, mPreviousControlInfo = 0, mIsActive = true, mIsMoving = true, mEnableEndLowRate = false, mIsInGameAnim = false, mIsWidespreadAnim = false, mIsLauncherAnim = false mUnitFrameRate = 90 } 
06-22 22:35:04.794 W/DynamicFramerate [DynamicFrameRateManagerImpl](14091): FrameRateControlUnit.apply: TIMING_DO_FRAME_FINISH applyAsyncUnsafe after doFrame
06-22 22:35:04.799 D/PowerManagerService( 4244): userActivityNoUpdateLocked: groupId=0, eventTime=1537663411, event=other, flags=0x0, uid=1000
06-22 22:35:04.805 D/VRR [RefreshRateDirector]( 2762): requestRefreshRate insert [ version-3-object-animation_370251, 90 ]
06-22 22:35:04.805 D/VRR [RefreshRateDirector]( 2762): updateBestFrameRate [version-3-object-animation_370251, {fps=90, modePtr={id=2, vsyncRate=90.00 Hz, peakRefreshRate=90.00 Hz}}]
06-22 22:35:04.806 D/SurfaceFlinger( 2762): VRR [SurfaceFlinger] setDesiredActiveMode: displayId: 4630947090715748499, renderRate: 90, vsyncRate: 90, event: 0
06-22 22:35:04.806 D/DisplayModeController( 2762): setDesiredMode 4630947090715748499 {mode={fps=90.00 Hz, modePtr={id=2, vsyncRate=90.00 Hz, peakRefreshRate=90.00 Hz}}, emitEvent=false, force=false}
06-22 22:35:04.807 D/PowerManagerService( 4244): userActivityNoUpdateLocked: groupId=0, eventTime=1537663419, event=other, flags=0x0, uid=1000
06-22 22:35:04.808 D/PowerManagerService( 4244): userActivityNoUpdateLocked: groupId=0, eventTime=1537663419, event=touch, flags=0x0, uid=1000
06-22 22:35:04.808 D/PowerManagerService( 4244): userActivityNoUpdateLocked: groupId=0, eventTime=1537663419, event=touch, flags=0x0, uid=1000
06-22 22:35:04.815 D/PowerManagerService( 4244): userActivityNoUpdateLocked: groupId=0, eventTime=1537663427, event=other, flags=0x0, uid=1000
