06-22 22:34:51.739 D/PowerManagerService( 4244): userActivityNoUpdateLocked: groupId=0, eventTime=1537650351, event=other, flags=0x0, uid=1000
06-22 22:34:51.740 W/UserAwareMgr( 4244): event can not be released, id: 1010, count: 164, releasePid: 4244
06-22 22:34:51.740 D/UAH-UahAdaptHelper( 4244): adaptSetNotification identity = OplusUAwareInputHelpersrc = 1000 , type 1 ,p1 = -1 ,p2 = -1 ,p3 = -1 ,p4 =
06-22 22:34:51.740 I/[UAH_CLIENT]( 4244): uahRuleCtl, ruleId:1000, status:1
06-22 22:34:51.741 I/[UAH_CLIENT]( 4244): UahRelease, handle:618527
06-22 22:34:51.741 I/DynamicFramerate [AnimationSpeedAware](14091): onEventHandled: info: InputEventInfo: mX = 0, mY = 0, mAction = 1, mVsyncTime = 1537650355, mIsMoving = false, mUpdated = true
06-22 22:34:51.741 I/[UAH_CLIENT]( 4244): UahEventAcquire, cmdid:6, pkg:none, identity:OplusUAwareInputHelper
06-22 22:34:51.741 D/OplusViewDragTouchViewHelper(14091): dispatchTouchView action = 1
06-22 22:34:51.741 D/ViewRootImplExtImpl(14091): the up motion event handled by client, just return
06-22 22:34:51.742 D/ShellSubscriberWorkerThread(16944): the first 8 bytes empty, and RestData length > 8 
06-22 22:34:51.742 E/PERFHAL-BOOSTCONFIG( 2537): PERFHAL-BOOSTCONFIG: GetBoostConfig() 1872: Not able to fetch object
06-22 22:34:51.747 I/DynamicFramerate [AnimationSpeedAware](14091): syncInfoTogether: from STATE_SCROLL_ANIMATION to STATE_IDLE
06-22 22:34:51.747 I/DynamicFramerate [DynamicFrameRateManagerImpl](14091): setFrameRateInternalForView: TIMING_DO_FRAME_FINISH FrameRateControlUnit: { mTargetFrameRate = 0, mPreviewFrameRate = 90, mControlInfo = 0, mViewRoot = android.view.ViewRootImpl@8cf7359, mTakeEffectType = 10001, mPreviousControlInfo = 0, mIsActive = false, mIsMoving = false, mEnableEndLowRate = false, mIsInGameAnim = false, mIsWidespreadAnim = false, mIsLauncherAnim = false mUnitFrameRate = 0 } 
06-22 22:34:51.747 W/DynamicFramerate [DynamicFrameRateManagerImpl](14091): FrameRateControlUnit.apply: TIMING_DO_FRAME_FINISH applyAsyncUnsafe after doFrame
06-22 22:34:51.748 D/VRR [RefreshRateDirector]( 2762): requestRefreshRate delete [ version-3-object-animation_370251, 0 ]
06-22 22:34:51.748 D/VRR [RefreshRateDirector]( 2762): updateBestFrameRate [oti-hw, {fps=90, modePtr={id=2, vsyncRate=90.00 Hz, peakRefreshRate=90.00 Hz}}]
06-22 22:34:51.749 D/SurfaceFlinger( 2762): VRR [SurfaceFlinger] setDesiredActiveMode: displayId: 4630947090715748499, renderRate: 90, vsyncRate: 90, event: 0
06-22 22:34:51.749 D/DisplayModeController( 2762): setDesiredMode 4630947090715748499 {mode={fps=90.00 Hz, modePtr={id=2, vsyncRate=90.00 Hz, peakRefreshRate=90.00 Hz}}, emitEvent=false, force=false}
06-22 22:34:51.835 I/SystemUi--Statusbar( 5948): OplusNetworkSpeedControllExImpl-->updateNetworkSpeed: isConnected:true,isSwitchOn:true,isSuspend:false,isPause:false
06-22 22:34:51.839 I/SystemUi--Statusbar( 5948): OplusNetworkSpeedControllExImpl-->getTotalByte: totalRxBytes:92872115332,totalTxBytes:17545731307,loopbackTxBytes:2158923502,loopbackRxBytes:2159055825 ,totalBytes:106099867312
06-22 22:34:51.943 I/sensors-hal( 2513): handle_oplus_wise_rgb_event:191, wise_rgb: (r, g, b, c)[332.00, 371.00, 157.00, 314.00],(r2,g2,b2,c2)[[0.00, 0.00, 0.00, 0.00], algo:5.0, flag :0
06-22 22:34:52.037 I/OplusHansManager ( 4244): uid=10490, pkg=com.examhelper.app cannot transition from R to M, importance=floatWindow
06-22 22:34:52.038 D/CommonApp-1115-10466( 6875): transport layer data is invalid
06-22 22:34:52.038 D/CommonApp-1115-10406( 6875): transport layer data is invalid
06-22 22:34:52.082 W/UserAwareMgr( 4244): event can not be released, id: 1010, count: 164, releasePid: 4244
06-22 22:34:52.143 W/UserAwareMgr( 4244): event can not be released, id: 1010, count: 164, releasePid: 4244
06-22 22:34:52.152 D/BatteryChargeControl( 2611): bcc get no support from charging protocol
06-22 22:34:52.245 W/UserAwareMgr( 4244): event can not be released, id: 1010, count: 164, releasePid: 4244
06-22 22:34:52.254 I/sensors-hal( 2513): handle_oplus_wise_rgb_event:191, wise_rgb: (r, g, b, c)[333.00, 368.00, 155.00, 320.00],(r2,g2,b2,c2)[[0.00, 0.00, 0.00, 0.00], algo:5.0, flag :0
06-22 22:34:52.254 D/FusionLightNextGen( 4244): process end reported = 1, mode: 0, cnt: 182480, lux 49.2, cct -1.0, r/g/b/c: 333.0/368.0/155.0/320.0, R/G/B: -1.0/-1.0/-1.0, bri 1348.0, match 0.00, ir 0.146915, conf 0.0, ts 2230451530175961
06-22 22:34:52.340 D/VendorWifiService( 6875): onEvent event:9,action:1
06-22 22:34:52.343 D/ScorerUtils( 4244): isLowTraffic: txTputKBps=0, rxTputKBps=0
06-22 22:34:52.344 D/OplusWifiPower_TriggerCenter( 4244): mComponentCallback: wifistat
06-22 22:34:52.348 W/UserAwareMgr( 4244): event can not be released, id: 1010, count: 164, releasePid: 4244
06-22 22:34:52.379 I/StepApp_StepProvider( 5820): (binder:5820_10)call:package=com.oplus.metis	method=method_call_by_assistantscreen_and_health_from_table_day_step_data	arg=	extras=Bundle[mParcelledData.dataSize=296]	pid=5820
06-22 22:34:52.380 I/StepApp_StepProvider( 5820): (binder:5820_10)parserQueryData:queryData=QueryData(uri=content://com.oplus.healthservice.stepprovider/day_statistic, projection=null, selection=day_date=?, selectionArgs=[2026-06-22], sortOrder=null, startPos=null)
06-22 22:34:52.380 I/StepApp_StepProvider( 5820): (binder:5820_10)resultListString :[{"date":"2026-06-22","offset":3595,"offsetRun":56,"offsetWalk":3115,"step":122114,"stepRun":2240,"stepWalk":104543,"timestamp":0}]
06-22 22:34:52.515 W/UserAwareMgr( 4244): event can not be released, id: 1010, count: 164, releasePid: 4244
06-22 22:34:52.564 I/sensors-hal( 2513): handle_oplus_wise_rgb_event:191, wise_rgb: (r, g, b, c)[325.00, 361.00, 152.00, 307.00],(r2,g2,b2,c2)[[0.00, 0.00, 0.00, 0.00], algo:5.0, flag :0
06-22 22:34:52.572 D/ExamAccessibility(16916): Q11 clicking confirm button
06-22 22:34:52.574 D/PowerManagerService( 4244): userActivityNoUpdateLocked: groupId=0, eventTime=1537651187, event=accessibility, flags=0x0, uid=1000
06-22 22:34:52.575 D/ActivityTaskManager( 4244): NFW_setLastResumedActivityUncheckLocked:false r:ActivityRecord{141264397 u0 com.dlxx.mam.Internal/com.tencent.wework.common.web.JsWebActivity t4282} currentFocus:Window{22c888c u0 com.dlxx.mam.Internal/com.tencent.wework.common.web.JsWebActivity}
06-22 22:34:52.625 W/UserAwareMgr( 4244): event can not be released, id: 1010, count: 164, releasePid: 4244
06-22 22:34:52.736 W/UserAwareMgr( 4244): event can not be released, id: 1010, count: 164, releasePid: 4244
06-22 22:34:52.849 W/UserAwareMgr( 4244): event can not be released, id: 1010, count: 164, releasePid: 4244
06-22 22:34:52.851 W/QosScheduler( 4244): executeSceneQosStrategy failed! qos feature no enable
06-22 22:34:52.876 I/sensors-hal( 2513): handle_oplus_wise_rgb_event:191, wise_rgb: (r, g, b, c)[334.00, 362.00, 149.00, 321.00],(r2,g2,b2,c2)[[0.00, 0.00, 0.00, 0.00], algo:5.0, flag :0
06-22 22:34:52.949 W/UserAwareMgr( 4244): event can not be released, id: 1010, count: 164, releasePid: 4244
06-22 22:34:53.063 D/CommonApp-1115-10466( 6875): transport layer data is invalid
06-22 22:34:53.063 D/CommonApp-1115-10406( 6875): transport layer data is invalid
06-22 22:34:53.068 I/touch-afe ( 2602): 0| [writeLog] afe_dev_parse_data:code=fe, ignore...
06-22 22:34:53.072 I/touch-main( 2602): 0| [report] first touch point id 0 :Down[3154 41495    6    0    0    0    0][reportMode:normalMode]
06-22 22:34:53.073 D/PowerManagerService( 4244): userActivityNoUpdateLocked: groupId=0, eventTime=1537651684, event=other, flags=0x0, uid=1000
06-22 22:34:53.075 D/PowerManagerService( 4244): userActivityNoUpdateLocked: groupId=0, eventTime=1537651684, event=touch, flags=0x0, uid=1000
06-22 22:34:53.075 I/[UAH_CLIENT]( 4244): UahEventAcquire, cmdid:37, pkg:none, identity:OplusUAwareInputHelper
06-22 22:34:53.075 D/PowerManagerService( 4244): userActivityNoUpdateLocked: groupId=0, eventTime=1537651684, event=touch, flags=0x0, uid=1000
06-22 22:34:53.075 I/DynamicFramerate [AnimationSpeedAware](14091): onEventHandled: info: InputEventInfo: mX = 0, mY = 0, mAction = 0, mVsyncTime = 1537651689, mIsMoving = true, mUpdated = true
06-22 22:34:53.075 D/GestureLog_OplusMultiPointerDetector( 4244): onTouchEvent------>start, mCurNumPointers=1, mCurrStatus=0 mIsDownIntervalTimeout=true, action=0 downTime=1537651684 deviceId=5
06-22 22:34:53.076 V/AutofillManager(14091): requestHideFillUi(null): anchor = null
06-22 22:34:53.080 D/PowerManagerService( 4244): userActivityNoUpdateLocked: groupId=0, eventTime=1537651692, event=other, flags=0x0, uid=1000
06-22 22:34:53.088 D/PowerManagerService( 4244): userActivityNoUpdateLocked: groupId=0, eventTime=1537651700, event=other, flags=0x0, uid=1000
06-22 22:34:53.088 I/[UAH_CLIENT]( 4244): UahEventAcquire, cmdid:68, pkg:none, identity:OplusUAwareInputHelper
06-22 22:34:53.088 W/QosScheduler( 4244): executeSceneQosStrategy failed! qos feature no enable
06-22 22:34:53.089 E/PERFHAL-BOOSTCONFIG( 2537): PERFHAL-BOOSTCONFIG: GetBoostConfig() 1872: Not able to fetch object
06-22 22:34:53.089 E/PERFHAL-BOOSTCONFIG( 2537): PERFHAL-BOOSTCONFIG: GetBoostConfig() 1872: Not able to fetch object
06-22 22:34:53.096 D/PowerManagerService( 4244): userActivityNoUpdateLocked: groupId=0, eventTime=1537651708, event=other, flags=0x0, uid=1000
06-22 22:34:53.103 I/DynamicFramerate [AnimationSpeedAware](14091): syncInfoTogether: from STATE_IDLE to STATE_SCROLL_ANIMATION
06-22 22:34:53.103 I/DynamicFramerate [DynamicFrameRateManagerImpl](14091): setFrameRateInternalForView: TIMING_DO_FRAME_FINISH FrameRateControlUnit: { mTargetFrameRate = 90, mPreviewFrameRate = 0, mControlInfo = 0, mViewRoot = android.view.ViewRootImpl@8cf7359, mTakeEffectType = 10001, mPreviousControlInfo = 0, mIsActive = true, mIsMoving = true, mEnableEndLowRate = false, mIsInGameAnim = false, mIsWidespreadAnim = false, mIsLauncherAnim = false mUnitFrameRate = 90 } 
06-22 22:34:53.103 W/DynamicFramerate [DynamicFrameRateManagerImpl](14091): FrameRateControlUnit.apply: TIMING_DO_FRAME_FINISH applyAsyncUnsafe after doFrame
06-22 22:34:53.103 D/VRR [RefreshRateDirector]( 2762): requestRefreshRate insert [ version-3-object-animation_370251, 90 ]
06-22 22:34:53.104 D/VRR [RefreshRateDirector]( 2762): updateBestFrameRate [version-3-object-animation_370251, {fps=90, modePtr={id=2, vsyncRate=90.00 Hz, peakRefreshRate=90.00 Hz}}]
06-22 22:34:53.104 D/PowerManagerService( 4244): userActivityNoUpdateLocked: groupId=0, eventTime=1537651716, event=other, flags=0x0, uid=1000
06-22 22:34:53.105 D/SurfaceFlinger( 2762): VRR [SurfaceFlinger] setDesiredActiveMode: displayId: 4630947090715748499, renderRate: 90, vsyncRate: 90, event: 0
06-22 22:34:53.105 D/DisplayModeController( 2762): setDesiredMode 4630947090715748499 {mode={fps=90.00 Hz, modePtr={id=2, vsyncRate=90.00 Hz, peakRefreshRate=90.00 Hz}}, emitEvent=false, force=false}
06-22 22:34:53.112 D/PowerManagerService( 4244): userActivityNoUpdateLocked: groupId=0, eventTime=1537651724, event=other, flags=0x0, uid=1000
06-22 22:34:53.120 D/PowerManagerService( 4244): userActivityNoUpdateLocked: groupId=0, eventTime=1537651732, event=other, flags=0x0, uid=1000
06-22 22:34:53.128 D/PowerManagerService( 4244): userActivityNoUpdateLocked: groupId=0, eventTime=1537651739, event=other, flags=0x0, uid=1000
06-22 22:34:53.135 D/PowerManagerService( 4244): userActivityNoUpdateLocked: groupId=0, eventTime=1537651747, event=other, flags=0x0, uid=1000
06-22 22:34:53.143 D/PowerManagerService( 4244): userActivityNoUpdateLocked: groupId=0, eventTime=1537651755, event=other, flags=0x0, uid=1000
06-22 22:34:53.151 D/PowerManagerService( 4244): userActivityNoUpdateLocked: groupId=0, eventTime=1537651763, event=other, flags=0x0, uid=1000
06-22 22:34:53.153 D/BatteryChargeControl( 2611): bcc get no support from charging protocol
06-22 22:34:53.158 I/touch-main( 2602): 0| [report] all touch up, reportMode:0
06-22 22:34:53.159 D/PowerManagerService( 4244): userActivityNoUpdateLocked: groupId=0, eventTime=1537651771, event=other, flags=0x0, uid=1000
06-22 22:34:53.160 D/UAH-UahAdaptHelper( 4244): adaptSetNotification identity = OplusUAwareInputHelpersrc = 1000 , type 1 ,p1 = -1 ,p2 = -1 ,p3 = -1 ,p4 =
06-22 22:34:53.160 I/DynamicFramerate [AnimationSpeedAware](14091): onEventHandled: info: InputEventInfo: mX = 0, mY = 0, mAction = 1, mVsyncTime = 1537651773, mIsMoving = false, mUpdated = true
06-22 22:34:53.160 I/[UAH_CLIENT]( 4244): uahRuleCtl, ruleId:1000, status:1
06-22 22:34:53.160 W/UserAwareMgr( 4244): event can not be released, id: 1010, count: 164, releasePid: 4244
06-22 22:34:53.160 I/[UAH_CLIENT]( 4244): UahRelease, handle:618530
06-22 22:34:53.160 I/[UAH_CLIENT]( 4244): UahEventAcquire, cmdid:6, pkg:none, identity:OplusUAwareInputHelper
06-22 22:34:53.160 D/OplusViewDragTouchViewHelper(14091): dispatchTouchView action = 1
06-22 22:34:53.160 D/ViewRootImplExtImpl(14091): the up motion event handled by client, just return
06-22 22:34:53.163 E/PERFHAL-BOOSTCONFIG( 2537): PERFHAL-BOOSTCONFIG: GetBoostConfig() 1872: Not able to fetch object
06-22 22:34:53.169 I/DynamicFramerate [AnimationSpeedAware](14091): syncInfoTogether: from STATE_SCROLL_ANIMATION to STATE_IDLE
06-22 22:34:53.169 I/DynamicFramerate [DynamicFrameRateManagerImpl](14091): setFrameRateInternalForView: TIMING_DO_FRAME_FINISH FrameRateControlUnit: { mTargetFrameRate = 0, mPreviewFrameRate = 90, mControlInfo = 0, mViewRoot = android.view.ViewRootImpl@8cf7359, mTakeEffectType = 10001, mPreviousControlInfo = 0, mIsActive = false, mIsMoving = false, mEnableEndLowRate = false, mIsInGameAnim = false, mIsWidespreadAnim = false, mIsLauncherAnim = false mUnitFrameRate = 0 } 
06-22 22:34:53.169 W/DynamicFramerate [DynamicFrameRateManagerImpl](14091): FrameRateControlUnit.apply: TIMING_DO_FRAME_FINISH applyAsyncUnsafe after doFrame
06-22 22:34:53.170 D/VRR [RefreshRateDirector]( 2762): requestRefreshRate delete [ version-3-object-animation_370251, 0 ]
06-22 22:34:53.170 D/VRR [RefreshRateDirector]( 2762): updateBestFrameRate [oti-hw, {fps=90, modePtr={id=2, vsyncRate=90.00 Hz, peakRefreshRate=90.00 Hz}}]
06-22 22:34:53.171 D/SurfaceFlinger( 2762): VRR [SurfaceFlinger] setDesiredActiveMode: displayId: 4630947090715748499, renderRate: 90, vsyncRate: 90, event: 0
06-22 22:34:53.171 D/DisplayModeController( 2762): setDesiredMode 4630947090715748499 {mode={fps=90.00 Hz, modePtr={id=2, vsyncRate=90.00 Hz, peakRefreshRate=90.00 Hz}}, emitEvent=false, force=false}
06-22 22:34:53.187 I/sensors-hal( 2513): handle_oplus_wise_rgb_event:191, wise_rgb: (r, g, b, c)[332.00, 371.00, 154.00, 321.00],(r2,g2,b2,c2)[[0.00, 0.00, 0.00, 0.00], algo:5.0, flag :0
06-22 22:34:53.231 I/WifiHAL ( 2516): event received NL80211_CMD_VENDOR, vendor_id = 0x1374, subcmd = 0xb6
06-22 22:34:53.231 I/cnss-daemon( 3660): nl80211 response handler invoked
06-22 22:34:53.231 I/cnss-daemon( 3660): nl80211_response_handler: cmd 103, vendorID 4980, subcmd 182  received
06-22 22:34:53.438 W/UserAwareMgr( 4244): event can not be released, id: 1010, count: 164, releasePid: 4244
06-22 22:34:53.498 I/sensors-hal( 2513): handle_oplus_wise_rgb_event:191, wise_rgb: (r, g, b, c)[320.00, 361.00, 152.00, 298.00],(r2,g2,b2,c2)[[0.00, 0.00, 0.00, 0.00], algo:5.0, flag :0
06-22 22:34:53.593 W/UserAwareMgr( 4244): event can not be released, id: 1010, count: 164, releasePid: 4244
06-22 22:34:53.623 I/APS_ALOG( 3881): flushRoutine g_immediateFlush=0 g_pendingCount=0 g_oobCount=0
06-22 22:34:53.695 V/AlarmManager( 4244): sending alarm Alarm{842957a type 3 origWhen 2230453000 whenElapsed 2230453000 android} uid 1000 whenElapsed 2230453000 windowLength 0 maxWhenElapsed 2230453000 repeatInterval 0 action null component null tag StatsCompanionService.periodic flags 0x9 procName system_server
06-22 22:34:53.698 I/statsd  ( 2360): Fate decided that an alarm will trigger subscribers.
06-22 22:34:53.699 E/midasd  ( 7696): Gpu the power model error, power model freq size 17, opp_logs freq size 18
06-22 22:34:53.699 I/OplusObrain(16944): OplusObrainClientInvoke.nativeGetTelephonyInfo
06-22 22:34:53.701 I/OplusObrain(16944): OplusObrainClientInvoke.nativeGetTrafficTypeInfoForNetworkType networkType 0
06-22 22:34:53.701 D/KernelStatsHelper( 4244): getKernelStats start!
06-22 22:34:53.702 E/android.hardware.power.stats-impl.oplus( 2578): HandleFactory::read open charger_input_current_now(/proc/charger/input_current_now) failed! fd: -1 errno: 2
06-22 22:34:53.702 W/android.hardware.power.stats-impl.oplus( 2578): PruneException: Unknown binder exception (2) pruned into EX_TRANSACTION_FAILED
06-22 22:34:53.702 W/midasd  ( 7696): handleFactory read failed.
06-22 22:34:53.704 D/OplusNetlinkSocket( 4244): handleNetlinkRecvKernelMessage:nlmsghdr:StructNlMsgHdr{ nlmsg_len{3004}, nlmsg_type{42()}, nlmsg_flags{0()}, nlmsg_seq{0}, nlmsg_pid{278140519} }
06-22 22:34:53.704 D/KernelStatsHelper( 4244): get magic :[-1, -1, -1, 77, 65, 71, 73, 67]
06-22 22:34:53.704 D/KernelStatsHelper( 4244): magic matched count:1106 data_len:57512
06-22 22:34:53.704 D/OplusNetlinkSocket( 4244): handleNetlinkRecvKernelMessage:nlmsghdr:StructNlMsgHdr{ nlmsg_len{2988}, nlmsg_type{42()}, nlmsg_flags{0()}, nlmsg_seq{0}, nlmsg_pid{278140519} }
06-22 22:34:53.704 D/OplusNetlinkSocket( 4244): handleNetlinkRecvKernelMessage:nlmsghdr:StructNlMsgHdr{ nlmsg_len{2988}, nlmsg_type{42()}, nlmsg_flags{0()}, nlmsg_seq{0}, nlmsg_pid{278140519} }
06-22 22:34:53.704 D/OplusNetlinkSocket( 4244): handleNetlinkRecvKernelMessage:nlmsghdr:StructNlMsgHdr{ nlmsg_len{2988}, nlmsg_type{42()}, nlmsg_flags{0()}, nlmsg_seq{0}, nlmsg_pid{278140519} }
06-22 22:34:53.704 D/OplusNetlinkSocket( 4244): handleNetlinkRecvKernelMessage:nlmsghdr:StructNlMsgHdr{ nlmsg_len{2988}, nlmsg_type{42()}, nlmsg_flags{0()}, nlmsg_seq{0}, nlmsg_pid{278140519} }
06-22 22:34:53.704 D/OplusNetlinkSocket( 4244): handleNetlinkRecvKernelMessage:nlmsghdr:StructNlMsgHdr{ nlmsg_len{2988}, nlmsg_type{42()}, nlmsg_flags{0()}, nlmsg_seq{0}, nlmsg_pid{278140519} }
06-22 22:34:53.704 D/OplusNetlinkSocket( 4244): handleNetlinkRecvKernelMessage:nlmsghdr:StructNlMsgHdr{ nlmsg_len{2988}, nlmsg_type{42()}, nlmsg_flags{0()}, nlmsg_seq{0}, nlmsg_pid{278140519} }
06-22 22:34:53.704 D/OplusNetlinkSocket( 4244): handleNetlinkRecvKernelMessage:nlmsghdr:StructNlMsgHdr{ nlmsg_len{2988}, nlmsg_type{42()}, nlmsg_flags{0()}, nlmsg_seq{0}, nlmsg_pid{278140519} }
06-22 22:34:53.704 D/OplusNetlinkSocket( 4244): handleNetlinkRecvKernelMessage:nlmsghdr:StructNlMsgHdr{ nlmsg_len{2988}, nlmsg_type{42()}, nlmsg_flags{0()}, nlmsg_seq{0}, nlmsg_pid{278140519} }
06-22 22:34:53.704 D/OplusNetlinkSocket( 4244): handleNetlinkRecvKernelMessage:nlmsghdr:StructNlMsgHdr{ nlmsg_len{2988}, nlmsg_type{42()}, nlmsg_flags{0()}, nlmsg_seq{0}, nlmsg_pid{278140519} }
06-22 22:34:53.704 D/OplusNetlinkSocket( 4244): handleNetlinkRecvKernelMessage:nlmsghdr:StructNlMsgHdr{ nlmsg_len{2988}, nlmsg_type{42()}, nlmsg_flags{0()}, nlmsg_seq{0}, nlmsg_pid{278140519} }
06-22 22:34:53.704 D/OplusNetlinkSocket( 4244): handleNetlinkRecvKernelMessage:nlmsghdr:StructNlMsgHdr{ nlmsg_len{2988}, nlmsg_type{42()}, nlmsg_flags{0()}, nlmsg_seq{0}, nlmsg_pid{278140519} }
06-22 22:34:53.704 D/OplusNetlinkSocket( 4244): handleNetlinkRecvKernelMessage:nlmsghdr:StructNlMsgHdr{ nlmsg_len{2988}, nlmsg_type{42()}, nlmsg_flags{0()}, nlmsg_seq{0}, nlmsg_pid{278140519} }
06-22 22:34:53.705 D/OplusNetlinkSocket( 4244): handleNetlinkRecvKernelMessage:nlmsghdr:StructNlMsgHdr{ nlmsg_len{2988}, nlmsg_type{42()}, nlmsg_flags{0()}, nlmsg_seq{0}, nlmsg_pid{278140519} }
06-22 22:34:53.705 D/OplusNetlinkSocket( 4244): handleNetlinkRecvKernelMessage:nlmsghdr:StructNlMsgHdr{ nlmsg_len{2988}, nlmsg_type{42()}, nlmsg_flags{0()}, nlmsg_seq{0}, nlmsg_pid{278140519} }
06-22 22:34:53.705 D/OplusNetlinkSocket( 4244): handleNetlinkRecvKernelMessage:nlmsghdr:StructNlMsgHdr{ nlmsg_len{2988}, nlmsg_type{42()}, nlmsg_flags{0()}, nlmsg_seq{0}, nlmsg_pid{278140519} }
06-22 22:34:53.705 D/OplusNetlinkSocket( 4244): handleNetlinkRecvKernelMessage:nlmsghdr:StructNlMsgHdr{ nlmsg_len{2988}, nlmsg_type{42()}, nlmsg_flags{0()}, nlmsg_seq{0}, nlmsg_pid{278140519} }
06-22 22:34:53.705 D/OplusNetlinkSocket( 4244): handleNetlinkRecvKernelMessage:nlmsghdr:StructNlMsgHdr{ nlmsg_len{2988}, nlmsg_type{42()}, nlmsg_flags{0()}, nlmsg_seq{0}, nlmsg_pid{278140519} }
06-22 22:34:53.705 D/OplusNetlinkSocket( 4244): handleNetlinkRecvKernelMessage:nlmsghdr:StructNlMsgHdr{ nlmsg_len{2988}, nlmsg_type{42()}, nlmsg_flags{0()}, nlmsg_seq{0}, nlmsg_pid{278140519} }
06-22 22:34:53.705 D/OplusNetlinkSocket( 4244): handleNetlinkRecvKernelMessage:nlmsghdr:StructNlMsgHdr{ nlmsg_len{1220}, nlmsg_type{42()}, nlmsg_flags{0()}, nlmsg_seq{0}, nlmsg_pid{278140519} }
06-22 22:34:53.705 D/KernelStatsHelper( 4244): data over! check: true
06-22 22:34:53.714 W/UserAwareMgr( 4244): event can not be released, id: 1010, count: 164, releasePid: 4244
06-22 22:34:53.808 I/sensors-hal( 2513): handle_oplus_wise_rgb_event:191, wise_rgb: (r, g, b, c)[325.00, 367.00, 156.00, 308.00],(r2,g2,b2,c2)[[0.00, 0.00, 0.00, 0.00], algo:5.0, flag :0
06-22 22:34:53.808 I/sensors-hal( 2513): handle_oplus_wise_rgb_event:217, high_pwm_light:lux 50.2,cct 4056.2,brl/algo/ir 1348.0/5.0/0.0,pwm/dc 0.0/0.0,rgbc 325.000000/367.000000/156.000000/308.000000,ts 2230453084273148,cnt 36295,flag 0
06-22 22:34:53.808 D/FusionLightNextGen( 4244): process end reported = 1, mode: 0, cnt: 182485, lux 50.8, cct -1.0, r/g/b/c: 325.0/367.0/156.0/308.0, R/G/B: -1.0/-1.0/-1.0, bri 1348.0, match 0.00, ir 0.125050, conf 0.0, ts 2230453084273148
06-22 22:34:53.913 D/vendor.oplus.hardware.charger-V11-service( 2611): ret_value:161, read content:,351,344,4384,4384,-1435,89,91,1,9,0,1987,4622,91,1,4510,4400,2000,0,6,-22,6,0,1,0,2,0,0,0,1,7086,100,4225,6069,6884,712,0,0,0,0,0,0,88.16,91,90.74,87.37,88.43,
06-22 22:34:53.914 D/vendor.oplus.hardware.charger-V11-service( 2611): gmtime: 2026-06-22-22-34-53
06-22 22:34:53.914 D/vendor.oplus.hardware.charger-V11-service( 2611): usb_online:1, ac_online:-2147483648, wireless_online:0
06-22 22:34:53.948 W/UserAwareMgr( 4244): event can not be released, id: 1010, count: 164, releasePid: 4244
06-22 22:34:54.029 W/OPLUS_LOG_LOAD( 4244): ==LOGS PROG INFO, prog(system_server) ==
06-22 22:34:54.029 I/AppWidgetServiceImpl( 4244): scheduleNotifyUpdateAppWidgetLocked, widget is not ready, widget: AppWidgetId{3:Host{HostId{user:0, app:10157, hostId:1024, pkg:com.android.launcher}}:Provider{ProviderId{user:0, app:10107, cmp:ComponentInfo{com.heytap.quicksearchbox/com.heytap.quicksearchbox.ui.appwidgets.DesktopSearchWidgetProvider}}}}widget.provider: Provider{ProviderId{user:0, app:10107, cmp:ComponentInfo{com.heytap.quicksearchbox/com.heytap.quicksearchbox.ui.appwidgets.DesktopSearchWidgetProvider}}}, widget.provider.zombie: false, widget.host.callbacks: null, widget.host.zombie: false
06-22 22:34:54.058 W/QosScheduler( 4244): executeSceneQosStrategy failed! qos feature no enable
06-22 22:34:54.086 D/CommonApp-1115-10466( 6875): transport layer data is invalid
06-22 22:34:54.086 D/CommonApp-1115-10406( 6875): transport layer data is invalid
06-22 22:34:54.119 I/sensors-hal( 2513): handle_oplus_wise_rgb_event:191, wise_rgb: (r, g, b, c)[329.00, 347.00, 158.00, 309.00],(r2,g2,b2,c2)[[0.00, 0.00, 0.00, 0.00], algo:5.0, flag :0
06-22 22:34:54.153 D/BatteryChargeControl( 2611): bcc get no support from charging protocol
06-22 22:34:54.154 D/PowerManagerService( 4244): userActivityNoUpdateLocked: groupId=0, eventTime=1537652767, event=accessibility, flags=0x0, uid=1000
06-22 22:34:54.154 D/ActivityTaskManager( 4244): NFW_setLastResumedActivityUncheckLocked:false r:ActivityRecord{141264397 u0 com.dlxx.mam.Internal/com.tencent.wework.common.web.JsWebActivity t4282} currentFocus:Window{22c888c u0 com.dlxx.mam.Internal/com.tencent.wework.common.web.JsWebActivity}
06-22 22:34:54.154 D/ExamAccessibility(16916): Q12 toggle clicked: sel=B → 错误 (skip=1)
06-22 22:34:54.159 W/UserAwareMgr( 4244): event can not be released, id: 1010, count: 164, releasePid: 4244
06-22 22:34:54.191 W/.quicksearchbox(12373): Reducing the number of considered missed Gc histogram windows from 353 to 100
06-22 22:34:54.250 D/sgccSocket(14091): [<#-#>483698660544<#-#>] 2026-06-22 22:34:54 [=sslConnPoolThread=]get condition!,pool size = 5,producer working
06-22 22:34:54.251 D/sgccSocket(14091): [<#-#>486513390784<#-#>] 2026-06-22 22:34:54 ProcessClientRead ret:1720, appfd:894, clientMode:0, http_body_exceed_max:0
06-22 22:34:54.251 I/sgccSocket(14091): [<#-#>486513390784<#-#>] 2026-06-22 22:34:54 Processing server[proxy appfd 894] write: 1730,sslerr: 0
06-22 22:34:54.251 D/sgccSocket(14091): [<#-#>486513390784<#-#>] 2026-06-22 22:34:54 ProcessClientRead ret:96, appfd:894, clientMode:0, http_body_exceed_max:0
06-22 22:34:54.251 I/sgccSocket(14091): [<#-#>486513390784<#-#>] 2026-06-22 22:34:54 Processing server[proxy appfd 894] write: 106,sslerr: 0
06-22 22:34:54.251 D/sgccSocket(14091): [<#-#>483698660544<#-#>] 2026-06-22 22:34:54 [=sslConnPoolThread=]get condition!,pool size = 5,producer working
06-22 22:34:54.334 I/touch-afe ( 2602): 0| [writeLog] afe_dev_parse_data:code=fe, ignore...
06-22 22:34:54.347 I/touch-main( 2602): 0| [report] first touch point id 0 :Down[3175 42331    6    0    0    0    0][reportMode:normalMode]
06-22 22:34:54.347 D/PowerManagerService( 4244): userActivityNoUpdateLocked: groupId=0, eventTime=1537652959, event=other, flags=0x0, uid=1000
06-22 22:34:54.350 I/DynamicFramerate [AnimationSpeedAware](14091): onEventHandled: info: InputEventInfo: mX = 0, mY = 0, mAction = 0, mVsyncTime = 1537652964, mIsMoving = true, mUpdated = true
06-22 22:34:54.351 I/[UAH_CLIENT]( 4244): UahEventAcquire, cmdid:37, pkg:none, identity:OplusUAwareInputHelper
06-22 22:34:54.351 D/GestureLog_OplusMultiPointerDetector( 4244): onTouchEvent------>start, mCurNumPointers=1, mCurrStatus=0 mIsDownIntervalTimeout=true, action=0 downTime=1537652959 deviceId=5
06-22 22:34:54.351 V/AutofillManager(14091): requestHideFillUi(null): anchor = null
06-22 22:34:54.351 D/PowerManagerService( 4244): userActivityNoUpdateLocked: groupId=0, eventTime=1537652959, event=touch, flags=0x0, uid=1000
06-22 22:34:54.352 D/PowerManagerService( 4244): userActivityNoUpdateLocked: groupId=0, eventTime=1537652959, event=touch, flags=0x0, uid=1000
06-22 22:34:54.354 D/PowerManagerService( 4244): userActivityNoUpdateLocked: groupId=0, eventTime=1537652966, event=other, flags=0x0, uid=1000
06-22 22:34:54.362 D/PowerManagerService( 4244): userActivityNoUpdateLocked: groupId=0, eventTime=1537652974, event=other, flags=0x0, uid=1000
06-22 22:34:54.370 D/ScorerUtils( 4244): isLowTraffic: txTputKBps=0, rxTputKBps=0
06-22 22:34:54.370 D/PowerManagerService( 4244): userActivityNoUpdateLocked: groupId=0, eventTime=1537652982, event=other, flags=0x0, uid=1000
06-22 22:34:54.371 I/[UAH_CLIENT]( 4244): UahEventAcquire, cmdid:68, pkg:none, identity:OplusUAwareInputHelper
06-22 22:34:54.372 W/QosScheduler( 4244): executeSceneQosStrategy failed! qos feature no enable
06-22 22:34:54.372 D/VendorWifiService( 6875): onEvent event:9,action:1
06-22 22:34:54.373 E/PERFHAL-BOOSTCONFIG( 2537): PERFHAL-BOOSTCONFIG: GetBoostConfig() 1872: Not able to fetch object
06-22 22:34:54.373 E/PERFHAL-BOOSTCONFIG( 2537): PERFHAL-BOOSTCONFIG: GetBoostConfig() 1872: Not able to fetch object
06-22 22:34:54.378 D/PowerManagerService( 4244): userActivityNoUpdateLocked: groupId=0, eventTime=1537652990, event=other, flags=0x0, uid=1000
06-22 22:34:54.386 D/PowerManagerService( 4244): userActivityNoUpdateLocked: groupId=0, eventTime=1537652998, event=other, flags=0x0, uid=1000
06-22 22:34:54.390 I/DynamicFramerate [AnimationSpeedAware](14091): syncInfoTogether: from STATE_IDLE to STATE_SCROLL_ANIMATION
06-22 22:34:54.390 I/DynamicFramerate [DynamicFrameRateManagerImpl](14091): setFrameRateInternalForView: TIMING_DO_FRAME_FINISH FrameRateControlUnit: { mTargetFrameRate = 90, mPreviewFrameRate = 0, mControlInfo = 0, mViewRoot = android.view.ViewRootImpl@8cf7359, mTakeEffectType = 10001, mPreviousControlInfo = 0, mIsActive = true, mIsMoving = true, mEnableEndLowRate = false, mIsInGameAnim = false, mIsWidespreadAnim = false, mIsLauncherAnim = false mUnitFrameRate = 90 } 
06-22 22:34:54.390 W/DynamicFramerate [DynamicFrameRateManagerImpl](14091): FrameRateControlUnit.apply: TIMING_DO_FRAME_FINISH applyAsyncUnsafe after doFrame
06-22 22:34:54.391 D/VRR [RefreshRateDirector]( 2762): requestRefreshRate insert [ version-3-object-animation_370251, 90 ]
06-22 22:34:54.391 D/VRR [RefreshRateDirector]( 2762): updateBestFrameRate [version-3-object-animation_370251, {fps=90, modePtr={id=2, vsyncRate=90.00 Hz, peakRefreshRate=90.00 Hz}}]
06-22 22:34:54.392 D/SurfaceFlinger( 2762): VRR [SurfaceFlinger] setDesiredActiveMode: displayId: 4630947090715748499, renderRate: 90, vsyncRate: 90, event: 0
06-22 22:34:54.392 D/DisplayModeController( 2762): setDesiredMode 4630947090715748499 {mode={fps=90.00 Hz, modePtr={id=2, vsyncRate=90.00 Hz, peakRefreshRate=90.00 Hz}}, emitEvent=false, force=false}
06-22 22:34:54.394 D/PowerManagerService( 4244): userActivityNoUpdateLocked: groupId=0, eventTime=1537653006, event=other, flags=0x0, uid=1000
06-22 22:34:54.401 D/PowerManagerService( 4244): userActivityNoUpdateLocked: groupId=0, eventTime=1537653014, event=other, flags=0x0, uid=1000
06-22 22:34:54.409 D/PowerManagerService( 4244): userActivityNoUpdateLocked: groupId=0, eventTime=1537653021, event=other, flags=0x0, uid=1000
06-22 22:34:54.417 D/PowerManagerService( 4244): userActivityNoUpdateLocked: groupId=0, eventTime=1537653029, event=other, flags=0x0, uid=1000
06-22 22:34:54.425 I/touch-main( 2602): 0| [report] all touch up, reportMode:0
06-22 22:34:54.425 D/PowerManagerService( 4244): userActivityNoUpdateLocked: groupId=0, eventTime=1537653037, event=other, flags=0x0, uid=1000
06-22 22:34:54.426 W/UserAwareMgr( 4244): event can not be released, id: 1010, count: 164, releasePid: 4244
06-22 22:34:54.427 I/DynamicFramerate [AnimationSpeedAware](14091): onEventHandled: info: InputEventInfo: mX = 0, mY = 0, mAction = 1, mVsyncTime = 1537653040, mIsMoving = false, mUpdated = true
06-22 22:34:54.427 D/UAH-UahAdaptHelper( 4244): adaptSetNotification identity = OplusUAwareInputHelpersrc = 1000 , type 1 ,p1 = -1 ,p2 = -1 ,p3 = -1 ,p4 =
06-22 22:34:54.427 I/[UAH_CLIENT]( 4244): uahRuleCtl, ruleId:1000, status:1
06-22 22:34:54.427 I/[UAH_CLIENT]( 4244): UahRelease, handle:618533
06-22 22:34:54.427 I/[UAH_CLIENT]( 4244): UahEventAcquire, cmdid:6, pkg:none, identity:OplusUAwareInputHelper
06-22 22:34:54.427 D/OplusViewDragTouchViewHelper(14091): dispatchTouchView action = 1
06-22 22:34:54.427 D/ViewRootImplExtImpl(14091): the up motion event handled by client, just return
06-22 22:34:54.429 E/PERFHAL-BOOSTCONFIG( 2537): PERFHAL-BOOSTCONFIG: GetBoostConfig() 1872: Not able to fetch object
06-22 22:34:54.430 I/sensors-hal( 2513): handle_oplus_wise_rgb_event:191, wise_rgb: (r, g, b, c)[316.00, 361.00, 150.00, 299.00],(r2,g2,b2,c2)[[0.00, 0.00, 0.00, 0.00], algo:5.0, flag :0
06-22 22:34:54.435 I/DynamicFramerate [AnimationSpeedAware](14091): syncInfoTogether: from STATE_SCROLL_ANIMATION to STATE_IDLE
06-22 22:34:54.435 I/DynamicFramerate [DynamicFrameRateManagerImpl](14091): setFrameRateInternalForView: TIMING_DO_FRAME_FINISH FrameRateControlUnit: { mTargetFrameRate = 0, mPreviewFrameRate = 90, mControlInfo = 0, mViewRoot = android.view.ViewRootImpl@8cf7359, mTakeEffectType = 10001, mPreviousControlInfo = 0, mIsActive = false, mIsMoving = false, mEnableEndLowRate = false, mIsInGameAnim = false, mIsWidespreadAnim = false, mIsLauncherAnim = false mUnitFrameRate = 0 } 
06-22 22:34:54.435 W/DynamicFramerate [DynamicFrameRateManagerImpl](14091): FrameRateControlUnit.apply: TIMING_DO_FRAME_FINISH applyAsyncUnsafe after doFrame
06-22 22:34:54.435 D/VRR [RefreshRateDirector]( 2762): requestRefreshRate delete [ version-3-object-animation_370251, 0 ]
06-22 22:34:54.436 D/VRR [RefreshRateDirector]( 2762): updateBestFrameRate [oti-hw, {fps=90, modePtr={id=2, vsyncRate=90.00 Hz, peakRefreshRate=90.00 Hz}}]
06-22 22:34:54.437 D/SurfaceFlinger( 2762): VRR [SurfaceFlinger] setDesiredActiveMode: displayId: 4630947090715748499, renderRate: 90, vsyncRate: 90, event: 0
06-22 22:34:54.437 D/DisplayModeController( 2762): setDesiredMode 4630947090715748499 {mode={fps=90.00 Hz, modePtr={id=2, vsyncRate=90.00 Hz, peakRefreshRate=90.00 Hz}}, emitEvent=false, force=false}
06-22 22:34:54.565 D/sgccSocket(14091): [<#-#>483698660544<#-#>] 2026-06-22 22:34:54 [=sslConnPoolThread=]get condition!,pool size = 5,producer working
06-22 22:34:54.566 D/sgccSocket(14091): [<#-#>486513390784<#-#>] 2026-06-22 22:34:54 Processing server[proxy appfd 894] read: 771,time=0,sslerr:0
06-22 22:34:54.566 D/sgccSocket(14091): [<#-#>486513390784<#-#>] 2026-06-22 22:34:54 ProcessServerPacket recv:761
06-22 22:34:54.566 D/sgccSocket(14091): [<#-#>483698660544<#-#>] 2026-06-22 22:34:54 [=sslConnPoolThread=]get condition!,pool size = 5,producer working
06-22 22:34:54.566 D/sgccSocket(14091): [<#-#>486513390784<#-#>] 2026-06-22 22:34:54 Processing client write:761, appfd:894
06-22 22:34:54.582 W/UserAwareMgr( 4244): event can not be released, id: 1010, count: 164, releasePid: 4244
06-22 22:34:54.680 W/UserAwareMgr( 4244): event can not be released, id: 1010, count: 164, releasePid: 4244
06-22 22:34:54.741 I/sensors-hal( 2513): handle_oplus_wise_rgb_event:191, wise_rgb: (r, g, b, c)[334.00, 362.00, 150.00, 315.00],(r2,g2,b2,c2)[[0.00, 0.00, 0.00, 0.00], algo:5.0, flag :0
06-22 22:34:54.742 W/UserAwareMgr( 4244): event can not be released, id: 1010, count: 164, releasePid: 4244
06-22 22:34:54.803 W/UserAwareMgr( 4244): event can not be released, id: 1010, count: 164, releasePid: 4244
06-22 22:34:54.884 D/osense.compress( 4244): com.coloros.shortcuts do shrink, target ratio = 42, final ratio = 100, cur ratio = 0
06-22 22:34:54.913 W/UserAwareMgr( 4244): event can not be released, id: 1010, count: 164, releasePid: 4244
06-22 22:34:54.936 D/BroadcastCompat( 2192): Unregister receiver:com.oplus.dataprovider.server.F$b@c92925a
06-22 22:34:54.937 D/BroadcastCompat( 2192): Unregister receiver:com.oplus.dataprovider.server.A$a@90ca244
06-22 22:34:54.938 D/BroadcastCompat( 2192): Unregister receiver:com.oplus.dataprovider.server.c2$a@9cbf5dc
06-22 22:34:54.939 I/LocationFreezeProc( 4244): IOplusHansManager.updateGnssStatus: 1000/com.oplus.onetrace, state: 2, Object: android.os.BinderProxy@da30bb2, reason: removeGnssStatusCallback
06-22 22:34:54.939 D/BroadcastCompat( 2192): Unregister receiver:com.oplus.dataprovider.server.v$a@71093c8
06-22 22:34:54.939 V/GnssListenerMultiplexer( 4244): removeListener android.location.IGnssStatusListener$Stub$Proxy@bc5e159
06-22 22:34:54.939 D/BroadcastCompat( 2192): Unregister receiver:com.oplus.dataprovider.server.h1$a@aeb8447
06-22 22:34:54.940 I/OplusAppSwitchManagerService( 4244): appswitch unregisterAppSwitchObserver pkgName = com.oplus.onetrace_114881518 config = OplusAppSwitchConfig = {  observerFingerPrint = 196306523}
06-22 22:34:54.940 I/OplusAppSwitchStateDispatcher( 4244): unregisterAppSwitchObserver ok, pkgName = com.oplus.onetrace info = OplusAppSwitchRuleInfo = {  observer = null observerFingerPrint = 196306523}
06-22 22:34:54.940 D/OplusWifiManager( 2192): unknown external callback 10693043
06-22 22:34:54.940 D/BroadcastCompat( 2192): Unregister receiver:com.oplus.dataprovider.server.l$a@6755a36
06-22 22:34:54.941 D/ClientMessengerHelper(16944): Succeed unregister client: com.oplus.onetrace
06-22 22:34:54.942 D/ClientMessengerHelper(16944): clear all clients
06-22 22:34:54.942 W/Battery ( 7153): ThermalTraceService: unregister callback android.os.BinderProxy@64c765c
06-22 22:34:54.942 D/AbnormalEventDispatchService(16944): Destroy and clear clients
06-22 22:34:54.943 D/BroadcastCompat( 2192): Unregister receiver:com.oplus.dataprovider.server.o1$b@3b7bbc5
06-22 22:34:54.943 W/Battery ( 7153): ThermalTraceService: onDestroy
06-22 22:34:54.947 D/TerminateObserverManager( 4244): unregisterTerminateObserver: com.oplus.app.IProcessTerminateObserver$Stub$Proxy@de70dff 2192
06-22 22:34:54.947 E/OplusAthenaAm( 4244): onTerminateStateChanged pid: 2192 uid:1000 isRegister:false
06-22 22:34:54.947 E/OplusAthenaAm( 4244): AthenaAmManagerInternal transact code hello:13,flags:0
06-22 22:34:54.948 I/StatsManagerService( 2192): Unregister terminate observer, result=true
06-22 22:34:54.948 D/BroadcastCompat( 2192): Unregister receiver:s0.j@467887
06-22 22:34:54.948 I/PendingBootExecutor( 2192): Stop boot complete broadcast receiver.
06-22 22:34:54.948 I/StatsActionExecutor( 2192): Save all running jobs with size=0
06-22 22:34:54.949 I/.oplus.onetrace( 2192): HeapTask is not gc_task
06-22 22:34:54.949 D/ActivityManager( 4244): Async freezing 2192 com.oplus.onetrace
06-22 22:34:54.962 W/UserAwareMgr( 4244): event can not be released, id: 1010, count: 164, releasePid: 4244
06-22 22:34:55.038 I/OplusHansManager ( 4244): uid=10490, pkg=com.examhelper.app cannot transition from R to M, importance=floatWindow
06-22 22:34:55.052 I/sensors-hal( 2513): handle_oplus_wise_rgb_event:191, wise_rgb: (r, g, b, c)[337.00, 354.00, 150.00, 319.00],(r2,g2,b2,c2)[[0.00, 0.00, 0.00, 0.00], algo:5.0, flag :0
06-22 22:34:55.111 D/CommonApp-1115-10466( 6875): transport layer data is invalid
06-22 22:34:55.111 D/CommonApp-1115-10406( 6875): commonScoreStrategy scenarios low package
06-22 22:34:55.124 W/UserAwareMgr( 4244): event can not be released, id: 1010, count: 164, releasePid: 4244
06-22 22:34:55.153 D/BatteryChargeControl( 2611): bcc get no support from charging protocol
06-22 22:34:55.247 W/UserAwareMgr( 4244): event can not be released, id: 1010, count: 164, releasePid: 4244
06-22 22:34:55.335 W/UserAwareMgr( 4244): event can not be released, id: 1010, count: 164, releasePid: 4244
06-22 22:34:55.363 I/sensors-hal( 2513): handle_oplus_wise_rgb_event:191, wise_rgb: (r, g, b, c)[326.00, 367.00, 155.00, 306.00],(r2,g2,b2,c2)[[0.00, 0.00, 0.00, 0.00], algo:5.0, flag :0
06-22 22:34:55.363 D/FusionLightNextGen( 4244): process end reported = 1, mode: 0, cnt: 182490, lux 50.0, cct -1.0, r/g/b/c: 326.0/367.0/155.0/306.0, R/G/B: -1.0/-1.0/-1.0, bri 1348.0, match 0.00, ir 0.118696, conf 0.0, ts 2230454639135544
06-22 22:34:55.430 W/QosScheduler( 4244): executeSceneQosStrategy failed! qos feature no enable
06-22 22:34:55.511 I/OGuardManager_ModuleUsageUpdateHelper( 4244): UsingResourceUids:{1000, 1073, 10089, 10095, 10103, 10121, 10140, 10143, 10158, 10227, 10255, 10292, 10294, 10390, 10393, 10406, 10434}, notUsingUids:[10100, 10101, 10107, 10132, 10135, 10157, 10174, 10210, 10215, 10222, 10264, 10327, 10349, 10456, 10490]
06-22 22:34:55.511 I/OGuardManager_AppUsagePowerMonitor( 4244): runAppUsageMonitor, last and new map is null.
06-22 22:34:55.609 I/SystemUi--NavBar( 5948): OplusNavigationHandle-->onBurnInPreventTrigger currentTransitionY = -3.0  mCurrentBurnInMove = -2.0 view = com.oplus.systemui.navigationbar.gesture.sidegesture.OplusNavigationHandle{b544df5 V.ED..CL. ........ 0,0-480,176 #7f0a0602 app:id/home_handle alpha=1.0 viewInfo = }
06-22 22:34:55.609 I/SystemUi--Statusbar( 5948): PrivacyDotViewController-->scheduleUpdate: 
06-22 22:34:55.674 I/sensors-hal( 2513): handle_oplus_wise_rgb_event:191, wise_rgb: (r, g, b, c)[331.00, 366.00, 156.00, 311.00],(r2,g2,b2,c2)[[0.00, 0.00, 0.00, 0.00], algo:5.0, flag :0
06-22 22:34:55.710 I/SystemUi--Statusbar( 5948): PrivacyDotViewController-->processNextViewState: 
06-22 22:34:55.710 I/SystemUi--Statusbar( 5948): PrivacyDotViewController-->resolveState ViewState(viewInitialized=true, systemPrivacyEventIsActive=false, shadeExpanded=false, needShow=true, portraitRect=Rect(0, 0 - 1440, 160), landscapeRect=Rect(160, 0 - 3168, 160), upsideDownRect=Rect(0, 0 - 1440, 160), seascapeRect=Rect(0, 0 - 2992, 160), layoutRtl=false, rotation=0, paddingTop=21, paddingBottom=18, cornerIndex=-1, corner=TopRight, designatedCorner=android.widget.FrameLayout{6e07644 I.E...... .......D 1369,0-1440,160 #7f0a0ad0 app:id/privacy_dot_top_right_container alpha=0.0 viewInfo = }, contentDescription=有多个应用正在使用您的相机。, dotMargin=72)
06-22 22:34:55.783 D/ExamAccessibility(16916): Q13 options=[A.工作负责人向工作票签发人, B.工作许可人向运维负责人, C.工作负责人向工作许可人, D.工作许可人向工作票签发人]
06-22 22:34:55.783 D/ExamAccessibility(16916): Q13 clicking sel=A node=A.工作负责人向工作票签发人
06-22 22:34:55.796 I/touch-main( 2602): N| [readTemper] read temperature 35536
06-22 22:34:55.824 W/UserAwareMgr( 4244): event can not be released, id: 1010, count: 164, releasePid: 4244
06-22 22:34:55.827 D/VRR [OTI]( 2762): handleIdle from 0 to 1
06-22 22:34:55.827 D/VRR [RefreshRateDirector]( 2762): requestRefreshRateByOti update [ oti-hw, {fps=60, modePtr={id=1, vsyncRate=60.00 Hz, peakRefreshRate=60.00 Hz}} ]
06-22 22:34:55.827 D/VRR [RefreshRateDirector]( 2762): updateBestFrameRate [oti-hw, {fps=60, modePtr={id=1, vsyncRate=60.00 Hz, peakRefreshRate=60.00 Hz}}]
06-22 22:34:55.827 D/SurfaceFlinger( 2762): VRR [SurfaceFlinger] setDesiredActiveMode: displayId: 4630947090715748499, renderRate: 60, vsyncRate: 60, event: 0
06-22 22:34:55.827 D/DisplayModeController( 2762): setDesiredMode 4630947090715748499 {mode={fps=60.00 Hz, modePtr={id=1, vsyncRate=60.00 Hz, peakRefreshRate=60.00 Hz}}, emitEvent=false, force=false}
06-22 22:34:55.828 D/ShellSubscriberWorkerThread(16944): the first 8 bytes empty, and RestData length > 8 
06-22 22:34:55.833 I/HWC2    ( 2762): [0] setActiveConfigWithConstraints[1]
06-22 22:34:55.833 I/SDM     ( 2534): SDMDisplayIris::SetActiveConfigToIrisWrapper: SetActiveConfigToIrisWrapper on id_: 0
06-22 22:34:55.833 W/SDM     ( 2534): SDMDisplayIris::SetActiveConfigToIrisWrapper: HWC SetActiveConfig [1], switch to [1440x3168@60]
06-22 22:34:55.834 I/SDM     ( 2534): SDMDisplayIris::SetActiveConfigToIrisWrapper: SetActiveConfigToIrisWrapper on id_: 0
06-22 22:34:55.834 W/SDM     ( 2534): SDMDisplayIris::SetActiveConfigToIrisWrapper: HWC SetActiveConfig [1], switch to [1440x3168@60]
06-22 22:34:55.834 D/oplus-adfr2minfps( 2534): calculateMinfps(0):mADFR2MINFPSEnable = 1 ifChangeVsyncPeriod 3 return mMinfps = 60
06-22 22:34:55.834 D/oplus-adfr2minfps( 2534): updateMinfps(0) = 60
06-22 22:34:55.834 W/SDM     ( 2534): HWDeviceDRM::GetSupportedBitClkRate: Requested rate not supported: 1363200000
06-22 22:34:55.834 I/SDM     ( 2534): HWDeviceDRM::UpdateMixerAttributes: Mixer WxH 1440x3168-1 for Peripheral
06-22 22:34:55.835 I/CwbService( 2534): CwbService::notifyConfigChange: display:0, config:1 size:5, sec.size():0
06-22 22:34:55.835 I/SDM     ( 2534): SDMDisplay::FinalizeDisplayConfig: HWC SetActiveConfig [1], switch to [1440x3168@60]
06-22 22:34:55.835 I/CasManager( 2534): Fps changed from 90 to 60, mDBV:1348
06-22 22:34:55.835 I/CasManager( 2534): Fps changed, not change bin, so trigger gain
06-22 22:34:55.835 I/SDM     ( 2534): CasQcPlugIn::CalDbvHeadRoom: headroom dbv_index:8 (1163, 1.288489) (1872, 1.196446) in_blk:1348 in_hroom:1021 hroom_scale:1.264472 out_hroom:1020 cur_dbv_ref_1024:0.997070 cur_dbv_reduce_value:0.003705
06-22 22:34:55.835 I/SDM     ( 2534): CasQcPlugIn::ProcessPerCompGainDeburnIn: old: 0 0 16 16 16 16 16 16 |  0 0 16 16 16 16 16 16 |  0 0 16 16 16 28 55 101 | 
06-22 22:34:55.835 I/SDM     ( 2534): CasQcPlugIn::ProcessPerCompGainDeburnIn: new: 0 0 29 39 28 22 20 20 |  0 0  9 24 26 24 23 22 |  0 0  9 15 19 34 71 138 | 
06-22 22:34:55.835 I/SDM     ( 2534): HWPeripheralDRM::SetPanelFeature: Set Panel feature property 20
06-22 22:34:55.835 I/SDM     ( 2534): HWPeripheralDRM::SetPanelFeature: Set Panel feature property 7
06-22 22:34:55.835 I/SDM     ( 2534): DisplayBuiltIn::TriggerDemuraOemPlugIn: Trigger demura oem plugin success
06-22 22:34:55.836 I/SDM     ( 2534): ScalarConfig::GetDnscConfigInfo: pcmn_data.phase_init_h: 0, pcmn_data.phase_step_h: 4194304
06-22 22:34:55.836 D/SDM     ( 2534): DisplayBuiltIn::setAdfr2minfpsQsyncMode: adfr2minfps + qsync minfps change to: 8388796 008000BC
06-22 22:34:55.837 E/SDM     ( 2534): DRMConnector::Perform: Connector 70: Setting Qsync min fps 8388796
06-22 22:34:55.837 I/SDM     ( 2534): DRMPanelFeatureMgr::ApplyDirtyFeature: Commited panel feature [enabled]: 21-276
06-22 22:34:55.837 I/SDM     ( 2534): DRMPanelFeatureMgr::ApplyDirtyFeature: Commited panel feature [enabled]: 8-275
06-22 22:34:55.837 D/SDM     ( 2534): HWDeviceDRM::SetupAtomic: APUIR: m_isswitchfps 2
06-22 22:34:55.842 I/SystemUi--Statusbar( 5948): OplusNetworkSpeedControllExImpl-->updateNetworkSpeed: isConnected:true,isSwitchOn:true,isSuspend:false,isPause:false
06-22 22:34:55.843 I/SystemUi--Statusbar( 5948): OplusNetworkSpeedControllExImpl-->getTotalByte: totalRxBytes:92872119270,totalTxBytes:17545736382,loopbackTxBytes:2158926443,loopbackRxBytes:2159058766 ,totalBytes:106099870443
06-22 22:34:55.846 D/SDM     ( 2534): HWDeviceDRM::SetupAtomic: APUIR: m_isswitchfps 1
06-22 22:34:55.855 I/SDM     ( 2534): DemuraTnCaptureIntfImpl::ProcessCapturePanelData: 0x2100000000af:Screen capture status = 0
06-22 22:34:55.856 I/oplus-adfr2minfps( 2534): needChangeMinfps(0) mParamFromWhich 0 isOpenHistogram(0) Enable 1(debug-0:sensor-0:panelNit-1:gray-1), NeedUpdateMinfps 1(n-0:g-0:s-0:v-1), mPanelNit 94.061325(nitId-0:grayId-0:lastfpsId-2), mPowerMode 2(1 0) mRgbInfo 0(Sum-1.000000:Max-1.000000) fodstatus(0) sensorlux(0) isDark(0)
06-22 22:34:55.856 D/SDM     ( 2534): HWDeviceDRM::SetupAtomic: APUIR: m_isswitchfps 0
06-22 22:34:55.856 D/oplus-adfr2minfps( 2534): calculateMinfps(0) mParamFromWhich 0: mMinfps = 1 mPanelNit = 94.061325
06-22 22:34:55.856 D/oplus-adfr2minfps( 2534): updateMinfps(0) = 1
06-22 22:34:55.885 D/SDM     ( 2534): DisplayBuiltIn::setAdfr2minfpsQsyncMode: adfr2minfps + qsync minfps change to: 8388737 00800081
06-22 22:34:55.885 E/SDM     ( 2534): DRMConnector::Perform: Connector 70: Setting Qsync min fps 8388737
06-22 22:34:55.886 D/skia    ( 2762): findCacheMissInfo vsync 949396784, result 0
06-22 22:34:55.886 D/skia    ( 2762): findCacheMissInfo vsync 949396799, result 0
06-22 22:34:55.893 D/VRR [OPlusRefreshRateService]( 4244): handleConfigIdChange physicalDisplayId: 4630947090715748499 configId: 1 renderPeriod: 16666667
06-22 22:34:55.894 D/VRR [OPlusGameStatusManager]( 4244): updateGameState mOSyncFeatureSwitch: false mIsGamePolicy: false
06-22 22:34:55.894 D/VRR [OPlusGameStatusManager]( 4244): updateGameAccelerationStatus pkgName: com.dlxx.mam.Internal mOSyncFeatureSwitch: false mIsGamePolicy: false mHeartStop: false mHasFlickerRisk: false mForceAcceleration: false mToastReady: false enable: false
06-22 22:34:55.894 D/VRR [OPlusExternalRefreshRateManager]( 4244): handleOtiHistSwitch false
06-22 22:34:55.894 D/VRR [OPlusSurfaceFlingerController]( 4244):  setOtiHistogramSwitch : false
06-22 22:34:55.894 D/OplusHistogram( 2762): switch config: 0
06-22 22:34:55.898 I/touch-afe ( 2602): 0| [writeLog] afe_dev_parse_data:code=fe, ignore...
06-22 22:34:55.903 I/touch-main( 2602): 0| [report] first touch point id 0 :Down[3623 36349    3    0    0    0    0][reportMode:normalMode]
06-22 22:34:55.904 D/PowerManagerService( 4244): userActivityNoUpdateLocked: groupId=0, eventTime=1537654515, event=other, flags=0x0, uid=1000
06-22 22:34:55.904 D/VRR [OTI]( 2762): handleIdle from 1 to 0
06-22 22:34:55.904 D/VRR [RefreshRateDirector]( 2762): requestRefreshRateByOti update [ oti-hw, {fps=90, modePtr={id=2, vsyncRate=90.00 Hz, peakRefreshRate=90.00 Hz}} ]
06-22 22:34:55.904 D/VRR [RefreshRateDirector]( 2762): updateBestFrameRate [oti-hw, {fps=90, modePtr={id=2, vsyncRate=90.00 Hz, peakRefreshRate=90.00 Hz}}]
06-22 22:34:55.905 D/SurfaceFlinger( 2762): VRR [SurfaceFlinger] setDesiredActiveMode: displayId: 4630947090715748499, renderRate: 90, vsyncRate: 90, event: 0
06-22 22:34:55.905 D/DisplayModeController( 2762): setDesiredMode 4630947090715748499 {mode={fps=90.00 Hz, modePtr={id=2, vsyncRate=90.00 Hz, peakRefreshRate=90.00 Hz}}, emitEvent=false, force=false}
06-22 22:34:55.905 I/DynamicFramerate [AnimationSpeedAware](14091): onEventHandled: info: InputEventInfo: mX = 0, mY = 0, mAction = 0, mVsyncTime = 1537654519, mIsMoving = true, mUpdated = true
06-22 22:34:55.905 I/[UAH_CLIENT]( 4244): UahEventAcquire, cmdid:37, pkg:none, identity:OplusUAwareInputHelper
06-22 22:34:55.905 D/PowerManagerService( 4244): userActivityNoUpdateLocked: groupId=0, eventTime=1537654515, event=touch, flags=0x0, uid=1000
06-22 22:34:55.905 D/PowerManagerService( 4244): userActivityNoUpdateLocked: groupId=0, eventTime=1537654515, event=touch, flags=0x0, uid=1000
06-22 22:34:55.905 V/AutofillManager(14091): requestHideFillUi(null): anchor = null
06-22 22:34:55.906 D/GestureLog_OplusMultiPointerDetector( 4244): onTouchEvent------>start, mCurNumPointers=1, mCurrStatus=0 mIsDownIntervalTimeout=true, action=0 downTime=1537654515 deviceId=5
06-22 22:34:55.911 D/PowerManagerService( 4244): userActivityNoUpdateLocked: groupId=0, eventTime=1537654523, event=other, flags=0x0, uid=1000
06-22 22:34:55.919 I/HWC2    ( 2762): [0] setActiveConfigWithConstraints[2]
06-22 22:34:55.919 I/SDM     ( 2534): SDMDisplayIris::SetActiveConfigToIrisWrapper: SetActiveConfigToIrisWrapper on id_: 0
06-22 22:34:55.919 W/SDM     ( 2534): SDMDisplayIris::SetActiveConfigToIrisWrapper: HWC SetActiveConfig [2], switch to [1440x3168@90]
06-22 22:34:55.922 I/SDM     ( 2534): SDMDisplayIris::SetActiveConfigToIrisWrapper: SetActiveConfigToIrisWrapper on id_: 0
06-22 22:34:55.922 W/SDM     ( 2534): SDMDisplayIris::SetActiveConfigToIrisWrapper: HWC SetActiveConfig [2], switch to [1440x3168@90]
06-22 22:34:55.922 D/oplus-adfr2minfps( 2534): calculateMinfps(0):mADFR2MINFPSEnable = 1 ifChangeVsyncPeriod 3 return mMinfps = 90
06-22 22:34:55.922 D/oplus-adfr2minfps( 2534): updateMinfps(0) = 90
06-22 22:34:55.922 W/SDM     ( 2534): HWDeviceDRM::GetSupportedBitClkRate: Requested rate not supported: 1363200000
06-22 22:34:55.923 I/SDM     ( 2534): HWDeviceDRM::UpdateMixerAttributes: Mixer WxH 1440x3168-1 for Peripheral
06-22 22:34:55.923 I/CwbService( 2534): CwbService::notifyConfigChange: display:0, config:2 size:5, sec.size():0
